Archive member included to satisfy reference by file (symbol)

../Drivers/CMSIS/Lib/GCC\libarm_cortexM7lfsp_math.a(arm_rfft_fast_init_f32.o)
                              ./Core/Src/freertos.o (arm_rfft_fast_init_f32)
../Drivers/CMSIS/Lib/GCC\libarm_cortexM7lfsp_math.a(arm_rfft_fast_f32.o)
                              ./Core/Src/freertos.o (arm_rfft_fast_f32)
../Drivers/CMSIS/Lib/GCC\libarm_cortexM7lfsp_math.a(arm_cfft_f32.o)
                              ../Drivers/CMSIS/Lib/GCC\libarm_cortexM7lfsp_math.a(arm_rfft_fast_f32.o) (arm_cfft_f32)
../Drivers/CMSIS/Lib/GCC\libarm_cortexM7lfsp_math.a(arm_common_tables.o)
                              ../Drivers/CMSIS/Lib/GCC\libarm_cortexM7lfsp_math.a(arm_rfft_fast_init_f32.o) (twiddleCoef_rfft_4096)
../Drivers/CMSIS/Lib/GCC\libarm_cortexM7lfsp_math.a(arm_bitreversal2.o)
                              ../Drivers/CMSIS/Lib/GCC\libarm_cortexM7lfsp_math.a(arm_cfft_f32.o) (arm_bitreversal_32)
../Drivers/CMSIS/Lib/GCC\libarm_cortexM7lfsp_math.a(arm_cfft_radix8_f32.o)
                              ../Drivers/CMSIS/Lib/GCC\libarm_cortexM7lfsp_math.a(arm_cfft_f32.o) (arm_radix8_butterfly_f32)
C:/ST/STM32CubeIDE_1.18.0/STM32CubeIDE/plugins/com.st.stm32cube.ide.mcu.externaltools.gnu-tools-for-stm32.13.3.rel1.win32_1.0.0.202411081344/tools/bin/../lib/gcc/arm-none-eabi/13.3.1/../../../../arm-none-eabi/lib/thumb/v7e-m+fp/hard\libc_nano.a(libc_a-exit.o)
                              C:/ST/STM32CubeIDE_1.18.0/STM32CubeIDE/plugins/com.st.stm32cube.ide.mcu.externaltools.gnu-tools-for-stm32.13.3.rel1.win32_1.0.0.202411081344/tools/bin/../lib/gcc/arm-none-eabi/13.3.1/../../../../arm-none-eabi/lib/thumb/v7e-m+fp/hard/crt0.o (exit)
C:/ST/STM32CubeIDE_1.18.0/STM32CubeIDE/plugins/com.st.stm32cube.ide.mcu.externaltools.gnu-tools-for-stm32.13.3.rel1.win32_1.0.0.202411081344/tools/bin/../lib/gcc/arm-none-eabi/13.3.1/../../../../arm-none-eabi/lib/thumb/v7e-m+fp/hard\libc_nano.a(libc_a-nano-vfprintf_float.o)
                              (_printf_float)
C:/ST/STM32CubeIDE_1.18.0/STM32CubeIDE/plugins/com.st.stm32cube.ide.mcu.externaltools.gnu-tools-for-stm32.13.3.rel1.win32_1.0.0.202411081344/tools/bin/../lib/gcc/arm-none-eabi/13.3.1/../../../../arm-none-eabi/lib/thumb/v7e-m+fp/hard\libc_nano.a(libc_a-nano-vfprintf_i.o)
                              C:/ST/STM32CubeIDE_1.18.0/STM32CubeIDE/plugins/com.st.stm32cube.ide.mcu.externaltools.gnu-tools-for-stm32.13.3.rel1.win32_1.0.0.202411081344/tools/bin/../lib/gcc/arm-none-eabi/13.3.1/../../../../arm-none-eabi/lib/thumb/v7e-m+fp/hard\libc_nano.a(libc_a-nano-vfprintf_float.o) (_printf_common)
C:/ST/STM32CubeIDE_1.18.0/STM32CubeIDE/plugins/com.st.stm32cube.ide.mcu.externaltools.gnu-tools-for-stm32.13.3.rel1.win32_1.0.0.202411081344/tools/bin/../lib/gcc/arm-none-eabi/13.3.1/../../../../arm-none-eabi/lib/thumb/v7e-m+fp/hard\libc_nano.a(libc_a-findfp.o)
                              ./Middlewares/Third_Party/FreeRTOS/Source/tasks.o (__sf)
C:/ST/STM32CubeIDE_1.18.0/STM32CubeIDE/plugins/com.st.stm32cube.ide.mcu.externaltools.gnu-tools-for-stm32.13.3.rel1.win32_1.0.0.202411081344/tools/bin/../lib/gcc/arm-none-eabi/13.3.1/../../../../arm-none-eabi/lib/thumb/v7e-m+fp/hard\libc_nano.a(libc_a-fwalk.o)
                              C:/ST/STM32CubeIDE_1.18.0/STM32CubeIDE/plugins/com.st.stm32cube.ide.mcu.externaltools.gnu-tools-for-stm32.13.3.rel1.win32_1.0.0.202411081344/tools/bin/../lib/gcc/arm-none-eabi/13.3.1/../../../../arm-none-eabi/lib/thumb/v7e-m+fp/hard\libc_nano.a(libc_a-findfp.o) (_fwalk_sglue)
C:/ST/STM32CubeIDE_1.18.0/STM32CubeIDE/plugins/com.st.stm32cube.ide.mcu.externaltools.gnu-tools-for-stm32.13.3.rel1.win32_1.0.0.202411081344/tools/bin/../lib/gcc/arm-none-eabi/13.3.1/../../../../arm-none-eabi/lib/thumb/v7e-m+fp/hard\libc_nano.a(libc_a-snprintf.o)
                              ./Core/Src/freertos.o (snprintf)
C:/ST/STM32CubeIDE_1.18.0/STM32CubeIDE/plugins/com.st.stm32cube.ide.mcu.externaltools.gnu-tools-for-stm32.13.3.rel1.win32_1.0.0.202411081344/tools/bin/../lib/gcc/arm-none-eabi/13.3.1/../../../../arm-none-eabi/lib/thumb/v7e-m+fp/hard\libc_nano.a(libc_a-stdio.o)
                              C:/ST/STM32CubeIDE_1.18.0/STM32CubeIDE/plugins/com.st.stm32cube.ide.mcu.externaltools.gnu-tools-for-stm32.13.3.rel1.win32_1.0.0.202411081344/tools/bin/../lib/gcc/arm-none-eabi/13.3.1/../../../../arm-none-eabi/lib/thumb/v7e-m+fp/hard\libc_nano.a(libc_a-findfp.o) (__sread)
C:/ST/STM32CubeIDE_1.18.0/STM32CubeIDE/plugins/com.st.stm32cube.ide.mcu.externaltools.gnu-tools-for-stm32.13.3.rel1.win32_1.0.0.202411081344/tools/bin/../lib/gcc/arm-none-eabi/13.3.1/../../../../arm-none-eabi/lib/thumb/v7e-m+fp/hard\libc_nano.a(libc_a-vsnprintf.o)
                              ./Core/Src/boot_log.o (vsnprintf)
C:/ST/STM32CubeIDE_1.18.0/STM32CubeIDE/plugins/com.st.stm32cube.ide.mcu.externaltools.gnu-tools-for-stm32.13.3.rel1.win32_1.0.0.202411081344/tools/bin/../lib/gcc/arm-none-eabi/13.3.1/../../../../arm-none-eabi/lib/thumb/v7e-m+fp/hard\libc_nano.a(libc_a-memset.o)
[...]
Memory Configuration

Name             Origin             Length             Attributes
RAM              0x20000000         0x00040000         xrw
FLASH            0x08000000         0x00080000         xr
*default*        0x00000000         0xffffffff

Linker script and memory map

LOAD C:/ST/STM32CubeIDE_1.18.0/STM32CubeIDE/plugins/com.st.stm32cube.ide.mcu.externaltools.gnu-tools-for-stm32.13.3.rel1.win32_1.0.0.202411081344/tools/bin/../lib/gcc/arm-none-eabi/13.3.1/thumb/v7e-m+fp/hard/crti.o
LOAD C:/ST/STM32CubeIDE_1.18.0/STM32CubeIDE/plugins/com.st.stm32cube.ide.mcu.externaltools.gnu-tools-for-stm32.13.3.rel1.win32_1.0.0.202411081344/tools/bin/../lib/gcc/arm-none-eabi/13.3.1/thumb/v7e-m+fp/hard/crtbegin.o
LOAD C:/ST/STM32CubeIDE_1.18.0/STM32CubeIDE/plugins/com.st.stm32cube.ide.mcu.externaltools.gnu-tools-for-stm32.13.3.rel1.win32_1.0.0.202411081344/tools/bin/../lib/gcc/arm-none-eabi/13.3.1/../../../../arm-none-eabi/lib/thumb/v7e-m+fp/hard/crt0.o
LOAD ./Core/Src/boot_log.o
LOAD ./Core/Src/boot_manager.o
LOAD ./Core/Src/flash_manager.o
LOAD ./Core/Src/freertos.o
LOAD ./Core/Src/main.o
LOAD ./Core/Src/mpu6050.o
LOAD ./Core/Src/ota_agent.o
LOAD ./Core/Src/ota_flash.o
LOAD ./Core/Src/secure_boot.o
LOAD ./Core/Src/stm32f7xx_hal_msp.o
LOAD ./Core/Src/stm32f7xx_hal_timebase_tim.o
LOAD ./Core/Src/stm32f7xx_it.o
LOAD ./Core/Src/syscalls.o
LOAD ./Core/Src/sysmem.o
LOAD ./Core/Src/system_stm32f7xx.o
LOAD ./Core/Startup/startup_stm32f722zetx.o
LOAD ./Drivers/STM32F7xx_HAL_Driver/Src/stm32f7xx_hal.o
LOAD ./Drivers/STM32F7xx_HAL_Driver/Src/stm32f7xx_hal_cortex.o
LOAD ./Drivers/STM32F7xx_HAL_Driver/Src/stm32f7xx_hal_dma.o
LOAD ./Drivers/STM32F7xx_HAL_Driver/Src/stm32f7xx_hal_dma_ex.o
LOAD ./Drivers/STM32F7xx_HAL_Driver/Src/stm32f7xx_hal_exti.o
LOAD ./Drivers/STM32F7xx_HAL_Driver/Src/stm32f7xx_hal_flash.o
LOAD ./Drivers/STM32F7xx_HAL_Driver/Src/stm32f7xx_hal_flash_ex.o
LOAD ./Drivers/STM32F7xx_HAL_Driver/Src/stm32f7xx_hal_gpio.o
LOAD ./Drivers/STM32F7xx_HAL_Driver/Src/stm32f7xx_hal_i2c.o
LOAD ./Drivers/STM32F7xx_HAL_Driver/Src/stm32f7xx_hal_i2c_ex.o
LOAD ./Drivers/STM32F7xx_HAL_Driver/Src/stm32f7xx_hal_pcd.o
LOAD ./Drivers/STM32F7xx_HAL_Driver/Src/stm32f7xx_hal_pcd_ex.o
LOAD ./Drivers/STM32F7xx_HAL_Driver/Src/stm32f7xx_hal_pwr.o
LOAD ./Drivers/STM32F7xx_HAL_Driver/Src/stm32f7xx_hal_pwr_ex.o
LOAD ./Drivers/STM32F7xx_HAL_Driver/Src/stm32f7xx_hal_rcc.o
LOAD ./Drivers/STM32F7xx_HAL_Driver/Src/stm32f7xx_hal_rcc_ex.o
LOAD ./Drivers/STM32F7xx_HAL_Driver/Src/stm32f7xx_hal_tim.o
LOAD ./Drivers/STM32F7xx_HAL_Driver/Src/stm32f7xx_hal_tim_ex.o
LOAD ./Drivers/STM32F7xx_HAL_Driver/Src/stm32f7xx_hal_uart.o
LOAD ./Drivers/STM32F7xx_HAL_Driver/Src/stm32f7xx_hal_uart_ex.o
LOAD ./Drivers/STM32F7xx_HAL_Driver/Src/stm32f7xx_ll_usb.o
LOAD ./Middlewares/Third_Party/FreeRTOS/Source/CMSIS_RTOS_V2/cmsis_os2.o
LOAD ./Middlewares/Third_Party/FreeRTOS/Source/croutine.o
LOAD ./Middlewares/Third_Party/FreeRTOS/Source/event_groups.o
LOAD ./Middlewares/Third_Party/FreeRTOS/Source/list.o
LOAD ./Middlewares/Third_Party/FreeRTOS/Source/queue.o
LOAD ./Middlewares/Third_Party/FreeRTOS/Source/stream_buffer.o
LOAD ./Middlewares/Third_Party/FreeRTOS/Source/tasks.o
LOAD ./Middlewares/Third_Party/FreeRTOS/Source/timers.o
LOAD ./Middlewares/Third_Party/FreeRTOS/Source/portable/GCC/ARM_CM7/r0p1/port.o
LOAD ./Middlewares/Third_Party/FreeRTOS/Source/portable/MemMang/heap_4.o
LOAD ../Drivers/CMSIS/Lib/GCC\libarm_cortexM7lfsp_math.a
START GROUP
LOAD C:/ST/STM32CubeIDE_1.18.0/STM32CubeIDE/plugins/com.st.stm32cube.ide.mcu.externaltools.gnu-tools-for-stm32.13.3.rel1.win32_1.0.0.202411081344/tools/bin/../lib/gcc/arm-none-eabi/13.3.1/../../../../arm-none-eabi/lib/thumb/v7e-m+fp/hard\libc_nano.a
LOAD C:/ST/STM32CubeIDE_1.18.0/STM32CubeIDE/plugins/com.st.stm32cube.ide.mcu.externaltools.gnu-tools-for-stm32.13.3.rel1.win32_1.0.0.202411081344/tools/bin/../lib/gcc/arm-none-eabi/13.3.1/../../../../arm-none-eabi/lib/thumb/v7e-m+fp/hard\libm.a
END GROUP
START GROUP
LOAD C:/ST/STM32CubeIDE_1.18.0/STM32CubeIDE/plugins/com.st.stm32cube.ide.mcu.externaltools.gnu-tools-for-stm32.13.3.rel1.win32_1.0.0.202411081344/tools/bin/../lib/gcc/arm-none-eabi/13.3.1/thumb/v7e-m+fp/hard\libgcc.a
LOAD C:/ST/STM32CubeIDE_1.18.0/STM32CubeIDE/plugins/com.st.stm32cube.ide.mcu.externaltools.gnu-tools-for-stm32.13.3.rel1.win32_1.0.0.202411081344/tools/bin/../lib/gcc/arm-none-eabi/13.3.1/../../../../arm-none-eabi/lib/thumb/v7e-m+fp/hard\libc_nano.a
END GROUP
START GROUP
LOAD C:/ST/STM32CubeIDE_1.18.0/STM32CubeIDE/plugins/com.st.stm32cube.ide.mcu.externaltools.gnu-tools-for-stm32.13.3.rel1.win32_1.0.0.202411081344/tools/bin/../lib/gcc/arm-none-eabi/13.3.1/thumb/v7e-m+fp/hard\libgcc.a
LOAD C:/ST/STM32CubeIDE_1.18.0/STM32CubeIDE/plugins/com.st.stm32cube.ide.mcu.externaltools.gnu-tools-for-stm32.13.3.rel1.win32_1.0.0.202411081344/tools/bin/../lib/gcc/arm-none-eabi/13.3.1/../../../../arm-none-eabi/lib/thumb/v7e-m+fp/hard\libc_nano.a
LOAD C:/ST/STM32CubeIDE_1.18.0/STM32CubeIDE/plugins/com.st.stm32cube.ide.mcu.externaltools.gnu-tools-for-stm32.13.3.rel1.win32_1.0.0.202411081344/tools/bin/../lib/gcc/arm-none-eabi/13.3.1/../../../../arm-none-eabi/lib/thumb/v7e-m+fp/hard\libnosys.a
END GROUP
START GROUP
LOAD C:/ST/STM32CubeIDE_1.18.0/STM32CubeIDE/plugins/com.st.stm32cube.ide.mcu.externaltools.gnu-tools-for-stm32.13.3.rel1.win32_1.0.0.202411081344/tools/bin/../lib/gcc/arm-none-eabi/13.3.1/thumb/v7e-m+fp/hard\libgcc.a
LOAD C:/ST/STM32CubeIDE_1.18.0/STM32CubeIDE/plugins/com.st.stm32cube.ide.mcu.externaltools.gnu-tools-for-stm32.13.3.rel1.win32_1.0.0.202411081344/tools/bin/../lib/gcc/arm-none-eabi/13.3.1/../../../../arm-none-eabi/lib/thumb/v7e-m+fp/hard\libc_nano.a
LOAD C:/ST/STM32CubeIDE_1.18.0/STM32CubeIDE/plugins/com.st.stm32cube.ide.mcu.externaltools.gnu-tools-for-stm32.13.3.rel1.win32_1.0.0.202411081344/tools/bin/../lib/gcc/arm-none-eabi/13.3.1/../../../../arm-none-eabi/lib/thumb/v7e-m+fp/hard\libnosys.a
END GROUP
LOAD C:/ST/STM32CubeIDE_1.18.0/STM32CubeIDE/plugins/com.st.stm32cube.ide.mcu.externaltools.gnu-tools-for-stm32.13.3.rel1.win32_1.0.0.202411081344/tools/bin/../lib/gcc/arm-none-eabi/13.3.1/thumb/v7e-m+fp/hard/crtend.o
LOAD C:/ST/STM32CubeIDE_1.18.0/STM32CubeIDE/plugins/com.st.stm32cube.ide.mcu.externaltools.gnu-tools-for-stm32.13.3.rel1.win32_1.0.0.202411081344/tools/bin/../lib/gcc/arm-none-eabi/13.3.1/thumb/v7e-m+fp/hard/crtn.o
                0x20040000                        _estack = (ORIGIN (RAM) + LENGTH (RAM))
                0x00000200                        _Min_Heap_Size = 0x200
                0x00000400                        _Min_Stack_Size = 0x400

.isr_vector     0x08000000      0x1e0
                0x08000000                        . = ALIGN (0x4)
 *(.isr_vector)
 .isr_vector    0x08000000      0x1e0 ./Core/Startup/startup_stm32f722zetx.o
                0x08000000                g_pfnVectors
                0x080001e0                        . = ALIGN (0x4)

.text           0x080001e0     0xccd0
                0x080001e0                        . = ALIGN (0x4)
 *(.text)
 .text          0x080001e0       0x40 C:/ST/STM32CubeIDE_1.18.0/STM32CubeIDE/plugins/com.st.stm32cube.ide.mcu.externaltools.gnu-tools-for-stm32.13.3.rel1.win32_1.0.0.202411081344/tools/bin/../lib/gcc/arm-none-eabi/13.3.1/thumb/v7e-m+fp/hard/crtbegin.o
 .text          0x08000220       0xc0 ../Drivers/CMSIS/Lib/GCC\libarm_cortexM7lfsp_math.a(arm_bitreversal2.o)
                0x08000220                arm_bitreversal_32
                0x0800028a                arm_bitreversal_16
 .text          0x080002e0       0xa0 C:/ST/STM32CubeIDE_1.18.0/STM32CubeIDE/plugins/com.st.stm32cube.ide.mcu.externaltools.gnu-tools-for-stm32.13.3.rel1.win32_1.0.0.202411081344/tools/bin/../lib/gcc/arm-none-eabi/13.3.1/../../../../arm-none-eabi/lib/thumb/v7e-m+fp/hard\libc_nano.a(libc_a-memchr.o)
                0x080002e0                memchr
 .text          0x08000380       0x10 C:/ST/STM32CubeIDE_1.18.0/STM32CubeIDE/plugins/com.st.stm32cube.ide.mcu.externaltools.gnu-tools-for-stm32.13.3.rel1.win32_1.0.0.202411081344/tools/bin/../lib/gcc/arm-none-eabi/13.3.1/../../../../arm-none-eabi/lib/thumb/v7e-m+fp/hard\libc_nano.a(libc_a-strlen.o)
                0x08000380                strlen
 .text          0x08000390      0x378 C:/ST/STM32CubeIDE_1.18.0/STM32CubeIDE/plugins/com.st.stm32cube.ide.mcu.externaltools.gnu-tools-for-stm32.13.3.rel1.win32_1.0.0.202411081344/tools/bin/../lib/gcc/arm-none-eabi/13.3.1/thumb/v7e-m+fp/hard\libgcc.a(_arm_addsubdf3.o)
                0x08000390                __aeabi_drsub
                0x08000398                __aeabi_dsub
                0x08000398                __subdf3
                0x0800039c                __aeabi_dadd
                0x0800039c                __adddf3
                0x08000614                __floatunsidf
                0x08000614                __aeabi_ui2d
                0x08000634                __floatsidf
                0x08000634                __aeabi_i2d
                0x08000658                __aeabi_f2d
                0x08000658                __extendsfdf2
                0x0800069c                __floatundidf
                0x0800069c                __aeabi_ul2d
                0x080006ac                __floatdidf
                0x080006ac                __aeabi_l2d
 .text          0x08000708      0x424 C:/ST/STM32CubeIDE_1.18.0/STM32CubeIDE/plugins/com.st.stm32cube.ide.mcu.externaltools.gnu-tools-for-stm32.13.3.rel1.win32_1.0.0.202411081344/tools/bin/../lib/gcc/arm-none-eabi/13.3.1/thumb/v7e-m+fp/hard\libgcc.a(_arm_muldivdf3.o)
                0x08000708                __aeabi_dmul
                0x08000708                __muldf3
                0x0800095c                __divdf3
                0x0800095c                __aeabi_ddiv
 .text          0x08000b2c      0x110 C:/ST/STM32CubeIDE_1.18.0/STM32CubeIDE/plugins/com.st.stm32cube.ide.mcu.externaltools.gnu-tools-for-stm32.13.3.rel1.win32_1.0.0.202411081344/tools/bin/../lib/gcc/arm-none-eabi/13.3.1/thumb/v7e-m+fp/hard\libgcc.a(_arm_cmpdf2.o)
                0x08000b2c                __gtdf2
                0x08000b2c                __gedf2
                0x08000b34                __ltdf2
                0x08000b34                __ledf2
                0x08000b3c                __nedf2
                0x08000b3c                __eqdf2
                0x08000b3c                __cmpdf2
                0x08000bb8                __aeabi_cdrcmple
                0x08000bc8                __aeabi_cdcmpeq
                0x08000bc8                __aeabi_cdcmple
                0x08000bd8                __aeabi_dcmpeq
                0x08000bec                __aeabi_dcmplt
                0x08000c00                __aeabi_dcmple
                0x08000c14                __aeabi_dcmpge
                0x08000c28                __aeabi_dcmpgt
 .text          0x08000c3c       0x2c C:/ST/STM32CubeIDE_1.18.0/STM32CubeIDE/plugins/com.st.stm32cube.ide.mcu.externaltools.gnu-tools-for-stm32.13.3.rel1.win32_1.0.0.202411081344/tools/bin/../lib/gcc/arm-none-eabi/13.3.1/thumb/v7e-m+fp/hard\libgcc.a(_arm_unorddf2.o)
                0x08000c3c                __unorddf2
                0x08000c3c                __aeabi_dcmpun
 .text          0x08000c68       0x50 C:/ST/STM32CubeIDE_1.18.0/STM32CubeIDE/plugins/com.st.stm32cube.ide.mcu.externaltools.gnu-tools-for-stm32.13.3.rel1.win32_1.0.0.202411081344/tools/bin/../lib/gcc/arm-none-eabi/13.3.1/thumb/v7e-m+fp/hard\libgcc.a(_arm_fixdfsi.o)
                0x08000c68                __aeabi_d2iz
                0x08000c68                __fixdfsi
 .text          0x08000cb8       0x30 C:/ST/STM32CubeIDE_1.18.0/STM32CubeIDE/plugins/com.st.stm32cube.ide.mcu.externaltools.gnu-tools-for-stm32.13.3.rel1.win32_1.0.0.202411081344/tools/bin/../lib/gcc/arm-none-eabi/13.3.1/thumb/v7e-m+fp/hard\libgcc.a(_aeabi_uldivmod.o)
                0x08000cb8                __aeabi_uldivmod
 .text          0x08000ce8      0x2f8 C:/ST/STM32CubeIDE_1.18.0/STM32CubeIDE/plugins/com.st.stm32cube.ide.mcu.externaltools.gnu-tools-for-stm32.13.3.rel1.win32_1.0.0.202411081344/tools/bin/../lib/gcc/arm-none-eabi/13.3.1/thumb/v7e-m+fp/hard\libgcc.a(_udivmoddi4.o)
                0x08000ce8                __udivmoddi4
 .text          0x08000fe0        0x4 C:/ST/STM32CubeIDE_1.18.0/STM32CubeIDE/plugins/com.st.stm32cube.ide.mcu.externaltools.gnu-tools-for-stm32.13.3.rel1.win32_1.0.0.202411081344/tools/bin/../lib/gcc/arm-none-eabi/13.3.1/thumb/v7e-m+fp/hard\libgcc.a(_dvmd_tls.o)
                0x08000fe0                __aeabi_idiv0
                0x08000fe0                __aeabi_ldiv0
 *(.text*)
 .text.boot_log
                0x08000fe4       0x60 ./Core/Src/boot_log.o
                0x08000fe4                boot_log
 .text.__NVIC_SystemReset
                0x08001044       0x2c ./Core/Src/freertos.o
 .text.check_update_available
                0x08001070       0x10 ./Core/Src/freertos.o
                0x08001070                check_update_available
 .text.download_firmware
                0x08001080        0xe ./Core/Src/freertos.o
                0x08001080                download_firmware
 *fill*         0x0800108e        0x2 
 .text.MX_FREERTOS_Init
                0x08001090      0x148 ./Core/Src/freertos.o
                0x08001090                MX_FREERTOS_Init
 .text.StartSensorTask
                0x080011d8       0x98 ./Core/Src/freertos.o
                0x080011d8                StartSensorTask
 .text.StartDSPTask
                0x08001270      0x198 ./Core/Src/freertos.o
                0x08001270                StartDSPTask
 .text.StartTelemetryTask
                0x08001408       0x9c ./Core/Src/freertos.o
                0x08001408                StartTelemetryTask
 .text.StartOtaTask
                0x080014a4       0x48 ./Core/Src/freertos.o
                0x080014a4                StartOtaTask
 .text.ota_confirm
                0x080014ec       0x14 ./Core/Src/main.o
                0x080014ec                ota_confirm
 .text.main     0x08001500       0xb0 ./Core/Src/main.o
                0x08001500                main
 .text.SystemClock_Config
                0x080015b0       0xdc ./Core/Src/main.o
                0x080015b0                SystemClock_Config
 .text.MX_GPIO_Init
                0x0800168c       0x98 ./Core/Src/main.o
 .text.MX_USART3_UART_Init
                0x08001724       0x54 ./Core/Src/main.o
 .text.MX_I2C1_Init
                0x08001778       0x6c ./Core/Src/main.o
 .text.MX_USB_OTG_FS_PCD_Init
                0x080017e4       0x3c ./Core/Src/main.o
 .text.HAL_TIM_PeriodElapsedCallback
                0x08001820       0x24 ./Core/Src/main.o
                0x08001820                HAL_TIM_PeriodElapsedCallback
 .text.Error_Handler
                0x08001844        0xc ./Core/Src/main.o
                0x08001844                Error_Handler
 .text.mpu_write
                0x08001850       0x34 ./Core/Src/mpu6050.o
 .text.mpu_read
                0x08001884       0x4e ./Core/Src/mpu6050.o
 .text.MPU6050_Init
                0x080018d2       0x9e ./Core/Src/mpu6050.o
                0x080018d2                MPU6050_Init
 .text.MPU6050_ReadAll
                0x08001970      0x174 ./Core/Src/mpu6050.o
                0x08001970                MPU6050_ReadAll
 .text.ota_mark_update
                0x08001ae4       0x24 ./Core/Src/ota_agent.o
                0x08001ae4                ota_mark_update
 .text.HAL_MspInit
                0x08001b08       0x50 ./Core/Src/stm32f7xx_hal_msp.o
                0x08001b08                HAL_MspInit
 .text.HAL_I2C_MspInit
                0x08001b58       0xc0 ./Core/Src/stm32f7xx_hal_msp.o
                0x08001b58                HAL_I2C_MspInit
 .text.HAL_UART_MspInit
                0x08001c18       0xc0 ./Core/Src/stm32f7xx_hal_msp.o
                0x08001c18                HAL_UART_MspInit
 .text.HAL_PCD_MspInit
                0x08001cd8       0xf4 ./Core/Src/stm32f7xx_hal_msp.o
                0x08001cd8                HAL_PCD_MspInit
 .text.HAL_InitTick
                0x08001dcc       0xf4 ./Core/Src/stm32f7xx_hal_timebase_tim.o
                0x08001dcc                HAL_InitTick
 .text.NMI_Handler
                0x08001ec0        0x8 ./Core/Src/stm32f7xx_it.o
                0x08001ec0                NMI_Handler
 .text.HardFault_Handler
                0x08001ec8        0x8 ./Core/Src/stm32f7xx_it.o
                0x08001ec8                HardFault_Handler
 .text.MemManage_Handler
                0x08001ed0        0x8 ./Core/Src/stm32f7xx_it.o
                0x08001ed0                MemManage_Handler
 .text.BusFault_Handler
                0x08001ed8        0x8 ./Core/Src/stm32f7xx_it.o
                0x08001ed8                BusFault_Handler
 .text.UsageFault_Handler
                0x08001ee0        0x8 ./Core/Src/stm32f7xx_it.o
                0x08001ee0                UsageFault_Handler
 .text.DebugMon_Handler
                0x08001ee8        0xe ./Core/Src/stm32f7xx_it.o
                0x08001ee8                DebugMon_Handler
 *fill*         0x08001ef6        0x2 
 .text.TIM6_DAC_IRQHandler
                0x08001ef8       0x14 ./Core/Src/stm32f7xx_it.o
                0x08001ef8                TIM6_DAC_IRQHandler
 .text._getpid  0x08001f0c       0x10 ./Core/Src/syscalls.o
                0x08001f0c                _getpid
 .text._kill    0x08001f1c       0x20 ./Core/Src/syscalls.o
                0x08001f1c                _kill
 .text._exit    0x08001f3c       0x16 ./Core/Src/syscalls.o
                0x08001f3c                _exit
 .text._read    0x08001f52       0x3a ./Core/Src/syscalls.o
                0x08001f52                _read
 .text._write   0x08001f8c       0x38 ./Core/Src/syscalls.o
                0x08001f8c                _write
 .text._close   0x08001fc4       0x18 ./Core/Src/syscalls.o
                0x08001fc4                _close
 .text._fstat   0x08001fdc       0x20 ./Core/Src/syscalls.o
                0x08001fdc                _fstat
 .text._isatty  0x08001ffc       0x16 ./Core/Src/syscalls.o
                0x08001ffc                _isatty
 .text._lseek   0x08002012       0x1a ./Core/Src/syscalls.o
                0x08002012                _lseek
 .text._sbrk    0x0800202c       0x6c ./Core/Src/sysmem.o
                0x0800202c                _sbrk
 .text.SystemInit
                0x08002098       0x24 ./Core/Src/system_stm32f7xx.o
                0x08002098                SystemInit
 .text.Reset_Handler
                0x080020bc       0x50 ./Core/Startup/startup_stm32f722zetx.o
                0x080020bc                Reset_Handler
 .text.Default_Handler
                0x0800210c        0x2 ./Core/Startup/startup_stm32f722zetx.o
                0x0800210c                RTC_Alarm_IRQHandler
                0x0800210c                EXTI2_IRQHandler
                0x0800210c                TIM8_CC_IRQHandler
                0x0800210c                UART8_IRQHandler
                0x0800210c                SPI4_IRQHandler
                0x0800210c                TIM1_CC_IRQHandler
                0x0800210c                DMA2_Stream5_IRQHandler
                0x0800210c                DMA1_Stream5_IRQHandler
                0x0800210c                PVD_IRQHandler
                0x0800210c                TAMP_STAMP_IRQHandler
                0x0800210c                EXTI3_IRQHandler
                0x0800210c                TIM8_TRG_COM_TIM14_IRQHandler
                0x0800210c                TIM1_UP_TIM10_IRQHandler
                0x0800210c                TIM8_UP_TIM13_IRQHandler
                0x0800210c                I2C3_ER_IRQHandler
                0x0800210c                EXTI0_IRQHandler
                0x0800210c                I2C2_EV_IRQHandler
                0x0800210c                DMA1_Stream2_IRQHandler
                0x0800210c                CAN1_RX0_IRQHandler
                0x0800210c                FPU_IRQHandler
                0x0800210c                OTG_HS_WKUP_IRQHandler
                0x0800210c                DMA2_Stream2_IRQHandler
                0x0800210c                SPI1_IRQHandler
                0x0800210c                TIM1_BRK_TIM9_IRQHandler
                0x0800210c                DMA2_Stream3_IRQHandler
                0x0800210c                SAI2_IRQHandler
                0x0800210c                USART6_IRQHandler
                0x0800210c                USART3_IRQHandler
                0x0800210c                CAN1_RX1_IRQHandler
                0x0800210c                UART5_IRQHandler
                0x0800210c                DMA2_Stream0_IRQHandler
                0x0800210c                TIM4_IRQHandler
                0x0800210c                QUADSPI_IRQHandler
                0x0800210c                I2C1_EV_IRQHandler
                0x0800210c                DMA1_Stream6_IRQHandler
                0x0800210c                DMA1_Stream1_IRQHandler
                0x0800210c                UART4_IRQHandler
                0x0800210c                TIM3_IRQHandler
                0x0800210c                RCC_IRQHandler
                0x0800210c                TIM8_BRK_TIM12_IRQHandler
                0x0800210c                Default_Handler
                0x0800210c                EXTI15_10_IRQHandler
                0x0800210c                ADC_IRQHandler
                0x0800210c                DMA1_Stream7_IRQHandler
                0x0800210c                SPI5_IRQHandler
                0x0800210c                TIM7_IRQHandler
                0x0800210c                SDMMC1_IRQHandler
                0x0800210c                TIM5_IRQHandler
                0x0800210c                DMA2_Stream7_IRQHandler
                0x0800210c                I2C3_EV_IRQHandler
                0x0800210c                EXTI9_5_IRQHandler
                0x0800210c                RTC_WKUP_IRQHandler
                0x0800210c                SPI2_IRQHandler
                0x0800210c                OTG_HS_EP1_IN_IRQHandler
                0x0800210c                DMA1_Stream0_IRQHandler
                0x0800210c                CAN1_TX_IRQHandler
                0x0800210c                EXTI4_IRQHandler
                0x0800210c                RNG_IRQHandler
                0x0800210c                OTG_HS_EP1_OUT_IRQHandler
                0x0800210c                WWDG_IRQHandler
                0x0800210c                TIM2_IRQHandler
                0x0800210c                OTG_FS_WKUP_IRQHandler
                0x0800210c                TIM1_TRG_COM_TIM11_IRQHandler
                0x0800210c                OTG_HS_IRQHandler
                0x0800210c                EXTI1_IRQHandler
                0x0800210c                SDMMC2_IRQHandler
                0x0800210c                UART7_IRQHandler
                0x0800210c                USART2_IRQHandler
                0x0800210c                I2C2_ER_IRQHandler
                0x0800210c                DMA2_Stream1_IRQHandler
                0x0800210c                CAN1_SCE_IRQHandler
                0x0800210c                FLASH_IRQHandler
                0x0800210c                DMA2_Stream4_IRQHandler
                0x0800210c                USART1_IRQHandler
                0x0800210c                OTG_FS_IRQHandler
                0x0800210c                SPI3_IRQHandler
                0x0800210c                DMA1_Stream4_IRQHandler
                0x0800210c                I2C1_ER_IRQHandler
                0x0800210c                FMC_IRQHandler
                0x0800210c                LPTIM1_IRQHandler
                0x0800210c                DMA2_Stream6_IRQHandler
                0x0800210c                SAI1_IRQHandler
                0x0800210c                DMA1_Stream3_IRQHandler
 .text.HAL_Init
                0x0800210e       0x1a ./Drivers/STM32F7xx_HAL_Driver/Src/stm32f7xx_hal.o
                0x0800210e                HAL_Init
 .text.HAL_IncTick
                0x08002128       0x28 ./Drivers/STM32F7xx_HAL_Driver/Src/stm32f7xx_hal.o
                0x08002128                HAL_IncTick
 .text.HAL_GetTick
                0x08002150       0x18 ./Drivers/STM32F7xx_HAL_Driver/Src/stm32f7xx_hal.o
                0x08002150                HAL_GetTick
 .text.HAL_Delay
                0x08002168       0x48 ./Drivers/STM32F7xx_HAL_Driver/Src/stm32f7xx_hal.o
                0x08002168                HAL_Delay
 .text.__NVIC_SetPriorityGrouping
                0x080021b0       0x48 ./Drivers/STM32F7xx_HAL_Driver/Src/stm32f7xx_hal_cortex.o
 .text.__NVIC_GetPriorityGrouping
                0x080021f8       0x1c ./Drivers/STM32F7xx_HAL_Driver/Src/stm32f7xx_hal_cortex.o
 .text.__NVIC_EnableIRQ
                0x08002214       0x3c ./Drivers/STM32F7xx_HAL_Driver/Src/stm32f7xx_hal_cortex.o
 .text.__NVIC_SetPriority
                0x08002250       0x54 ./Drivers/STM32F7xx_HAL_Driver/Src/stm32f7xx_hal_cortex.o
 .text.NVIC_EncodePriority
                0x080022a4       0x66 ./Drivers/STM32F7xx_HAL_Driver/Src/stm32f7xx_hal_cortex.o
 .text.HAL_NVIC_SetPriorityGrouping
                0x0800230a       0x16 ./Drivers/STM32F7xx_HAL_Driver/Src/stm32f7xx_hal_cortex.o
                0x0800230a                HAL_NVIC_SetPriorityGrouping
 .text.HAL_NVIC_SetPriority
                0x08002320       0x38 ./Drivers/STM32F7xx_HAL_Driver/Src/stm32f7xx_hal_cortex.o
                0x08002320                HAL_NVIC_SetPriority
 .text.HAL_NVIC_EnableIRQ
                0x08002358       0x1c ./Drivers/STM32F7xx_HAL_Driver/Src/stm32f7xx_hal_cortex.o
                0x08002358                HAL_NVIC_EnableIRQ
 .text.HAL_GPIO_Init
                0x08002374      0x338 ./Drivers/STM32F7xx_HAL_Driver/Src/stm32f7xx_hal_gpio.o
                0x08002374                HAL_GPIO_Init
 .text.HAL_GPIO_WritePin
                0x080026ac       0x32 ./Drivers/STM32F7xx_HAL_Driver/Src/stm32f7xx_hal_gpio.o
                0x080026ac                HAL_GPIO_WritePin
 *fill*         0x080026de        0x2 
 .text.HAL_I2C_Init
                0x080026e0      0x138 ./Drivers/STM32F7xx_HAL_Driver/Src/stm32f7xx_hal_i2c.o
                0x080026e0                HAL_I2C_Init
 .text.HAL_I2C_Master_Transmit
                0x08002818      0x230 ./Drivers/STM32F7xx_HAL_Driver/Src/stm32f7xx_hal_i2c.o
                0x08002818                HAL_I2C_Master_Transmit
 .text.HAL_I2C_Master_Receive
                0x08002a48      0x1ec ./Drivers/STM32F7xx_HAL_Driver/Src/stm32f7xx_hal_i2c.o
                0x08002a48                HAL_I2C_Master_Receive
 .text.HAL_I2C_IsDeviceReady
                0x08002c34      0x20c ./Drivers/STM32F7xx_HAL_Driver/Src/stm32f7xx_hal_i2c.o
                0x08002c34                HAL_I2C_IsDeviceReady
 .text.I2C_Flush_TXDR
                0x08002e40       0x48 ./Drivers/STM32F7xx_HAL_Driver/Src/stm32f7xx_hal_i2c.o
 .text.I2C_WaitOnFlagUntilTimeout
                0x08002e88       0xb2 ./Drivers/STM32F7xx_HAL_Driver/Src/stm32f7xx_hal_i2c.o
 .text.I2C_WaitOnTXISFlagUntilTimeout
                0x08002f3a       0x8e ./Drivers/STM32F7xx_HAL_Driver/Src/stm32f7xx_hal_i2c.o
 .text.I2C_WaitOnSTOPFlagUntilTimeout
                0x08002fc8       0x86 ./Drivers/STM32F7xx_HAL_Driver/Src/stm32f7xx_hal_i2c.o
 *fill*         0x0800304e        0x2 
 .text.I2C_WaitOnRXNEFlagUntilTimeout
                0x08003050      0x118 ./Drivers/STM32F7xx_HAL_Driver/Src/stm32f7xx_hal_i2c.o
 .text.I2C_IsErrorOccurred
                0x08003168      0x1c0 ./Drivers/STM32F7xx_HAL_Driver/Src/stm32f7xx_hal_i2c.o
 .text.I2C_TransferConfig
                0x08003328       0x64 ./Drivers/STM32F7xx_HAL_Driver/Src/stm32f7xx_hal_i2c.o
 .text.HAL_I2CEx_ConfigAnalogFilter
                0x0800338c       0x96 ./Drivers/STM32F7xx_HAL_Driver/Src/stm32f7xx_hal_i2c_ex.o
                0x0800338c                HAL_I2CEx_ConfigAnalogFilter
 .text.HAL_PCD_Init
                0x08003422      0x22c ./Drivers/STM32F7xx_HAL_Driver/Src/stm32f7xx_hal_pcd.o
                0x08003422                HAL_PCD_Init
 *fill*         0x0800364e        0x2 
 .text.HAL_PCDEx_ActivateLPM
                0x08003650       0x48 ./Drivers/STM32F7xx_HAL_Driver/Src/stm32f7xx_hal_pcd_ex.o
                0x08003650                HAL_PCDEx_ActivateLPM
 .text.HAL_PWR_EnableBkUpAccess
                0x08003698       0x20 ./Drivers/STM32F7xx_HAL_Driver/Src/stm32f7xx_hal_pwr.o
                0x08003698                HAL_PWR_EnableBkUpAccess
 .text.HAL_PWREx_EnableOverDrive
                0x080036b8       0xa0 ./Drivers/STM32F7xx_HAL_Driver/Src/stm32f7xx_hal_pwr_ex.o
                0x080036b8                HAL_PWREx_EnableOverDrive
 .text.HAL_RCC_OscConfig
                0x08003758      0x548 ./Drivers/STM32F7xx_HAL_Driver/Src/stm32f7xx_hal_rcc.o
                0x08003758                HAL_RCC_OscConfig
 .text.HAL_RCC_ClockConfig
                0x08003ca0      0x1d8 ./Drivers/STM32F7xx_HAL_Driver/Src/stm32f7xx_hal_rcc.o
                0x08003ca0                HAL_RCC_ClockConfig
 .text.HAL_RCC_GetSysClockFreq
                0x08003e78      0x20c ./Drivers/STM32F7xx_HAL_Driver/Src/stm32f7xx_hal_rcc.o
                0x08003e78                HAL_RCC_GetSysClockFreq
 .text.HAL_RCC_GetHCLKFreq
                0x08004084       0x18 ./Drivers/STM32F7xx_HAL_Driver/Src/stm32f7xx_hal_rcc.o
                0x08004084                HAL_RCC_GetHCLKFreq
 .text.HAL_RCC_GetPCLK1Freq
                0x0800409c       0x28 ./Drivers/STM32F7xx_HAL_Driver/Src/stm32f7xx_hal_rcc.o
                0x0800409c                HAL_RCC_GetPCLK1Freq
 .text.HAL_RCC_GetPCLK2Freq
                0x080040c4       0x28 ./Drivers/STM32F7xx_HAL_Driver/Src/stm32f7xx_hal_rcc.o
                0x080040c4                HAL_RCC_GetPCLK2Freq
 .text.HAL_RCC_GetClockConfig
                0x080040ec       0x64 ./Drivers/STM32F7xx_HAL_Driver/Src/stm32f7xx_hal_rcc.o
                0x080040ec                HAL_RCC_GetClockConfig
 .text.HAL_RCCEx_PeriphCLKConfig
                0x08004150      0x694 ./Drivers/STM32F7xx_HAL_Driver/Src/stm32f7xx_hal_rcc_ex.o
                0x08004150                HAL_RCCEx_PeriphCLKConfig
 .text.HAL_TIM_Base_Init
                0x080047e4       0xae ./Drivers/STM32F7xx_HAL_Driver/Src/stm32f7xx_hal_tim.o
                0x080047e4                HAL_TIM_Base_Init
 .text.HAL_TIM_Base_MspInit
                0x08004892       0x14 ./Drivers/STM32F7xx_HAL_Driver/Src/stm32f7xx_hal_tim.o
                0x08004892                HAL_TIM_Base_MspInit
 *fill*         0x080048a6        0x2 
 .text.HAL_TIM_Base_Start_IT
                0x080048a8       0xf0 ./Drivers/STM32F7xx_HAL_Driver/Src/stm32f7xx_hal_tim.o
                0x080048a8                HAL_TIM_Base_Start_IT
 .text.HAL_TIM_IRQHandler
                0x08004998      0x20e ./Drivers/STM32F7xx_HAL_Driver/Src/stm32f7xx_hal_tim.o
                0x08004998                HAL_TIM_IRQHandler
 .text.HAL_TIM_OC_DelayElapsedCallback
                0x08004ba6       0x14 ./Drivers/STM32F7xx_HAL_Driver/Src/stm32f7xx_hal_tim.o
                0x08004ba6                HAL_TIM_OC_DelayElapsedCallback
 .text.HAL_TIM_IC_CaptureCallback
                0x08004bba       0x14 ./Drivers/STM32F7xx_HAL_Driver/Src/stm32f7xx_hal_tim.o
                0x08004bba                HAL_TIM_IC_CaptureCallback
 .text.HAL_TIM_PWM_PulseFinishedCallback
                0x08004bce       0x14 ./Drivers/STM32F7xx_HAL_Driver/Src/stm32f7xx_hal_tim.o
                0x08004bce                HAL_TIM_PWM_PulseFinishedCallback
 .text.HAL_TIM_TriggerCallback
                0x08004be2       0x14 ./Drivers/STM32F7xx_HAL_Driver/Src/stm32f7xx_hal_tim.o
                0x08004be2                HAL_TIM_TriggerCallback
 *fill*         0x08004bf6        0x2 
 .text.TIM_Base_SetConfig
                0x08004bf8      0x14c ./Drivers/STM32F7xx_HAL_Driver/Src/stm32f7xx_hal_tim.o
                0x08004bf8                TIM_Base_SetConfig
 .text.HAL_TIMEx_CommutCallback
                0x08004d44       0x14 ./Drivers/STM32F7xx_HAL_Driver/Src/stm32f7xx_hal_tim_ex.o
                0x08004d44                HAL_TIMEx_CommutCallback
 .text.HAL_TIMEx_BreakCallback
                0x08004d58       0x14 ./Drivers/STM32F7xx_HAL_Driver/Src/stm32f7xx_hal_tim_ex.o
                0x08004d58                HAL_TIMEx_BreakCallback
 .text.HAL_TIMEx_Break2Callback
                0x08004d6c       0x14 ./Drivers/STM32F7xx_HAL_Driver/Src/stm32f7xx_hal_tim_ex.o
                0x08004d6c                HAL_TIMEx_Break2Callback
 .text.HAL_UART_Init
                0x08004d80       0x9c ./Drivers/STM32F7xx_HAL_Driver/Src/stm32f7xx_hal_uart.o
                0x08004d80                HAL_UART_Init
 .text.HAL_UART_Transmit
                0x08004e1c      0x112 ./Drivers/STM32F7xx_HAL_Driver/Src/stm32f7xx_hal_uart.o
                0x08004e1c                HAL_UART_Transmit
 *fill*         0x08004f2e        0x2 
 .text.UART_SetConfig
                0x08004f30      0x4c8 ./Drivers/STM32F7xx_HAL_Driver/Src/stm32f7xx_hal_uart.o
                0x08004f30                UART_SetConfig
 .text.UART_AdvFeatureConfig
                0x080053f8      0x144 ./Drivers/STM32F7xx_HAL_Driver/Src/stm32f7xx_hal_uart.o
                0x080053f8                UART_AdvFeatureConfig
 .text.UART_CheckIdleState
                0x0800553c       0xae ./Drivers/STM32F7xx_HAL_Driver/Src/stm32f7xx_hal_uart.o
                0x0800553c                UART_CheckIdleState
 .text.UART_WaitOnFlagUntilTimeout
                0x080055ea       0xda ./Drivers/STM32F7xx_HAL_Driver/Src/stm32f7xx_hal_uart.o
                0x080055ea                UART_WaitOnFlagUntilTimeout
 .text.UART_EndRxTransfer
                0x080056c4       0xc8 ./Drivers/STM32F7xx_HAL_Driver/Src/stm32f7xx_hal_uart.o
 .text.USB_CoreInit
                0x0800578c      0x118 ./Drivers/STM32F7xx_HAL_Driver/Src/stm32f7xx_ll_usb.o
                0x0800578c                USB_CoreInit
 .text.USB_DisableGlobalInt
                0x080058a4       0x22 ./Drivers/STM32F7xx_HAL_Driver/Src/stm32f7xx_ll_usb.o
                0x080058a4                USB_DisableGlobalInt
 .text.USB_SetCurrentMode
                0x080058c6       0x98 ./Drivers/STM32F7xx_HAL_Driver/Src/stm32f7xx_ll_usb.o
                0x080058c6                USB_SetCurrentMode
 *fill*         0x0800595e        0x2 
 .text.USB_DevInit
                0x08005960      0x2e0 ./Drivers/STM32F7xx_HAL_Driver/Src/stm32f7xx_ll_usb.o
                0x08005960                USB_DevInit
 .text.USB_FlushTxFifo
                0x08005c40       0x64 ./Drivers/STM32F7xx_HAL_Driver/Src/stm32f7xx_ll_usb.o
                0x08005c40                USB_FlushTxFifo
 .text.USB_FlushRxFifo
                0x08005ca4       0x5c ./Drivers/STM32F7xx_HAL_Driver/Src/stm32f7xx_ll_usb.o
                0x08005ca4                USB_FlushRxFifo
 .text.USB_SetDevSpeed
                0x08005d00       0x32 ./Drivers/STM32F7xx_HAL_Driver/Src/stm32f7xx_ll_usb.o
                0x08005d00                USB_SetDevSpeed
 .text.USB_DevDisconnect
                0x08005d32       0x42 ./Drivers/STM32F7xx_HAL_Driver/Src/stm32f7xx_ll_usb.o
                0x08005d32                USB_DevDisconnect
 .text.USB_GetMode
                0x08005d74       0x1c ./Drivers/STM32F7xx_HAL_Driver/Src/stm32f7xx_ll_usb.o
                0x08005d74                USB_GetMode
 .text.USB_CoreReset
                0x08005d90       0x70 ./Drivers/STM32F7xx_HAL_Driver/Src/stm32f7xx_ll_usb.o
 .text.SVC_Setup
                0x08005e00        0xe ./Middlewares/Third_Party/FreeRTOS/Source/CMSIS_RTOS_V2/cmsis_os2.o
 *fill*         0x08005e0e        0x2 
 .text.osKernelInitialize
                0x08005e10       0x68 ./Middlewares/Third_Party/FreeRTOS/Source/CMSIS_RTOS_V2/cmsis_os2.o
                0x08005e10                osKernelInitialize
 .text.osKernelStart
                0x08005e78       0x6c ./Middlewares/Third_Party/FreeRTOS/Source/CMSIS_RTOS_V2/cmsis_os2.o
                0x08005e78                osKernelStart
 .text.osThreadNew
                0x08005ee4      0x14c ./Middlewares/Third_Party/FreeRTOS/Source/CMSIS_RTOS_V2/cmsis_os2.o
                0x08005ee4                osThreadNew
 .text.osDelay  0x08006030       0x5c ./Middlewares/Third_Party/FreeRTOS/Source/CMSIS_RTOS_V2/cmsis_os2.o
                0x08006030                osDelay
 .text.osMessageQueueNew
                0x0800608c      0x10c ./Middlewares/Third_Party/FreeRTOS/Source/CMSIS_RTOS_V2/cmsis_os2.o
                0x0800608c                osMessageQueueNew
 .text.osMessageQueuePut
                0x08006198       0xe8 ./Middlewares/Third_Party/FreeRTOS/Source/CMSIS_RTOS_V2/cmsis_os2.o
                0x08006198                osMessageQueuePut
 .text.osMessageQueueGet
                0x08006280       0xe4 ./Middlewares/Third_Party/FreeRTOS/Source/CMSIS_RTOS_V2/cmsis_os2.o
                0x08006280                osMessageQueueGet
 .text.vApplicationGetIdleTaskMemory
                0x08006364       0x34 ./Middlewares/Third_Party/FreeRTOS/Source/CMSIS_RTOS_V2/cmsis_os2.o
                0x08006364                vApplicationGetIdleTaskMemory
 .text.vApplicationGetTimerTaskMemory
                0x08006398       0x34 ./Middlewares/Third_Party/FreeRTOS/Source/CMSIS_RTOS_V2/cmsis_os2.o
                0x08006398                vApplicationGetTimerTaskMemory
 .text.vListInitialise
                0x080063cc       0x40 ./Middlewares/Third_Party/FreeRTOS/Source/list.o
                0x080063cc                vListInitialise
 .text.vListInitialiseItem
                0x0800640c       0x1a ./Middlewares/Third_Party/FreeRTOS/Source/list.o
                0x0800640c                vListInitialiseItem
 .text.vListInsertEnd
                0x08006426       0x48 ./Middlewares/Third_Party/FreeRTOS/Source/list.o
                0x08006426                vListInsertEnd
 .text.vListInsert
                0x0800646e       0x72 ./Middlewares/Third_Party/FreeRTOS/Source/list.o
                0x0800646e                vListInsert
 .text.uxListRemove
                0x080064e0       0x54 ./Middlewares/Third_Party/FreeRTOS/Source/list.o
                0x080064e0                uxListRemove
 .text.xQueueGenericReset
                0x08006534       0xd8 ./Middlewares/Third_Party/FreeRTOS/Source/queue.o
                0x08006534                xQueueGenericReset
 .text.xQueueGenericCreateStatic
                0x0800660c      0x10e ./Middlewares/Third_Party/FreeRTOS/Source/queue.o
                0x0800660c                xQueueGenericCreateStatic
 .text.xQueueGenericCreate
                0x0800671a       0x86 ./Middlewares/Third_Party/FreeRTOS/Source/queue.o
                0x0800671a                xQueueGenericCreate
 .text.prvInitialiseNewQueue
                0x080067a0       0x46 ./Middlewares/Third_Party/FreeRTOS/Source/queue.o
 *fill*         0x080067e6        0x2 
 .text.xQueueGenericSend
                0x080067e8      0x214 ./Middlewares/Third_Party/FreeRTOS/Source/queue.o
                0x080067e8                xQueueGenericSend
 .text.xQueueGenericSendFromISR
                0x080069fc      0x146 ./Middlewares/Third_Party/FreeRTOS/Source/queue.o
                0x080069fc                xQueueGenericSendFromISR
 *fill*         0x08006b42        0x2 
 .text.xQueueReceive
                0x08006b44      0x1d0 ./Middlewares/Third_Party/FreeRTOS/Source/queue.o
                0x08006b44                xQueueReceive
 .text.xQueueReceiveFromISR
                0x08006d14      0x110 ./Middlewares/Third_Party/FreeRTOS/Source/queue.o
                0x08006d14                xQueueReceiveFromISR
 .text.prvCopyDataToQueue
                0x08006e24       0xd4 ./Middlewares/Third_Party/FreeRTOS/Source/queue.o
 .text.prvCopyDataFromQueue
                0x08006ef8       0x4c ./Middlewares/Third_Party/FreeRTOS/Source/queue.o
 .text.prvUnlockQueue
                0x08006f44       0xa4 ./Middlewares/Third_Party/FreeRTOS/Source/queue.o
 .text.prvIsQueueEmpty
                0x08006fe8       0x2c ./Middlewares/Third_Party/FreeRTOS/Source/queue.o
 .text.prvIsQueueFull
                0x08007014       0x30 ./Middlewares/Third_Party/FreeRTOS/Source/queue.o
 .text.vQueueAddToRegistry
                0x08007044       0x54 ./Middlewares/Third_Party/FreeRTOS/Source/queue.o
                0x08007044                vQueueAddToRegistry
 .text.vQueueWaitForMessageRestricted
                0x08007098       0x68 ./Middlewares/Third_Party/FreeRTOS/Source/queue.o
                0x08007098                vQueueWaitForMessageRestricted
 .text.xTaskCreateStatic
                0x08007100       0xcc ./Middlewares/Third_Party/FreeRTOS/Source/tasks.o
                0x08007100                xTaskCreateStatic
 .text.xTaskCreate
                0x080071cc       0x8a ./Middlewares/Third_Party/FreeRTOS/Source/tasks.o
                0x080071cc                xTaskCreate
 *fill*         0x08007256        0x2 
 .text.prvInitialiseNewTask
                0x08007258      0x154 ./Middlewares/Third_Party/FreeRTOS/Source/tasks.o
 .text.prvAddNewTaskToReadyList
                0x080073ac       0xdc ./Middlewares/Third_Party/FreeRTOS/Source/tasks.o
 .text.vTaskDelay
                0x08007488       0x70 ./Middlewares/Third_Party/FreeRTOS/Source/tasks.o
                0x08007488                vTaskDelay
 .text.vTaskSuspend
                0x080074f8      0x12c ./Middlewares/Third_Party/FreeRTOS/Source/tasks.o
                0x080074f8                vTaskSuspend
 .text.vTaskStartScheduler
                0x08007624       0xe8 ./Middlewares/Third_Party/FreeRTOS/Source/tasks.o
                0x08007624                vTaskStartScheduler
 .text.vTaskSuspendAll
                0x0800770c       0x1c ./Middlewares/Third_Party/FreeRTOS/Source/tasks.o
                0x0800770c                vTaskSuspendAll
 .text.xTaskResumeAll
                0x08007728      0x140 ./Middlewares/Third_Party/FreeRTOS/Source/tasks.o
                0x08007728                xTaskResumeAll
 .text.xTaskGetTickCount
                0x08007868       0x20 ./Middlewares/Third_Party/FreeRTOS/Source/tasks.o
                0x08007868                xTaskGetTickCount
 .text.xTaskIncrementTick
                0x08007888      0x178 ./Middlewares/Third_Party/FreeRTOS/Source/tasks.o
                0x08007888                xTaskIncrementTick
 .text.vTaskSwitchContext
                0x08007a00       0xcc ./Middlewares/Third_Party/FreeRTOS/Source/tasks.o
                0x08007a00                vTaskSwitchContext
 .text.vTaskPlaceOnEventList
                0x08007acc       0x50 ./Middlewares/Third_Party/FreeRTOS/Source/tasks.o
                0x08007acc                vTaskPlaceOnEventList
 .text.vTaskPlaceOnEventListRestricted
                0x08007b1c       0x5c ./Middlewares/Third_Party/FreeRTOS/Source/tasks.o
                0x08007b1c                vTaskPlaceOnEventListRestricted
 .text.xTaskRemoveFromEventList
                0x08007b78       0xcc ./Middlewares/Third_Party/FreeRTOS/Source/tasks.o
                0x08007b78                xTaskRemoveFromEventList
 .text.vTaskInternalSetTimeOutState
                0x08007c44       0x2c ./Middlewares/Third_Party/FreeRTOS/Source/tasks.o
                0x08007c44                vTaskInternalSetTimeOutState
 .text.xTaskCheckForTimeOut
                0x08007c70       0xd0 ./Middlewares/Third_Party/FreeRTOS/Source/tasks.o
                0x08007c70                xTaskCheckForTimeOut
 .text.vTaskMissedYield
                0x08007d40       0x18 ./Middlewares/Third_Party/FreeRTOS/Source/tasks.o
                0x08007d40                vTaskMissedYield
 .text.prvIdleTask
                0x08007d58       0x30 ./Middlewares/Third_Party/FreeRTOS/Source/tasks.o
 .text.prvInitialiseTaskLists
                0x08007d88       0x80 ./Middlewares/Third_Party/FreeRTOS/Source/tasks.o
 .text.prvCheckTasksWaitingTermination
                0x08007e08       0x5c ./Middlewares/Third_Party/FreeRTOS/Source/tasks.o
 .text.prvDeleteTCB
                0x08007e64       0x6e ./Middlewares/Third_Party/FreeRTOS/Source/tasks.o
 *fill*         0x08007ed2        0x2 
 .text.prvResetNextTaskUnblockTime
                0x08007ed4       0x40 ./Middlewares/Third_Party/FreeRTOS/Source/tasks.o
 .text.xTaskGetSchedulerState
                0x08007f14       0x3c ./Middlewares/Third_Party/FreeRTOS/Source/tasks.o
                0x08007f14                xTaskGetSchedulerState
 .text.xTaskPriorityDisinherit
                0x08007f50      0x118 ./Middlewares/Third_Party/FreeRTOS/Source/tasks.o
                0x08007f50                xTaskPriorityDisinherit
 .text.prvAddCurrentTaskToDelayedList
                0x08008068       0xcc ./Middlewares/Third_Party/FreeRTOS/Source/tasks.o
 .text.xTimerCreateTimerTask
                0x08008134       0x98 ./Middlewares/Third_Party/FreeRTOS/Source/timers.o
                0x08008134                xTimerCreateTimerTask
 .text.xTimerGenericCommand
                0x080081cc       0xa0 ./Middlewares/Third_Party/FreeRTOS/Source/timers.o
                0x080081cc                xTimerGenericCommand
 .text.prvProcessExpiredTimer
                0x0800826c       0xa0 ./Middlewares/Third_Party/FreeRTOS/Source/timers.o
 .text.prvTimerTask
                0x0800830c       0x26 ./Middlewares/Third_Party/FreeRTOS/Source/timers.o
 *fill*         0x08008332        0x2 
 .text.prvProcessTimerOrBlockTask
                0x08008334       0x9c ./Middlewares/Third_Party/FreeRTOS/Source/timers.o
 .text.prvGetNextExpireTime
                0x080083d0       0x48 ./Middlewares/Third_Party/FreeRTOS/Source/timers.o
 .text.prvSampleTimeNow
                0x08008418       0x40 ./Middlewares/Third_Party/FreeRTOS/Source/timers.o
 .text.prvInsertTimerInActiveList
                0x08008458       0x84 ./Middlewares/Third_Party/FreeRTOS/Source/timers.o
 .text.prvProcessReceivedCommands
                0x080084dc      0x1d8 ./Middlewares/Third_Party/FreeRTOS/Source/timers.o
 .text.prvSwitchTimerLists
                0x080086b4       0xd0 ./Middlewares/Third_Party/FreeRTOS/Source/timers.o
 .text.prvCheckForValidListAndQueue
                0x08008784       0x80 ./Middlewares/Third_Party/FreeRTOS/Source/timers.o
 .text.pxPortInitialiseStack
                0x08008804       0x68 ./Middlewares/Third_Party/FreeRTOS/Source/portable/GCC/ARM_CM7/r0p1/port.o
                0x08008804                pxPortInitialiseStack
 .text.prvTaskExitError
                0x0800886c       0x64 ./Middlewares/Third_Party/FreeRTOS/Source/portable/GCC/ARM_CM7/r0p1/port.o
 .text.SVC_Handler
                0x080088d0       0x28 ./Middlewares/Third_Party/FreeRTOS/Source/portable/GCC/ARM_CM7/r0p1/port.o
                0x080088d0                SVC_Handler
 .text.prvPortStartFirstTask
                0x080088f8       0x28 ./Middlewares/Third_Party/FreeRTOS/Source/portable/GCC/ARM_CM7/r0p1/port.o
 .text.xPortStartScheduler
                0x08008920       0xfc ./Middlewares/Third_Party/FreeRTOS/Source/portable/GCC/ARM_CM7/r0p1/port.o
                0x08008920                xPortStartScheduler
 .text.vPortEnterCritical
                0x08008a1c       0x6c ./Middlewares/Third_Party/FreeRTOS/Source/portable/GCC/ARM_CM7/r0p1/port.o
                0x08008a1c                vPortEnterCritical
 .text.vPortExitCritical
                0x08008a88       0x58 ./Middlewares/Third_Party/FreeRTOS/Source/portable/GCC/ARM_CM7/r0p1/port.o
                0x08008a88                vPortExitCritical
 .text.PendSV_Handler
                0x08008ae0       0x68 ./Middlewares/Third_Party/FreeRTOS/Source/portable/GCC/ARM_CM7/r0p1/port.o
                0x08008ae0                PendSV_Handler
 .text.SysTick_Handler
                0x08008b48       0x48 ./Middlewares/Third_Party/FreeRTOS/Source/portable/GCC/ARM_CM7/r0p1/port.o
                0x08008b48                SysTick_Handler
 .text.vPortSetupTimerInterrupt
                0x08008b90       0x48 ./Middlewares/Third_Party/FreeRTOS/Source/portable/GCC/ARM_CM7/r0p1/port.o
                0x08008b90                vPortSetupTimerInterrupt
 .text.vPortEnableVFP
                0x08008bd8       0x14 ./Middlewares/Third_Party/FreeRTOS/Source/portable/GCC/ARM_CM7/r0p1/port.o
 .text.vPortValidateInterruptPriority
                0x08008bec       0x8c ./Middlewares/Third_Party/FreeRTOS/Source/portable/GCC/ARM_CM7/r0p1/port.o
                0x08008bec                vPortValidateInterruptPriority
 .text.pvPortMalloc
                0x08008c78      0x19c ./Middlewares/Third_Party/FreeRTOS/Source/portable/MemMang/heap_4.o
                0x08008c78                pvPortMalloc
 .text.vPortFree
                0x08008e14       0xc0 ./Middlewares/Third_Party/FreeRTOS/Source/portable/MemMang/heap_4.o
                0x08008e14                vPortFree
 .text.prvHeapInit
                0x08008ed4       0xc4 ./Middlewares/Third_Party/FreeRTOS/Source/portable/MemMang/heap_4.o
 .text.prvInsertBlockIntoFreeList
                0x08008f98       0xb4 ./Middlewares/Third_Party/FreeRTOS/Source/portable/MemMang/heap_4.o
 .text.arm_rfft_fast_init_f32
                0x0800904c      0x168 ../Drivers/CMSIS/Lib/GCC\libarm_cortexM7lfsp_math.a(arm_rfft_fast_init_f32.o)
                0x0800904c                arm_rfft_fast_init_f32
 .text.arm_rfft_fast_f32
                0x080091b4      0x188 ../Drivers/CMSIS/Lib/GCC\libarm_cortexM7lfsp_math.a(arm_rfft_fast_f32.o)
                0x080091b4                arm_rfft_fast_f32
 .text.arm_cfft_radix8by2_f32
                0x0800933c      0x1a0 ../Drivers/CMSIS/Lib/GCC\libarm_cortexM7lfsp_math.a(arm_cfft_f32.o)
                0x0800933c                arm_cfft_radix8by2_f32
 .text.arm_cfft_radix8by4_f32
                0x080094dc      0x4b0 ../Drivers/CMSIS/Lib/GCC\libarm_cortexM7lfsp_math.a(arm_cfft_f32.o)
                0x080094dc                arm_cfft_radix8by4_f32
 .text.arm_cfft_f32
                0x0800998c       0xf0 ../Drivers/CMSIS/Lib/GCC\libarm_cortexM7lfsp_math.a(arm_cfft_f32.o)
                0x0800998c                arm_cfft_f32
 .text.arm_radix8_butterfly_f32
                0x08009a7c      0x5e4 ../Drivers/CMSIS/Lib/GCC\libarm_cortexM7lfsp_math.a(arm_cfft_radix8_f32.o)
                0x08009a7c                arm_radix8_butterfly_f32
 .text.__cvt    0x0800a060       0xca C:/ST/STM32CubeIDE_1.18.0/STM32CubeIDE/plugins/com.st.stm32cube.ide.mcu.externaltools.gnu-tools-for-stm32.13.3.rel1.win32_1.0.0.202411081344/tools/bin/../lib/gcc/arm-none-eabi/13.3.1/../../../../arm-none-eabi/lib/thumb/v7e-m+fp/hard\libc_nano.a(libc_a-nano-vfprintf_float.o)
                0x0800a060                __cvt
 .text.__exponent
                0x0800a12a       0x74 C:/ST/STM32CubeIDE_1.18.0/STM32CubeIDE/plugins/com.st.stm32cube.ide.mcu.externaltools.gnu-tools-for-stm32.13.3.rel1.win32_1.0.0.202411081344/tools/bin/../lib/gcc/arm-none-eabi/13.3.1/../../../../arm-none-eabi/lib/thumb/v7e-m+fp/hard\libc_nano.a(libc_a-nano-vfprintf_float.o)
                0x0800a12a                __exponent
 *fill*         0x0800a19e        0x2 
 .text._printf_float
                0x0800a1a0      0x454 C:/ST/STM32CubeIDE_1.18.0/STM32CubeIDE/plugins/com.st.stm32cube.ide.mcu.externaltools.gnu-tools-for-stm32.13.3.rel1.win32_1.0.0.202411081344/tools/bin/../lib/gcc/arm-none-eabi/13.3.1/../../../../arm-none-eabi/lib/thumb/v7e-m+fp/hard\libc_nano.a(libc_a-nano-vfprintf_float.o)
                0x0800a1a0                _printf_float
 .text._printf_common
                0x0800a5f4       0xda C:/ST/STM32CubeIDE_1.18.0/STM32CubeIDE/plugins/com.st.stm32cube.ide.mcu.externaltools.gnu-tools-for-stm32.13.3.rel1.win32_1.0.0.202411081344/tools/bin/../lib/gcc/arm-none-eabi/13.3.1/../../../../arm-none-eabi/lib/thumb/v7e-m+fp/hard\libc_nano.a(libc_a-nano-vfprintf_i.o)
                0x0800a5f4                _printf_common
 *fill*         0x0800a6ce        0x2 
 .text._printf_i
                0x0800a6d0      0x23c C:/ST/STM32CubeIDE_1.18.0/STM32CubeIDE/plugins/com.st.stm32cube.ide.mcu.externaltools.gnu-tools-for-stm32.13.3.rel1.win32_1.0.0.202411081344/tools/bin/../lib/gcc/arm-none-eabi/13.3.1/../../../../arm-none-eabi/lib/thumb/v7e-m+fp/hard\libc_nano.a(libc_a-nano-vfprintf_i.o)
                0x0800a6d0                _printf_i
 .text.std      0x0800a90c       0x6c C:/ST/STM32CubeIDE_1.18.0/STM32CubeIDE/plugins/com.st.stm32cube.ide.mcu.externaltools.gnu-tools-for-stm32.13.3.rel1.win32_1.0.0.202411081344/tools/bin/../lib/gcc/arm-none-eabi/13.3.1/../../../../arm-none-eabi/lib/thumb/v7e-m+fp/hard\libc_nano.a(libc_a-findfp.o)
 .text.stdio_exit_handler
                0x0800a978       0x18 C:/ST/STM32CubeIDE_1.18.0/STM32CubeIDE/plugins/com.st.stm32cube.ide.mcu.externaltools.gnu-tools-for-stm32.13.3.rel1.win32_1.0.0.202411081344/tools/bin/../lib/gcc/arm-none-eabi/13.3.1/../../../../arm-none-eabi/lib/thumb/v7e-m+fp/hard\libc_nano.a(libc_a-findfp.o)
 .text.cleanup_stdio
                0x0800a990       0x40 C:/ST/STM32CubeIDE_1.18.0/STM32CubeIDE/plugins/com.st.stm32cube.ide.mcu.externaltools.gnu-tools-for-stm32.13.3.rel1.win32_1.0.0.202411081344/tools/bin/../lib/gcc/arm-none-eabi/13.3.1/../../../../arm-none-eabi/lib/thumb/v7e-m+fp/hard\libc_nano.a(libc_a-findfp.o)
 .text.global_stdio_init.part.0
                0x0800a9d0       0x3c C:/ST/STM32CubeIDE_1.18.0/STM32CubeIDE/plugins/com.st.stm32cube.ide.mcu.externaltools.gnu-tools-for-stm32.13.3.rel1.win32_1.0.0.202411081344/tools/bin/../lib/gcc/arm-none-eabi/13.3.1/../../../../arm-none-eabi/lib/thumb/v7e-m+fp/hard\libc_nano.a(libc_a-findfp.o)
 .text.__sfp_lock_acquire
                0x0800aa0c        0xc C:/ST/STM32CubeIDE_1.18.0/STM32CubeIDE/plugins/com.st.stm32cube.ide.mcu.externaltools.gnu-tools-for-stm32.13.3.rel1.win32_1.0.0.202411081344/tools/bin/../lib/gcc/arm-none-eabi/13.3.1/../../../../arm-none-eabi/lib/thumb/v7e-m+fp/hard\libc_nano.a(libc_a-findfp.o)
                0x0800aa0c                __sfp_lock_acquire
 .text.__sfp_lock_release
                0x0800aa18        0xc C:/ST/STM32CubeIDE_1.18.0/STM32CubeIDE/plugins/com.st.stm32cube.ide.mcu.externaltools.gnu-tools-for-stm32.13.3.rel1.win32_1.0.0.202411081344/tools/bin/../lib/gcc/arm-none-eabi/13.3.1/../../../../arm-none-eabi/lib/thumb/v7e-m+fp/hard\libc_nano.a(libc_a-findfp.o)
                0x0800aa18                __sfp_lock_release
 .text.__sinit  0x0800aa24       0x30 C:/ST/STM32CubeIDE_1.18.0/STM32CubeIDE/plugins/com.st.stm32cube.ide.mcu.externaltools.gnu-tools-for-stm32.13.3.rel1.win32_1.0.0.202411081344/tools/bin/../lib/gcc/arm-none-eabi/13.3.1/../../../../arm-none-eabi/lib/thumb/v7e-m+fp/hard\libc_nano.a(libc_a-findfp.o)
                0x0800aa24                __sinit
 .text._fwalk_sglue
                0x0800aa54       0x3c C:/ST/STM32CubeIDE_1.18.0/STM32CubeIDE/plugins/com.st.stm32cube.ide.mcu.externaltools.gnu-tools-for-stm32.13.3.rel1.win32_1.0.0.202411081344/tools/bin/../lib/gcc/arm-none-eabi/13.3.1/../../../../arm-none-eabi/lib/thumb/v7e-m+fp/hard\libc_nano.a(libc_a-fwalk.o)
                0x0800aa54                _fwalk_sglue
 .text.snprintf
                0x0800aa90       0x6c C:/ST/STM32CubeIDE_1.18.0/STM32CubeIDE/plugins/com.st.stm32cube.ide.mcu.externaltools.gnu-tools-for-stm32.13.3.rel1.win32_1.0.0.202411081344/tools/bin/../lib/gcc/arm-none-eabi/13.3.1/../../../../arm-none-eabi/lib/thumb/v7e-m+fp/hard\libc_nano.a(libc_a-snprintf.o)
                0x0800aa90                sniprintf
                0x0800aa90                snprintf
 .text.__sread  0x0800aafc       0x22 C:/ST/STM32CubeIDE_1.18.0/STM32CubeIDE/plugins/com.st.stm32cube.ide.mcu.externaltools.gnu-tools-for-stm32.13.3.rel1.win32_1.0.0.202411081344/tools/bin/../lib/gcc/arm-none-eabi/13.3.1/../../../../arm-none-eabi/lib/thumb/v7e-m+fp/hard\libc_nano.a(libc_a-stdio.o)
                0x0800aafc                __sread
 .text.__swrite
                0x0800ab1e       0x38 C:/ST/STM32CubeIDE_1.18.0/STM32CubeIDE/plugins/com.st.stm32cube.ide.mcu.externaltools.gnu-tools-for-stm32.13.3.rel1.win32_1.0.0.202411081344/tools/bin/../lib/gcc/arm-none-eabi/13.3.1/../../../../arm-none-eabi/lib/thumb/v7e-m+fp/hard\libc_nano.a(libc_a-stdio.o)
                0x0800ab1e                __swrite
 .text.__sseek  0x0800ab56       0x24 C:/ST/STM32CubeIDE_1.18.0/STM32CubeIDE/plugins/com.st.stm32cube.ide.mcu.externaltools.gnu-tools-for-stm32.13.3.rel1.win32_1.0.0.202411081344/tools/bin/../lib/gcc/arm-none-eabi/13.3.1/../../../../arm-none-eabi/lib/thumb/v7e-m+fp/hard\libc_nano.a(libc_a-stdio.o)
                0x0800ab56                __sseek
 .text.__sclose
                0x0800ab7a        0x8 C:/ST/STM32CubeIDE_1.18.0/STM32CubeIDE/plugins/com.st.stm32cube.ide.mcu.externaltools.gnu-tools-for-stm32.13.3.rel1.win32_1.0.0.202411081344/tools/bin/../lib/gcc/arm-none-eabi/13.3.1/../../../../arm-none-eabi/lib/thumb/v7e-m+fp/hard\libc_nano.a(libc_a-stdio.o)
                0x0800ab7a                __sclose
 .text._vsnprintf_r
                0x0800ab82       0x5c C:/ST/STM32CubeIDE_1.18.0/STM32CubeIDE/plugins/com.st.stm32cube.ide.mcu.externaltools.gnu-tools-for-stm32.13.3.rel1.win32_1.0.0.202411081344/tools/bin/../lib/gcc/arm-none-eabi/13.3.1/../../../../arm-none-eabi/lib/thumb/v7e-m+fp/hard\libc_nano.a(libc_a-vsnprintf.o)
                0x0800ab82                _vsniprintf_r
                0x0800ab82                _vsnprintf_r
 *fill*         0x0800abde        0x2 
 .text.vsnprintf
                0x0800abe0       0x1c C:/ST/STM32CubeIDE_1.18.0/STM32CubeIDE/plugins/com.st.stm32cube.ide.mcu.externaltools.gnu-tools-for-stm32.13.3.rel1.win32_1.0.0.202411081344/tools/bin/../lib/gcc/arm-none-eabi/13.3.1/../../../../arm-none-eabi/lib/thumb/v7e-m+fp/hard\libc_nano.a(libc_a-vsnprintf.o)
                0x0800abe0                vsniprintf
                0x0800abe0                vsnprintf
 .text.memset   0x0800abfc       0x10 C:/ST/STM32CubeIDE_1.18.0/STM32CubeIDE/plugins/com.st.stm32cube.ide.mcu.externaltools.gnu-tools-for-stm32.13.3.rel1.win32_1.0.0.202411081344/tools/bin/../lib/gcc/arm-none-eabi/13.3.1/../../../../arm-none-eabi/lib/thumb/v7e-m+fp/hard\libc_nano.a(libc_a-memset.o)
                0x0800abfc                memset
 .text._localeconv_r
                0x0800ac0c        0x8 C:/ST/STM32CubeIDE_1.18.0/STM32CubeIDE/plugins/com.st.stm32cube.ide.mcu.externaltools.gnu-tools-for-stm32.13.3.rel1.win32_1.0.0.202411081344/tools/bin/../lib/gcc/arm-none-eabi/13.3.1/../../../../arm-none-eabi/lib/thumb/v7e-m+fp/hard\libc_nano.a(libc_a-localeconv.o)
                0x0800ac0c                _localeconv_r
 .text._close_r
                0x0800ac14       0x20 C:/ST/STM32CubeIDE_1.18.0/STM32CubeIDE/plugins/com.st.stm32cube.ide.mcu.externaltools.gnu-tools-for-stm32.13.3.rel1.win32_1.0.0.202411081344/tools/bin/../lib/gcc/arm-none-eabi/13.3.1/../../../../arm-none-eabi/lib/thumb/v7e-m+fp/hard\libc_nano.a(libc_a-closer.o)
                0x0800ac14                _close_r
 .text._reclaim_reent
                0x0800ac34       0xbc C:/ST/STM32CubeIDE_1.18.0/STM32CubeIDE/plugins/com.st.stm32cube.ide.mcu.externaltools.gnu-tools-for-stm32.13.3.rel1.win32_1.0.0.202411081344/tools/bin/../lib/gcc/arm-none-eabi/13.3.1/../../../../arm-none-eabi/lib/thumb/v7e-m+fp/hard\libc_nano.a(libc_a-reent.o)
                0x0800ac34                _reclaim_reent
 .text._lseek_r
                0x0800acf0       0x24 C:/ST/STM32CubeIDE_1.18.0/STM32CubeIDE/plugins/com.st.stm32cube.ide.mcu.externaltools.gnu-tools-for-stm32.13.3.rel1.win32_1.0.0.202411081344/tools/bin/../lib/gcc/arm-none-eabi/13.3.1/../../../../arm-none-eabi/lib/thumb/v7e-m+fp/hard\libc_nano.a(libc_a-lseekr.o)
                0x0800acf0                _lseek_r
 .text._read_r  0x0800ad14       0x24 C:/ST/STM32CubeIDE_1.18.0/STM32CubeIDE/plugins/com.st.stm32cube.ide.mcu.externaltools.gnu-tools-for-stm32.13.3.rel1.win32_1.0.0.202411081344/tools/bin/../lib/gcc/arm-none-eabi/13.3.1/../../../../arm-none-eabi/lib/thumb/v7e-m+fp/hard\libc_nano.a(libc_a-readr.o)
                0x0800ad14                _read_r
 .text._write_r
                0x0800ad38       0x24 C:/ST/STM32CubeIDE_1.18.0/STM32CubeIDE/plugins/com.st.stm32cube.ide.mcu.externaltools.gnu-tools-for-stm32.13.3.rel1.win32_1.0.0.202411081344/tools/bin/../lib/gcc/arm-none-eabi/13.3.1/../../../../arm-none-eabi/lib/thumb/v7e-m+fp/hard\libc_nano.a(libc_a-writer.o)
                0x0800ad38                _write_r
 .text.__errno  0x0800ad5c        0xc C:/ST/STM32CubeIDE_1.18.0/STM32CubeIDE/plugins/com.st.stm32cube.ide.mcu.externaltools.gnu-tools-for-stm32.13.3.rel1.win32_1.0.0.202411081344/tools/bin/../lib/gcc/arm-none-eabi/13.3.1/../../../../arm-none-eabi/lib/thumb/v7e-m+fp/hard\libc_nano.a(libc_a-errno.o)
                0x0800ad5c                __errno
 .text.__libc_init_array
                0x0800ad68       0x48 C:/ST/STM32CubeIDE_1.18.0/STM32CubeIDE/plugins/com.st.stm32cube.ide.mcu.externaltools.gnu-tools-for-stm32.13.3.rel1.win32_1.0.0.202411081344/tools/bin/../lib/gcc/arm-none-eabi/13.3.1/../../../../arm-none-eabi/lib/thumb/v7e-m+fp/hard\libc_nano.a(libc_a-init.o)
                0x0800ad68                __libc_init_array
 .text.__retarget_lock_init_recursive
                0x0800adb0        0x2 C:/ST/STM32CubeIDE_1.18.0/STM32CubeIDE/plugins/com.st.stm32cube.ide.mcu.externaltools.gnu-tools-for-stm32.13.3.rel1.win32_1.0.0.202411081344/tools/bin/../lib/gcc/arm-none-eabi/13.3.1/../../../../arm-none-eabi/lib/thumb/v7e-m+fp/hard\libc_nano.a(libc_a-lock.o)
                0x0800adb0                __retarget_lock_init_recursive
 .text.__retarget_lock_acquire_recursive
                0x0800adb2        0x2 C:/ST/STM32CubeIDE_1.18.0/STM32CubeIDE/plugins/com.st.stm32cube.ide.mcu.externaltools.gnu-tools-for-stm32.13.3.rel1.win32_1.0.0.202411081344/tools/bin/../lib/gcc/arm-none-eabi/13.3.1/../../../../arm-none-eabi/lib/thumb/v7e-m+fp/hard\libc_nano.a(libc_a-lock.o)
                0x0800adb2                __retarget_lock_acquire_recursive
 .text.__retarget_lock_release_recursive
                0x0800adb4        0x2 C:/ST/STM32CubeIDE_1.18.0/STM32CubeIDE/plugins/com.st.stm32cube.ide.mcu.externaltools.gnu-tools-for-stm32.13.3.rel1.win32_1.0.0.202411081344/tools/bin/../lib/gcc/arm-none-eabi/13.3.1/../../../../arm-none-eabi/lib/thumb/v7e-m+fp/hard\libc_nano.a(libc_a-lock.o)
                0x0800adb4                __retarget_lock_release_recursive
 .text.memcpy   0x0800adb6       0x1c C:/ST/STM32CubeIDE_1.18.0/STM32CubeIDE/plugins/com.st.stm32cube.ide.mcu.externaltools.gnu-tools-for-stm32.13.3.rel1.win32_1.0.0.202411081344/tools/bin/../lib/gcc/arm-none-eabi/13.3.1/../../../../arm-none-eabi/lib/thumb/v7e-m+fp/hard\libc_nano.a(libc_a-memcpy-stub.o)
                0x0800adb6                memcpy
 .text.quorem   0x0800add2      0x110 C:/ST/STM32CubeIDE_1.18.0/STM32CubeIDE/plugins/com.st.stm32cube.ide.mcu.externaltools.gnu-tools-for-stm32.13.3.rel1.win32_1.0.0.202411081344/tools/bin/../lib/gcc/arm-none-eabi/13.3.1/../../../../arm-none-eabi/lib/thumb/v7e-m+fp/hard\libc_nano.a(libc_a-dtoa.o)
 *fill*         0x0800aee2        0x6 
 .text._dtoa_r  0x0800aee8      0xba0 C:/ST/STM32CubeIDE_1.18.0/STM32CubeIDE/plugins/com.st.stm32cube.ide.mcu.externaltools.gnu-tools-for-stm32.13.3.rel1.win32_1.0.0.202411081344/tools/bin/../lib/gcc/arm-none-eabi/13.3.1/../../../../arm-none-eabi/lib/thumb/v7e-m+fp/hard\libc_nano.a(libc_a-dtoa.o)
                0x0800aee8                _dtoa_r
 .text._free_r  0x0800ba88       0x94 C:/ST/STM32CubeIDE_1.18.0/STM32CubeIDE/plugins/com.st.stm32cube.ide.mcu.externaltools.gnu-tools-for-stm32.13.3.rel1.win32_1.0.0.202411081344/tools/bin/../lib/gcc/arm-none-eabi/13.3.1/../../../../arm-none-eabi/lib/thumb/v7e-m+fp/hard\libc_nano.a(libc_a-freer.o)
                0x0800ba88                _free_r
 .text.malloc   0x0800bb1c       0x10 C:/ST/STM32CubeIDE_1.18.0/STM32CubeIDE/plugins/com.st.stm32cube.ide.mcu.externaltools.gnu-tools-for-stm32.13.3.rel1.win32_1.0.0.202411081344/tools/bin/../lib/gcc/arm-none-eabi/13.3.1/../../../../arm-none-eabi/lib/thumb/v7e-m+fp/hard\libc_nano.a(libc_a-malloc.o)
                0x0800bb1c                malloc
 .text.sbrk_aligned
                0x0800bb2c       0x44 C:/ST/STM32CubeIDE_1.18.0/STM32CubeIDE/plugins/com.st.stm32cube.ide.mcu.externaltools.gnu-tools-for-stm32.13.3.rel1.win32_1.0.0.202411081344/tools/bin/../lib/gcc/arm-none-eabi/13.3.1/../../../../arm-none-eabi/lib/thumb/v7e-m+fp/hard\libc_nano.a(libc_a-mallocr.o)
 .text._malloc_r
                0x0800bb70      0x100 C:/ST/STM32CubeIDE_1.18.0/STM32CubeIDE/plugins/com.st.stm32cube.ide.mcu.externaltools.gnu-tools-for-stm32.13.3.rel1.win32_1.0.0.202411081344/tools/bin/../lib/gcc/arm-none-eabi/13.3.1/../../../../arm-none-eabi/lib/thumb/v7e-m+fp/hard\libc_nano.a(libc_a-mallocr.o)
                0x0800bb70                _malloc_r
 .text.__malloc_lock
                0x0800bc70        0xc C:/ST/STM32CubeIDE_1.18.0/STM32CubeIDE/plugins/com.st.stm32cube.ide.mcu.externaltools.gnu-tools-for-stm32.13.3.rel1.win32_1.0.0.202411081344/tools/bin/../lib/gcc/arm-none-eabi/13.3.1/../../../../arm-none-eabi/lib/thumb/v7e-m+fp/hard\libc_nano.a(libc_a-mlock.o)
                0x0800bc70                __malloc_lock
 .text.__malloc_unlock
                0x0800bc7c        0xc C:/ST/STM32CubeIDE_1.18.0/STM32CubeIDE/plugins/com.st.stm32cube.ide.mcu.externaltools.gnu-tools-for-stm32.13.3.rel1.win32_1.0.0.202411081344/tools/bin/../lib/gcc/arm-none-eabi/13.3.1/../../../../arm-none-eabi/lib/thumb/v7e-m+fp/hard\libc_nano.a(libc_a-mlock.o)
                0x0800bc7c                __malloc_unlock
 .text._Balloc  0x0800bc88       0x80 C:/ST/STM32CubeIDE_1.18.0/STM32CubeIDE/plugins/com.st.stm32cube.ide.mcu.externaltools.gnu-tools-for-stm32.13.3.rel1.win32_1.0.0.202411081344/tools/bin/../lib/gcc/arm-none-eabi/13.3.1/../../../../arm-none-eabi/lib/thumb/v7e-m+fp/hard\libc_nano.a(libc_a-mprec.o)
                0x0800bc88                _Balloc
 .text._Bfree   0x0800bd08       0x44 C:/ST/STM32CubeIDE_1.18.0/STM32CubeIDE/plugins/com.st.stm32cube.ide.mcu.externaltools.gnu-tools-for-stm32.13.3.rel1.win32_1.0.0.202411081344/tools/bin/../lib/gcc/arm-none-eabi/13.3.1/../../../../arm-none-eabi/lib/thumb/v7e-m+fp/hard\libc_nano.a(libc_a-mprec.o)
                0x0800bd08                _Bfree
 .text.__multadd
                0x0800bd4c       0x8c C:/ST/STM32CubeIDE_1.18.0/STM32CubeIDE/plugins/com.st.stm32cube.ide.mcu.externaltools.gnu-tools-for-stm32.13.3.rel1.win32_1.0.0.202411081344/tools/bin/../lib/gcc/arm-none-eabi/13.3.1/../../../../arm-none-eabi/lib/thumb/v7e-m+fp/hard\libc_nano.a(libc_a-mprec.o)
                0x0800bd4c                __multadd
 .text.__hi0bits
                0x0800bdd8       0x3e C:/ST/STM32CubeIDE_1.18.0/STM32CubeIDE/plugins/com.st.stm32cube.ide.mcu.externaltools.gnu-tools-for-stm32.13.3.rel1.win32_1.0.0.202411081344/tools/bin/../lib/gcc/arm-none-eabi/13.3.1/../../../../arm-none-eabi/lib/thumb/v7e-m+fp/hard\libc_nano.a(libc_a-mprec.o)
                0x0800bdd8                __hi0bits
 .text.__lo0bits
                0x0800be16       0x5a C:/ST/STM32CubeIDE_1.18.0/STM32CubeIDE/plugins/com.st.stm32cube.ide.mcu.externaltools.gnu-tools-for-stm32.13.3.rel1.win32_1.0.0.202411081344/tools/bin/../lib/gcc/arm-none-eabi/13.3.1/../../../../arm-none-eabi/lib/thumb/v7e-m+fp/hard\libc_nano.a(libc_a-mprec.o)
                0x0800be16                __lo0bits
 .text.__i2b    0x0800be70       0x2c C:/ST/STM32CubeIDE_1.18.0/STM32CubeIDE/plugins/com.st.stm32cube.ide.mcu.externaltools.gnu-tools-for-stm32.13.3.rel1.win32_1.0.0.202411081344/tools/bin/../lib/gcc/arm-none-eabi/13.3.1/../../../../arm-none-eabi/lib/thumb/v7e-m+fp/hard\libc_nano.a(libc_a-mprec.o)
                0x0800be70                __i2b
 .text.__multiply
                0x0800be9c      0x144 C:/ST/STM32CubeIDE_1.18.0/STM32CubeIDE/plugins/com.st.stm32cube.ide.mcu.externaltools.gnu-tools-for-stm32.13.3.rel1.win32_1.0.0.202411081344/tools/bin/../lib/gcc/arm-none-eabi/13.3.1/../../../../arm-none-eabi/lib/thumb/v7e-m+fp/hard\libc_nano.a(libc_a-mprec.o)
                0x0800be9c                __multiply
 .text.__pow5mult
                0x0800bfe0       0xb4 C:/ST/STM32CubeIDE_1.18.0/STM32CubeIDE/plugins/com.st.stm32cube.ide.mcu.externaltools.gnu-tools-for-stm32.13.3.rel1.win32_1.0.0.202411081344/tools/bin/../lib/gcc/arm-none-eabi/13.3.1/../../../../arm-none-eabi/lib/thumb/v7e-m+fp/hard\libc_nano.a(libc_a-mprec.o)
                0x0800bfe0                __pow5mult
 .text.__lshift
                0x0800c094       0xd8 C:/ST/STM32CubeIDE_1.18.0/STM32CubeIDE/plugins/com.st.stm32cube.ide.mcu.externaltools.gnu-tools-for-stm32.13.3.rel1.win32_1.0.0.202411081344/tools/bin/../lib/gcc/arm-none-eabi/13.3.1/../../../../arm-none-eabi/lib/thumb/v7e-m+fp/hard\libc_nano.a(libc_a-mprec.o)
                0x0800c094                __lshift
 .text.__mcmp   0x0800c16c       0x36 C:/ST/STM32CubeIDE_1.18.0/STM32CubeIDE/plugins/com.st.stm32cube.ide.mcu.externaltools.gnu-tools-for-stm32.13.3.rel1.win32_1.0.0.202411081344/tools/bin/../lib/gcc/arm-none-eabi/13.3.1/../../../../arm-none-eabi/lib/thumb/v7e-m+fp/hard\libc_nano.a(libc_a-mprec.o)
                0x0800c16c                __mcmp
 *fill*         0x0800c1a2        0x2 
 .text.__mdiff  0x0800c1a4      0x128 C:/ST/STM32CubeIDE_1.18.0/STM32CubeIDE/plugins/com.st.stm32cube.ide.mcu.externaltools.gnu-tools-for-stm32.13.3.rel1.win32_1.0.0.202411081344/tools/bin/../lib/gcc/arm-none-eabi/13.3.1/../../../../arm-none-eabi/lib/thumb/v7e-m+fp/hard\libc_nano.a(libc_a-mprec.o)
                0x0800c1a4                __mdiff
 .text.__d2b    0x0800c2cc       0xb0 C:/ST/STM32CubeIDE_1.18.0/STM32CubeIDE/plugins/com.st.stm32cube.ide.mcu.externaltools.gnu-tools-for-stm32.13.3.rel1.win32_1.0.0.202411081344/tools/bin/../lib/gcc/arm-none-eabi/13.3.1/../../../../arm-none-eabi/lib/thumb/v7e-m+fp/hard\libc_nano.a(libc_a-mprec.o)
                0x0800c2cc                __d2b
 .text.__ssputs_r
                0x0800c37c       0xb6 C:/ST/STM32CubeIDE_1.18.0/STM32CubeIDE/plugins/com.st.stm32cube.ide.mcu.externaltools.gnu-tools-for-stm32.13.3.rel1.win32_1.0.0.202411081344/tools/bin/../lib/gcc/arm-none-eabi/13.3.1/../../../../arm-none-eabi/lib/thumb/v7e-m+fp/hard\libc_nano.a(libc_a-nano-svfprintf.o)
                0x0800c37c                __ssputs_r
 *fill*         0x0800c432        0x2 
 .text._svfprintf_r
                0x0800c434      0x1f8 C:/ST/STM32CubeIDE_1.18.0/STM32CubeIDE/plugins/com.st.stm32cube.ide.mcu.externaltools.gnu-tools-for-stm32.13.3.rel1.win32_1.0.0.202411081344/tools/bin/../lib/gcc/arm-none-eabi/13.3.1/../../../../arm-none-eabi/lib/thumb/v7e-m+fp/hard\libc_nano.a(libc_a-nano-svfprintf.o)
                0x0800c434                _svfiprintf_r
                0x0800c434                _svfprintf_r
 .text.__sflush_r
                0x0800c62c      0x108 C:/ST/STM32CubeIDE_1.18.0/STM32CubeIDE/plugins/com.st.stm32cube.ide.mcu.externaltools.gnu-tools-for-stm32.13.3.rel1.win32_1.0.0.202411081344/tools/bin/../lib/gcc/arm-none-eabi/13.3.1/../../../../arm-none-eabi/lib/thumb/v7e-m+fp/hard\libc_nano.a(libc_a-fflush.o)
                0x0800c62c                __sflush_r
 .text._fflush_r
                0x0800c734       0x50 C:/ST/STM32CubeIDE_1.18.0/STM32CubeIDE/plugins/com.st.stm32cube.ide.mcu.externaltools.gnu-tools-for-stm32.13.3.rel1.win32_1.0.0.202411081344/tools/bin/../lib/gcc/arm-none-eabi/13.3.1/../../../../arm-none-eabi/lib/thumb/v7e-m+fp/hard\libc_nano.a(libc_a-fflush.o)
                0x0800c734                _fflush_r
 .text.memmove  0x0800c784       0x34 C:/ST/STM32CubeIDE_1.18.0/STM32CubeIDE/plugins/com.st.stm32cube.ide.mcu.externaltools.gnu-tools-for-stm32.13.3.rel1.win32_1.0.0.202411081344/tools/bin/../lib/gcc/arm-none-eabi/13.3.1/../../../../arm-none-eabi/lib/thumb/v7e-m+fp/hard\libc_nano.a(libc_a-memmove.o)
                0x0800c784                memmove
 .text._sbrk_r  0x0800c7b8       0x20 C:/ST/STM32CubeIDE_1.18.0/STM32CubeIDE/plugins/com.st.stm32cube.ide.mcu.externaltools.gnu-tools-for-stm32.13.3.rel1.win32_1.0.0.202411081344/tools/bin/../lib/gcc/arm-none-eabi/13.3.1/../../../../arm-none-eabi/lib/thumb/v7e-m+fp/hard\libc_nano.a(libc_a-sbrkr.o)
                0x0800c7b8                _sbrk_r
 .text.__assert_func
                0x0800c7d8       0x3c C:/ST/STM32CubeIDE_1.18.0/STM32CubeIDE/plugins/com.st.stm32cube.ide.mcu.externaltools.gnu-tools-for-stm32.13.3.rel1.win32_1.0.0.202411081344/tools/bin/../lib/gcc/arm-none-eabi/13.3.1/../../../../arm-none-eabi/lib/thumb/v7e-m+fp/hard\libc_nano.a(libc_a-assert.o)
                0x0800c7d8                __assert_func
 .text._calloc_r
                0x0800c814       0x28 C:/ST/STM32CubeIDE_1.18.0/STM32CubeIDE/plugins/com.st.stm32cube.ide.mcu.externaltools.gnu-tools-for-stm32.13.3.rel1.win32_1.0.0.202411081344/tools/bin/../lib/gcc/arm-none-eabi/13.3.1/../../../../arm-none-eabi/lib/thumb/v7e-m+fp/hard\libc_nano.a(libc_a-callocr.o)
                0x0800c814                _calloc_r
 .text.__ascii_mbtowc
                0x0800c83c       0x24 C:/ST/STM32CubeIDE_1.18.0/STM32CubeIDE/plugins/com.st.stm32cube.ide.mcu.externaltools.gnu-tools-for-stm32.13.3.rel1.win32_1.0.0.202411081344/tools/bin/../lib/gcc/arm-none-eabi/13.3.1/../../../../arm-none-eabi/lib/thumb/v7e-m+fp/hard\libc_nano.a(libc_a-mbtowc_r.o)
                0x0800c83c                __ascii_mbtowc
 .text._realloc_r
                0x0800c860       0x5c C:/ST/STM32CubeIDE_1.18.0/STM32CubeIDE/plugins/com.st.stm32cube.ide.mcu.externaltools.gnu-tools-for-stm32.13.3.rel1.win32_1.0.0.202411081344/tools/bin/../lib/gcc/arm-none-eabi/13.3.1/../../../../arm-none-eabi/lib/thumb/v7e-m+fp/hard\libc_nano.a(libc_a-reallocr.o)
                0x0800c860                _realloc_r
 .text.__ascii_wctomb
                0x0800c8bc       0x1a C:/ST/STM32CubeIDE_1.18.0/STM32CubeIDE/plugins/com.st.stm32cube.ide.mcu.externaltools.gnu-tools-for-stm32.13.3.rel1.win32_1.0.0.202411081344/tools/bin/../lib/gcc/arm-none-eabi/13.3.1/../../../../arm-none-eabi/lib/thumb/v7e-m+fp/hard\libc_nano.a(libc_a-wctomb_r.o)
                0x0800c8bc                __ascii_wctomb
 *fill*         0x0800c8d6        0x2 
 .text.fprintf  0x0800c8d8       0x24 C:/ST/STM32CubeIDE_1.18.0/STM32CubeIDE/plugins/com.st.stm32cube.ide.mcu.externaltools.gnu-tools-for-stm32.13.3.rel1.win32_1.0.0.202411081344/tools/bin/../lib/gcc/arm-none-eabi/13.3.1/../../../../arm-none-eabi/lib/thumb/v7e-m+fp/hard\libc_nano.a(libc_a-fprintf.o)
                0x0800c8d8                fiprintf
                0x0800c8d8                fprintf
 .text.abort    0x0800c8fc        0xe C:/ST/STM32CubeIDE_1.18.0/STM32CubeIDE/plugins/com.st.stm32cube.ide.mcu.externaltools.gnu-tools-for-stm32.13.3.rel1.win32_1.0.0.202411081344/tools/bin/../lib/gcc/arm-none-eabi/13.3.1/../../../../arm-none-eabi/lib/thumb/v7e-m+fp/hard\libc_nano.a(libc_a-abort.o)
                0x0800c8fc                abort
 .text._malloc_usable_size_r
                0x0800c90a       0x10 C:/ST/STM32CubeIDE_1.18.0/STM32CubeIDE/plugins/com.st.stm32cube.ide.mcu.externaltools.gnu-tools-for-stm32.13.3.rel1.win32_1.0.0.202411081344/tools/bin/../lib/gcc/arm-none-eabi/13.3.1/../../../../arm-none-eabi/lib/thumb/v7e-m+fp/hard\libc_nano.a(libc_a-msizer.o)
                0x0800c90a                _malloc_usable_size_r
 .text.__sfputc_r
                0x0800c91a       0x2e C:/ST/STM32CubeIDE_1.18.0/STM32CubeIDE/plugins/com.st.stm32cube.ide.mcu.externaltools.gnu-tools-for-stm32.13.3.rel1.win32_1.0.0.202411081344/tools/bin/../lib/gcc/arm-none-eabi/13.3.1/../../../../arm-none-eabi/lib/thumb/v7e-m+fp/hard\libc_nano.a(libc_a-nano-vfprintf.o)
 .text.__sfputs_r
                0x0800c948       0x24 C:/ST/STM32CubeIDE_1.18.0/STM32CubeIDE/plugins/com.st.stm32cube.ide.mcu.externaltools.gnu-tools-for-stm32.13.3.rel1.win32_1.0.0.202411081344/tools/bin/../lib/gcc/arm-none-eabi/13.3.1/../../../../arm-none-eabi/lib/thumb/v7e-m+fp/hard\libc_nano.a(libc_a-nano-vfprintf.o)
                0x0800c948                __sfputs_r
 .text._vfprintf_r
                0x0800c96c      0x230 C:/ST/STM32CubeIDE_1.18.0/STM32CubeIDE/plugins/com.st.stm32cube.ide.mcu.externaltools.gnu-tools-for-stm32.13.3.rel1.win32_1.0.0.202411081344/tools/bin/../lib/gcc/arm-none-eabi/13.3.1/../../../../arm-none-eabi/lib/thumb/v7e-m+fp/hard\libc_nano.a(libc_a-nano-vfprintf.o)
                0x0800c96c                _vfprintf_r
                0x0800c96c                _vfiprintf_r
 .text.__swbuf_r
                0x0800cb9c       0x7c C:/ST/STM32CubeIDE_1.18.0/STM32CubeIDE/plugins/com.st.stm32cube.ide.mcu.externaltools.gnu-tools-for-stm32.13.3.rel1.win32_1.0.0.202411081344/tools/bin/../lib/gcc/arm-none-eabi/13.3.1/../../../../arm-none-eabi/lib/thumb/v7e-m+fp/hard\libc_nano.a(libc_a-wbuf.o)
                0x0800cb9c                __swbuf_r
 .text.__swsetup_r
                0x0800cc18       0xac C:/ST/STM32CubeIDE_1.18.0/STM32CubeIDE/plugins/com.st.stm32cube.ide.mcu.externaltools.gnu-tools-for-stm32.13.3.rel1.win32_1.0.0.202411081344/tools/bin/../lib/gcc/arm-none-eabi/13.3.1/../../../../arm-none-eabi/lib/thumb/v7e-m+fp/hard\libc_nano.a(libc_a-wsetup.o)
                0x0800cc18                __swsetup_r
 .text._raise_r
                0x0800ccc4       0x50 C:/ST/STM32CubeIDE_1.18.0/STM32CubeIDE/plugins/com.st.stm32cube.ide.mcu.externaltools.gnu-tools-for-stm32.13.3.rel1.win32_1.0.0.202411081344/tools/bin/../lib/gcc/arm-none-eabi/13.3.1/../../../../arm-none-eabi/lib/thumb/v7e-m+fp/hard\libc_nano.a(libc_a-signal.o)
                0x0800ccc4                _raise_r
 .text.raise    0x0800cd14       0x10 C:/ST/STM32CubeIDE_1.18.0/STM32CubeIDE/plugins/com.st.stm32cube.ide.mcu.externaltools.gnu-tools-for-stm32.13.3.rel1.win32_1.0.0.202411081344/tools/bin/../lib/gcc/arm-none-eabi/13.3.1/../../../../arm-none-eabi/lib/thumb/v7e-m+fp/hard\libc_nano.a(libc_a-signal.o)
                0x0800cd14                raise
 .text._kill_r  0x0800cd24       0x24 C:/ST/STM32CubeIDE_1.18.0/STM32CubeIDE/plugins/com.st.stm32cube.ide.mcu.externaltools.gnu-tools-for-stm32.13.3.rel1.win32_1.0.0.202411081344/tools/bin/../lib/gcc/arm-none-eabi/13.3.1/../../../../arm-none-eabi/lib/thumb/v7e-m+fp/hard\libc_nano.a(libc_a-signalr.o)
                0x0800cd24                _kill_r
 .text._getpid_r
                0x0800cd48        0x4 C:/ST/STM32CubeIDE_1.18.0/STM32CubeIDE/plugins/com.st.stm32cube.ide.mcu.externaltools.gnu-tools-for-stm32.13.3.rel1.win32_1.0.0.202411081344/tools/bin/../lib/gcc/arm-none-eabi/13.3.1/../../../../arm-none-eabi/lib/thumb/v7e-m+fp/hard\libc_nano.a(libc_a-signalr.o)
                0x0800cd48                _getpid_r
 .text.__swhatbuf_r
                0x0800cd4c       0x4c C:/ST/STM32CubeIDE_1.18.0/STM32CubeIDE/plugins/com.st.stm32cube.ide.mcu.externaltools.gnu-tools-for-stm32.13.3.rel1.win32_1.0.0.202411081344/tools/bin/../lib/gcc/arm-none-eabi/13.3.1/../../../../arm-none-eabi/lib/thumb/v7e-m+fp/hard\libc_nano.a(libc_a-makebuf.o)
                0x0800cd4c                __swhatbuf_r
 .text.__smakebuf_r
                0x0800cd98       0x78 C:/ST/STM32CubeIDE_1.18.0/STM32CubeIDE/plugins/com.st.stm32cube.ide.mcu.externaltools.gnu-tools-for-stm32.13.3.rel1.win32_1.0.0.202411081344/tools/bin/../lib/gcc/arm-none-eabi/13.3.1/../../../../arm-none-eabi/lib/thumb/v7e-m+fp/hard\libc_nano.a(libc_a-makebuf.o)
                0x0800cd98                __smakebuf_r
 .text._fstat_r
                0x0800ce10       0x24 C:/ST/STM32CubeIDE_1.18.0/STM32CubeIDE/plugins/com.st.stm32cube.ide.mcu.externaltools.gnu-tools-for-stm32.13.3.rel1.win32_1.0.0.202411081344/tools/bin/../lib/gcc/arm-none-eabi/13.3.1/../../../../arm-none-eabi/lib/thumb/v7e-m+fp/hard\libc_nano.a(libc_a-fstatr.o)
                0x0800ce10                _fstat_r
 .text._isatty_r
                0x0800ce34       0x20 C:/ST/STM32CubeIDE_1.18.0/STM32CubeIDE/plugins/com.st.stm32cube.ide.mcu.externaltools.gnu-tools-for-stm32.13.3.rel1.win32_1.0.0.202411081344/tools/bin/../lib/gcc/arm-none-eabi/13.3.1/../../../../arm-none-eabi/lib/thumb/v7e-m+fp/hard\libc_nano.a(libc_a-isattyr.o)
                0x0800ce34                _isatty_r
 .text.sqrtf    0x0800ce54       0x3c C:/ST/STM32CubeIDE_1.18.0/STM32CubeIDE/plugins/com.st.stm32cube.ide.mcu.externaltools.gnu-tools-for-stm32.13.3.rel1.win32_1.0.0.202411081344/tools/bin/../lib/gcc/arm-none-eabi/13.3.1/../../../../arm-none-eabi/lib/thumb/v7e-m+fp/hard\libm.a(libm_a-wf_sqrt.o)
                0x0800ce54                sqrtf
 .text.__ieee754_sqrtf
                0x0800ce90        0x6 C:/ST/STM32CubeIDE_1.18.0/STM32CubeIDE/plugins/com.st.stm32cube.ide.mcu.externaltools.gnu-tools-for-stm32.13.3.rel1.win32_1.0.0.202411081344/tools/bin/../lib/gcc/arm-none-eabi/13.3.1/../../../../arm-none-eabi/lib/thumb/v7e-m+fp/hard\libm.a(libm_a-ef_sqrt.o)
                0x0800ce90                __ieee754_sqrtf
 *(.glue_7)
 .glue_7        0x0800ce96        0x0 linker stubs
 *(.glue_7t)
 .glue_7t       0x0800ce96        0x0 linker stubs
 *(.eh_frame)
 *fill*         0x0800ce96        0x2 
 .eh_frame      0x0800ce98        0x0 C:/ST/STM32CubeIDE_1.18.0/STM32CubeIDE/plugins/com.st.stm32cube.ide.mcu.externaltools.gnu-tools-for-stm32.13.3.rel1.win32_1.0.0.202411081344/tools/bin/../lib/gcc/arm-none-eabi/13.3.1/thumb/v7e-m+fp/hard/crtbegin.o
 *(.init)
 .init          0x0800ce98        0x4 C:/ST/STM32CubeIDE_1.18.0/STM32CubeIDE/plugins/com.st.stm32cube.ide.mcu.externaltools.gnu-tools-for-stm32.13.3.rel1.win32_1.0.0.202411081344/tools/bin/../lib/gcc/arm-none-eabi/13.3.1/thumb/v7e-m+fp/hard/crti.o
                0x0800ce98                _init
 .init          0x0800ce9c        0x8 C:/ST/STM32CubeIDE_1.18.0/STM32CubeIDE/plugins/com.st.stm32cube.ide.mcu.externaltools.gnu-tools-for-stm32.13.3.rel1.win32_1.0.0.202411081344/tools/bin/../lib/gcc/arm-none-eabi/13.3.1/thumb/v7e-m+fp/hard/crtn.o
 *(.fini)
 .fini          0x0800cea4        0x4 C:/ST/STM32CubeIDE_1.18.0/STM32CubeIDE/plugins/com.st.stm32cube.ide.mcu.externaltools.gnu-tools-for-stm32.13.3.rel1.win32_1.0.0.202411081344/tools/bin/../lib/gcc/arm-none-eabi/13.3.1/thumb/v7e-m+fp/hard/crti.o
                0x0800cea4                _fini
 .fini          0x0800cea8        0x8 C:/ST/STM32CubeIDE_1.18.0/STM32CubeIDE/plugins/com.st.stm32cube.ide.mcu.externaltools.gnu-tools-for-stm32.13.3.rel1.win32_1.0.0.202411081344/tools/bin/../lib/gcc/arm-none-eabi/13.3.1/thumb/v7e-m+fp/hard/crtn.o
                0x0800ceb0                        . = ALIGN (0x4)
                0x0800ceb0                        _etext = .

.vfp11_veneer   0x0800ceb0        0x0
 .vfp11_veneer  0x0800ceb0        0x0 linker stubs

.v4_bx          0x0800ceb0        0x0
 .v4_bx         0x0800ceb0        0x0 linker stubs

.iplt           0x0800ceb0        0x0
 .iplt          0x0800ceb0        0x0 C:/ST/STM32CubeIDE_1.18.0/STM32CubeIDE/plugins/com.st.stm32cube.ide.mcu.externaltools.gnu-tools-for-stm32.13.3.rel1.win32_1.0.0.202411081344/tools/bin/../lib/gcc/arm-none-eabi/13.3.1/thumb/v7e-m+fp/hard/crtbegin.o

.rodata         0x0800ceb0    0x13b3c
                0x0800ceb0                        . = ALIGN (0x4)
 *(.rodata)
 .rodata        0x0800ceb0      0x185 ./Core/Src/freertos.o
 *fill*         0x0800d035        0x3 
 .rodata        0x0800d038      0x1b7 ./Core/Src/main.o
 *fill*         0x0800d1ef        0x1 
 .rodata        0x0800d1f0        0x5 ./Middlewares/Third_Party/FreeRTOS/Source/tasks.o
 *fill*         0x0800d1f5        0x3 
 .rodata        0x0800d1f8        0xd ./Middlewares/Third_Party/FreeRTOS/Source/timers.o
 *(.rodata*)
 *fill*         0x0800d205        0x3 
 .rodata.AHBPrescTable
                0x0800d208       0x10 ./Core/Src/system_stm32f7xx.o
                0x0800d208                AHBPrescTable
 .rodata.APBPrescTable
                0x0800d218        0x8 ./Core/Src/system_stm32f7xx.o
                0x0800d218                APBPrescTable
 .rodata.twiddleCoef_2048
                0x0800d220     0x4000 ../Drivers/CMSIS/Lib/GCC\libarm_cortexM7lfsp_math.a(arm_common_tables.o)
                0x0800d220                twiddleCoef_2048
 .rodata.twiddleCoef_rfft_64
                0x08011220      0x100 ../Drivers/CMSIS/Lib/GCC\libarm_cortexM7lfsp_math.a(arm_common_tables.o)
                0x08011220                twiddleCoef_rfft_64
 .rodata.armBitRevIndexTable64
                0x08011320       0x70 ../Drivers/CMSIS/Lib/GCC\libarm_cortexM7lfsp_math.a(arm_common_tables.o)
                0x08011320                armBitRevIndexTable64
 .rodata.twiddleCoef_rfft_2048
                0x08011390     0x2000 ../Drivers/CMSIS/Lib/GCC\libarm_cortexM7lfsp_math.a(arm_common_tables.o)
                0x08011390                twiddleCoef_rfft_2048
 .rodata.twiddleCoef_rfft_4096
                0x08013390     0x4000 ../Drivers/CMSIS/Lib/GCC\libarm_cortexM7lfsp_math.a(arm_common_tables.o)
                0x08013390                twiddleCoef_rfft_4096
 .rodata.twiddleCoef_256
                0x08017390      0x800 ../Drivers/CMSIS/Lib/GCC\libarm_cortexM7lfsp_math.a(arm_common_tables.o)
                0x08017390                twiddleCoef_256
 .rodata.twiddleCoef_16
                0x08017b90       0x80 ../Drivers/CMSIS/Lib/GCC\libarm_cortexM7lfsp_math.a(arm_common_tables.o)
                0x08017b90                twiddleCoef_16
 .rodata.twiddleCoef_1024
                0x08017c10     0x2000 ../Drivers/CMSIS/Lib/GCC\libarm_cortexM7lfsp_math.a(arm_common_tables.o)
                0x08017c10                twiddleCoef_1024
 .rodata.twiddleCoef_32
                0x08019c10      0x100 ../Drivers/CMSIS/Lib/GCC\libarm_cortexM7lfsp_math.a(arm_common_tables.o)
                0x08019c10                twiddleCoef_32
 .rodata.armBitRevIndexTable1024
                0x08019d10      0xe10 ../Drivers/CMSIS/Lib/GCC\libarm_cortexM7lfsp_math.a(arm_common_tables.o)
                0x08019d10                armBitRevIndexTable1024
 .rodata.armBitRevIndexTable16
                0x0801ab20       0x28 ../Drivers/CMSIS/Lib/GCC\libarm_cortexM7lfsp_math.a(arm_common_tables.o)
                0x0801ab20                armBitRevIndexTable16
 .rodata.twiddleCoef_rfft_32
                0x0801ab48       0x80 ../Drivers/CMSIS/Lib/GCC\libarm_cortexM7lfsp_math.a(arm_common_tables.o)
                0x0801ab48                twiddleCoef_rfft_32
 .rodata.armBitRevIndexTable32
                0x0801abc8       0x60 ../Drivers/CMSIS/Lib/GCC\libarm_cortexM7lfsp_math.a(arm_common_tables.o)
                0x0801abc8                armBitRevIndexTable32
 .rodata.twiddleCoef_128
                0x0801ac28      0x400 ../Drivers/CMSIS/Lib/GCC\libarm_cortexM7lfsp_math.a(arm_common_tables.o)
                0x0801ac28                twiddleCoef_128
 .rodata.twiddleCoef_512
                0x0801b028     0x1000 ../Drivers/CMSIS/Lib/GCC\libarm_cortexM7lfsp_math.a(arm_common_tables.o)
                0x0801b028                twiddleCoef_512
 .rodata.armBitRevIndexTable2048
                0x0801c028     0x1dc0 ../Drivers/CMSIS/Lib/GCC\libarm_cortexM7lfsp_math.a(arm_common_tables.o)
                0x0801c028                armBitRevIndexTable2048
 .rodata.twiddleCoef_64
                0x0801dde8      0x200 ../Drivers/CMSIS/Lib/GCC\libarm_cortexM7lfsp_math.a(arm_common_tables.o)
                0x0801dde8                twiddleCoef_64
 .rodata.twiddleCoef_rfft_512
                0x0801dfe8      0x800 ../Drivers/CMSIS/Lib/GCC\libarm_cortexM7lfsp_math.a(arm_common_tables.o)
                0x0801dfe8                twiddleCoef_rfft_512
 .rodata.armBitRevIndexTable512
                0x0801e7e8      0x380 ../Drivers/CMSIS/Lib/GCC\libarm_cortexM7lfsp_math.a(arm_common_tables.o)
                0x0801e7e8                armBitRevIndexTable512
 .rodata.twiddleCoef_rfft_1024
                0x0801eb68     0x1000 ../Drivers/CMSIS/Lib/GCC\libarm_cortexM7lfsp_math.a(arm_common_tables.o)
                0x0801eb68                twiddleCoef_rfft_1024
 .rodata.twiddleCoef_rfft_256
                0x0801fb68      0x400 ../Drivers/CMSIS/Lib/GCC\libarm_cortexM7lfsp_math.a(arm_common_tables.o)
                0x0801fb68                twiddleCoef_rfft_256
 .rodata.armBitRevIndexTable256
                0x0801ff68      0x370 ../Drivers/CMSIS/Lib/GCC\libarm_cortexM7lfsp_math.a(arm_common_tables.o)
                0x0801ff68                armBitRevIndexTable256
 .rodata.twiddleCoef_rfft_128
                0x080202d8      0x200 ../Drivers/CMSIS/Lib/GCC\libarm_cortexM7lfsp_math.a(arm_common_tables.o)
                0x080202d8                twiddleCoef_rfft_128
 .rodata.armBitRevIndexTable128
                0x080204d8      0x1a0 ../Drivers/CMSIS/Lib/GCC\libarm_cortexM7lfsp_math.a(arm_common_tables.o)
                0x080204d8                armBitRevIndexTable128
 .rodata._printf_float.str1.1
                0x08020678      0x171 C:/ST/STM32CubeIDE_1.18.0/STM32CubeIDE/plugins/com.st.stm32cube.ide.mcu.externaltools.gnu-tools-for-stm32.13.3.rel1.win32_1.0.0.202411081344/tools/bin/../lib/gcc/arm-none-eabi/13.3.1/../../../../arm-none-eabi/lib/thumb/v7e-m+fp/hard\libc_nano.a(libc_a-nano-vfprintf_float.o)
                                 0x12 (size before relaxing)
 .rodata._printf_i.str1.1
                0x080207e9       0x22 C:/ST/STM32CubeIDE_1.18.0/STM32CubeIDE/plugins/com.st.stm32cube.ide.mcu.externaltools.gnu-tools-for-stm32.13.3.rel1.win32_1.0.0.202411081344/tools/bin/../lib/gcc/arm-none-eabi/13.3.1/../../../../arm-none-eabi/lib/thumb/v7e-m+fp/hard\libc_nano.a(libc_a-nano-vfprintf_i.o)
 .rodata._dtoa_r.str1.1
                0x080207e9       0x8f C:/ST/STM32CubeIDE_1.18.0/STM32CubeIDE/plugins/com.st.stm32cube.ide.mcu.externaltools.gnu-tools-for-stm32.13.3.rel1.win32_1.0.0.202411081344/tools/bin/../lib/gcc/arm-none-eabi/13.3.1/../../../../arm-none-eabi/lib/thumb/v7e-m+fp/hard\libc_nano.a(libc_a-dtoa.o)
 .rodata._Balloc.str1.1
                0x080207e9       0x70 C:/ST/STM32CubeIDE_1.18.0/STM32CubeIDE/plugins/com.st.stm32cube.ide.mcu.externaltools.gnu-tools-for-stm32.13.3.rel1.win32_1.0.0.202411081344/tools/bin/../lib/gcc/arm-none-eabi/13.3.1/../../../../arm-none-eabi/lib/thumb/v7e-m+fp/hard\libc_nano.a(libc_a-mprec.o)
 .rodata.__multadd.str1.1
                0x080207e9       0x11 C:/ST/STM32CubeIDE_1.18.0/STM32CubeIDE/plugins/com.st.stm32cube.ide.mcu.externaltools.gnu-tools-for-stm32.13.3.rel1.win32_1.0.0.202411081344/tools/bin/../lib/gcc/arm-none-eabi/13.3.1/../../../../arm-none-eabi/lib/thumb/v7e-m+fp/hard\libc_nano.a(libc_a-mprec.o)
 *fill*         0x080207e9        0x3 
 .rodata.p05.0  0x080207ec        0xc C:/ST/STM32CubeIDE_1.18.0/STM32CubeIDE/plugins/com.st.stm32cube.ide.mcu.externaltools.gnu-tools-for-stm32.13.3.rel1.win32_1.0.0.202411081344/tools/bin/../lib/gcc/arm-none-eabi/13.3.1/../../../../arm-none-eabi/lib/thumb/v7e-m+fp/hard\libc_nano.a(libc_a-mprec.o)
 .rodata.__mprec_bigtens
                0x080207f8       0x28 C:/ST/STM32CubeIDE_1.18.0/STM32CubeIDE/plugins/com.st.stm32cube.ide.mcu.externaltools.gnu-tools-for-stm32.13.3.rel1.win32_1.0.0.202411081344/tools/bin/../lib/gcc/arm-none-eabi/13.3.1/../../../../arm-none-eabi/lib/thumb/v7e-m+fp/hard\libc_nano.a(libc_a-mprec.o)
                0x080207f8                __mprec_bigtens
 .rodata.__mprec_tens
                0x08020820       0xc8 C:/ST/STM32CubeIDE_1.18.0/STM32CubeIDE/plugins/com.st.stm32cube.ide.mcu.externaltools.gnu-tools-for-stm32.13.3.rel1.win32_1.0.0.202411081344/tools/bin/../lib/gcc/arm-none-eabi/13.3.1/../../../../arm-none-eabi/lib/thumb/v7e-m+fp/hard\libc_nano.a(libc_a-mprec.o)
                0x08020820                __mprec_tens
 .rodata._svfprintf_r.str1.1
                0x080208e8       0x11 C:/ST/STM32CubeIDE_1.18.0/STM32CubeIDE/plugins/com.st.stm32cube.ide.mcu.externaltools.gnu-tools-for-stm32.13.3.rel1.win32_1.0.0.202411081344/tools/bin/../lib/gcc/arm-none-eabi/13.3.1/../../../../arm-none-eabi/lib/thumb/v7e-m+fp/hard\libc_nano.a(libc_a-nano-svfprintf.o)
 .rodata._setlocale_r.str1.1
                0x080208e8        0x9 C:/ST/STM32CubeIDE_1.18.0/STM32CubeIDE/plugins/com.st.stm32cube.ide.mcu.externaltools.gnu-tools-for-stm32.13.3.rel1.win32_1.0.0.202411081344/tools/bin/../lib/gcc/arm-none-eabi/13.3.1/../../../../arm-none-eabi/lib/thumb/v7e-m+fp/hard\libc_nano.a(libc_a-locale.o)
 .rodata.str1.1
                0x080208e8        0x2 C:/ST/STM32CubeIDE_1.18.0/STM32CubeIDE/plugins/com.st.stm32cube.ide.mcu.externaltools.gnu-tools-for-stm32.13.3.rel1.win32_1.0.0.202411081344/tools/bin/../lib/gcc/arm-none-eabi/13.3.1/../../../../arm-none-eabi/lib/thumb/v7e-m+fp/hard\libc_nano.a(libc_a-locale.o)
 .rodata.__assert_func.str1.1
                0x080208e8       0x3d C:/ST/STM32CubeIDE_1.18.0/STM32CubeIDE/plugins/com.st.stm32cube.ide.mcu.externaltools.gnu-tools-for-stm32.13.3.rel1.win32_1.0.0.202411081344/tools/bin/../lib/gcc/arm-none-eabi/13.3.1/../../../../arm-none-eabi/lib/thumb/v7e-m+fp/hard\libc_nano.a(libc_a-assert.o)
 .rodata._ctype_
                0x080208e8      0x101 C:/ST/STM32CubeIDE_1.18.0/STM32CubeIDE/plugins/com.st.stm32cube.ide.mcu.externaltools.gnu-tools-for-stm32.13.3.rel1.win32_1.0.0.202411081344/tools/bin/../lib/gcc/arm-none-eabi/13.3.1/../../../../arm-none-eabi/lib/thumb/v7e-m+fp/hard\libc_nano.a(libc_a-ctype_.o)
                0x080208e8                _ctype_
 .rodata._vfprintf_r.str1.1
                0x080209e9       0x11 C:/ST/STM32CubeIDE_1.18.0/STM32CubeIDE/plugins/com.st.stm32cube.ide.mcu.externaltools.gnu-tools-for-stm32.13.3.rel1.win32_1.0.0.202411081344/tools/bin/../lib/gcc/arm-none-eabi/13.3.1/../../../../arm-none-eabi/lib/thumb/v7e-m+fp/hard\libc_nano.a(libc_a-nano-vfprintf.o)
                0x080209fc                        . = ALIGN (0x4)
 *fill*         0x080209e9        0x3 

.ARM.extab      0x080209ec        0x0
                0x080209ec                        . = ALIGN (0x4)
 *(.ARM.extab* .gnu.linkonce.armextab.*)
                0x080209ec                        . = ALIGN (0x4)

.ARM            0x080209ec        0x8
                0x080209ec                        . = ALIGN (0x4)
                0x080209ec                        __exidx_start = .
 *(.ARM.exidx*)
 .ARM.exidx     0x080209ec        0x8 C:/ST/STM32CubeIDE_1.18.0/STM32CubeIDE/plugins/com.st.stm32cube.ide.mcu.externaltools.gnu-tools-for-stm32.13.3.rel1.win32_1.0.0.202411081344/tools/bin/../lib/gcc/arm-none-eabi/13.3.1/../../../../arm-none-eabi/lib/thumb/v7e-m+fp/hard\libc_nano.a(libc_a-memchr.o)
 .ARM.exidx     0x080209f4        0x0 C:/ST/STM32CubeIDE_1.18.0/STM32CubeIDE/plugins/com.st.stm32cube.ide.mcu.externaltools.gnu-tools-for-stm32.13.3.rel1.win32_1.0.0.202411081344/tools/bin/../lib/gcc/arm-none-eabi/13.3.1/../../../../arm-none-eabi/lib/thumb/v7e-m+fp/hard\libc_nano.a(libc_a-strlen.o)
                                  0x8 (size before relaxing)
 .ARM.exidx     0x080209f4        0x0 C:/ST/STM32CubeIDE_1.18.0/STM32CubeIDE/plugins/com.st.stm32cube.ide.mcu.externaltools.gnu-tools-for-stm32.13.3.rel1.win32_1.0.0.202411081344/tools/bin/../lib/gcc/arm-none-eabi/13.3.1/thumb/v7e-m+fp/hard\libgcc.a(_udivmoddi4.o)
                                  0x8 (size before relaxing)