Archive member included to satisfy reference by file (symbol)

../Drivers/CMSIS/Lib/GCC\libarm_cortexM7lfsp_math.a(arm_rfft_fast_init_f32.o)
                              ./Core/Src/main.o (arm_rfft_fast_init_f32)
../Drivers/CMSIS/Lib/GCC\libarm_cortexM7lfsp_math.a(arm_rfft_fast_f32.o)
                              ./Core/Src/main.o (arm_rfft_fast_f32)
../Drivers/CMSIS/Lib/GCC\libarm_cortexM7lfsp_math.a(arm_cfft_f32.o)
                              ../Drivers/CMSIS/Lib/GCC\libarm_cortexM7lfsp_math.a(arm_rfft_fast_f32.o) (arm_cfft_f32)
../Drivers/CMSIS/Lib/GCC\libarm_cortexM7lfsp_math.a(arm_common_tables.o)
                              ../Drivers/CMSIS/Lib/GCC\libarm_cortexM7lfsp_math.a(arm_rfft_fast_init_f32.o) (twiddleCoef_rfft_4096)
../Drivers/CMSIS/Lib/GCC\libarm_cortexM7lfsp_math.a(arm_bitreversal2.o)
                              ../Drivers/CMSIS/Lib/GCC\libarm_cortexM7lfsp_math.a(arm_cfft_f32.o) (arm_bitreversal_32)
../Drivers/CMSIS/Lib/GCC\libarm_cortexM7lfsp_math.a(arm_cfft_radix8_f32.o)
                              ../Drivers/CMSIS/Lib/GCC\libarm_cortexM7lfsp_math.a(arm_cfft_f32.o) (arm_radix8_butterfly_f32)
C:/ST/STM32CubeIDE_1.18.0/STM32CubeIDE/plugins/com.st.stm32cube.ide.mcu.externaltools.gnu-tools-for-stm32.14.3.rel1.win32_1.0.100.202602081740/tools/bin/../lib/gcc/arm-none-eabi/14.3.1/../../../../arm-none-eabi/lib/thumb/v7e-m+fp/hard\libc_nano.a(libc_a-exit.o)
                              C:/ST/STM32CubeIDE_1.18.0/STM32CubeIDE/plugins/com.st.stm32cube.ide.mcu.externaltools.gnu-tools-for-stm32.14.3.rel1.win32_1.0.100.202602081740/tools/bin/../lib/gcc/arm-none-eabi/14.3.1/../../../../arm-none-eabi/lib/thumb/v7e-m+fp/hard/crt0.o (exit)
C:/ST/STM32CubeIDE_1.18.0/STM32CubeIDE/plugins/com.st.stm32cube.ide.mcu.externaltools.gnu-tools-for-stm32.14.3.rel1.win32_1.0.100.202602081740/tools/bin/../lib/gcc/arm-none-eabi/14.3.1/../../../../arm-none-eabi/lib/thumb/v7e-m+fp/hard\libc_nano.a(libc_a-findfp.o)
                              ./Middlewares/Third_Party/FreeRTOS/Source/tasks.o (__sf)
C:/ST/STM32CubeIDE_1.18.0/STM32CubeIDE/plugins/com.st.stm32cube.ide.mcu.externaltools.gnu-tools-for-stm32.14.3.rel1.win32_1.0.100.202602081740/tools/bin/../lib/gcc/arm-none-eabi/14.3.1/../../../../arm-none-eabi/lib/thumb/v7e-m+fp/hard\libc_nano.a(libc_a-fwalk.o)
                              C:/ST/STM32CubeIDE_1.18.0/STM32CubeIDE/plugins/com.st.stm32cube.ide.mcu.externaltools.gnu-tools-for-stm32.14.3.rel1.win32_1.0.100.202602081740/tools/bin/../lib/gcc/arm-none-eabi/14.3.1/../../../../arm-none-eabi/lib/thumb/v7e-m+fp/hard\libc_nano.a(libc_a-findfp.o) (_fwalk_sglue)
C:/ST/STM32CubeIDE_1.18.0/STM32CubeIDE/plugins/com.st.stm32cube.ide.mcu.externaltools.gnu-tools-for-stm32.14.3.rel1.win32_1.0.100.202602081740/tools/bin/../lib/gcc/arm-none-eabi/14.3.1/../../../../arm-none-eabi/lib/thumb/v7e-m+fp/hard\libc_nano.a(libc_a-printf.o)
                              ./Core/Src/ota/ota_agent.o (printf)
C:/ST/STM32CubeIDE_1.18.0/STM32CubeIDE/plugins/com.st.stm32cube.ide.mcu.externaltools.gnu-tools-for-stm32.14.3.rel1.win32_1.0.100.202602081740/tools/bin/../lib/gcc/arm-none-eabi/14.3.1/../../../../arm-none-eabi/lib/thumb/v7e-m+fp/hard\libc_nano.a(libc_a-puts.o)
                              ./Core/Src/boot_log.o (puts)
C:/ST/STM32CubeIDE_1.18.0/STM32CubeIDE/plugins/com.st.stm32cube.ide.mcu.externaltools.gnu-tools-for-stm32.14.3.rel1.win32_1.0.100.202602081740/tools/bin/../lib/gcc/arm-none-eabi/14.3.1/../../../../arm-none-eabi/lib/thumb/v7e-m+fp/hard\libc_nano.a(libc_a-snprintf.o)
                              ./Core/Src/main.o (snprintf)
C:/ST/STM32CubeIDE_1.18.0/STM32CubeIDE/plugins/com.st.stm32cube.ide.mcu.externaltools.gnu-tools-for-stm32.14.3.rel1.win32_1.0.100.202602081740/tools/bin/../lib/gcc/arm-none-eabi/14.3.1/../../../../arm-none-eabi/lib/thumb/v7e-m+fp/hard\libc_nano.a(libc_a-sprintf.o)
                              ./Core/Src/main.o (sprintf)
C:/ST/STM32CubeIDE_1.18.0/STM32CubeIDE/plugins/com.st.stm32cube.ide.mcu.externaltools.gnu-tools-for-stm32.14.3.rel1.win32_1.0.100.202602081740/tools/bin/../lib/gcc/arm-none-eabi/14.3.1/../../../../arm-none-eabi/lib/thumb/v7e-m+fp/hard\libc_nano.a(libc_a-sscanf.o)
                              ./Core/Src/ota/ota_agent.o (sscanf)
C:/ST/STM32CubeIDE_1.18.0/STM32CubeIDE/plugins/com.st.stm32cube.ide.mcu.externaltools.gnu-tools-for-stm32.14.3.rel1.win32_1.0.100.202602081740/tools/bin/../lib/gcc/arm-none-eabi/14.3.1/../../../../arm-none-eabi/lib/thumb/v7e-m+fp/hard\libc_nano.a(libc_a-stdio.o)
                              C:/ST/STM32CubeIDE_1.18.0/STM32CubeIDE/plugins/com.st.stm32cube.ide.mcu.externaltools.gnu-tools-for-stm32.14.3.rel1.win32_1.0.100.202602081740/tools/bin/../lib/gcc/arm-none-eabi/14.3.1/../../../../arm-none-eabi/lib/thumb/v7e-m+fp/hard\libc_nano.a(libc_a-findfp.o) (__sread)
[...]
Memory Configuration

Name             Origin             Length             Attributes
RAM              0x20000000         0x00040000         xrw
FLASH            0x08020000         0x00020000         xr
*default*        0x00000000         0xffffffff

Linker script and memory map

LOAD C:/ST/STM32CubeIDE_1.18.0/STM32CubeIDE/plugins/com.st.stm32cube.ide.mcu.externaltools.gnu-tools-for-stm32.14.3.rel1.win32_1.0.100.202602081740/tools/bin/../lib/gcc/arm-none-eabi/14.3.1/thumb/v7e-m+fp/hard/crti.o
LOAD C:/ST/STM32CubeIDE_1.18.0/STM32CubeIDE/plugins/com.st.stm32cube.ide.mcu.externaltools.gnu-tools-for-stm32.14.3.rel1.win32_1.0.100.202602081740/tools/bin/../lib/gcc/arm-none-eabi/14.3.1/thumb/v7e-m+fp/hard/crtbegin.o
LOAD C:/ST/STM32CubeIDE_1.18.0/STM32CubeIDE/plugins/com.st.stm32cube.ide.mcu.externaltools.gnu-tools-for-stm32.14.3.rel1.win32_1.0.100.202602081740/tools/bin/../lib/gcc/arm-none-eabi/14.3.1/../../../../arm-none-eabi/lib/thumb/v7e-m+fp/hard/crt0.o
LOAD ./Core/Src/boot_log.o
LOAD ./Core/Src/boot_manager.o
LOAD ./Core/Src/freertos.o
LOAD ./Core/Src/hw_290.o
LOAD ./Core/Src/main.o
LOAD ./Core/Src/mpu6050.o
LOAD ./Core/Src/network_interface.o
LOAD ./Core/Src/ota_flash.o
LOAD ./Core/Src/secure_boot.o
LOAD ./Core/Src/sha256.o
LOAD ./Core/Src/stm32f7xx_hal_msp.o
LOAD ./Core/Src/stm32f7xx_hal_timebase_tim.o
LOAD ./Core/Src/stm32f7xx_it.o
LOAD ./Core/Src/syscalls.o
LOAD ./Core/Src/sysmem.o
LOAD ./Core/Src/system_stm32f7xx.o
LOAD ./Core/Src/uart_driver.o
LOAD ./Core/Src/ota/flash_manager.o
LOAD ./Core/Src/ota/ota_agent.o
LOAD ./Core/Src/ota/ota_metadata.o
LOAD ./Core/Startup/startup_stm32f722zetx.o
LOAD ./Drivers/STM32F7xx_HAL_Driver/Src/stm32f7xx_hal.o
LOAD ./Drivers/STM32F7xx_HAL_Driver/Src/stm32f7xx_hal_cortex.o
LOAD ./Drivers/STM32F7xx_HAL_Driver/Src/stm32f7xx_hal_dma.o
LOAD ./Drivers/STM32F7xx_HAL_Driver/Src/stm32f7xx_hal_dma_ex.o
LOAD ./Drivers/STM32F7xx_HAL_Driver/Src/stm32f7xx_hal_exti.o
LOAD ./Drivers/STM32F7xx_HAL_Driver/Src/stm32f7xx_hal_flash.o
LOAD ./Drivers/STM32F7xx_HAL_Driver/Src/stm32f7xx_hal_flash_ex.o
LOAD ./Drivers/STM32F7xx_HAL_Driver/Src/stm32f7xx_hal_gpio.o
LOAD ./Drivers/STM32F7xx_HAL_Driver/Src/stm32f7xx_hal_i2c.o
LOAD ./Drivers/STM32F7xx_HAL_Driver/Src/stm32f7xx_hal_i2c_ex.o
LOAD ./Drivers/STM32F7xx_HAL_Driver/Src/stm32f7xx_hal_pcd.o
LOAD ./Drivers/STM32F7xx_HAL_Driver/Src/stm32f7xx_hal_pcd_ex.o
LOAD ./Drivers/STM32F7xx_HAL_Driver/Src/stm32f7xx_hal_pwr.o
LOAD ./Drivers/STM32F7xx_HAL_Driver/Src/stm32f7xx_hal_pwr_ex.o
LOAD ./Drivers/STM32F7xx_HAL_Driver/Src/stm32f7xx_hal_rcc.o
LOAD ./Drivers/STM32F7xx_HAL_Driver/Src/stm32f7xx_hal_rcc_ex.o
LOAD ./Drivers/STM32F7xx_HAL_Driver/Src/stm32f7xx_hal_tim.o
LOAD ./Drivers/STM32F7xx_HAL_Driver/Src/stm32f7xx_hal_tim_ex.o
LOAD ./Drivers/STM32F7xx_HAL_Driver/Src/stm32f7xx_hal_uart.o
LOAD ./Drivers/STM32F7xx_HAL_Driver/Src/stm32f7xx_hal_uart_ex.o
LOAD ./Drivers/STM32F7xx_HAL_Driver/Src/stm32f7xx_ll_usb.o
LOAD ./Middlewares/Third_Party/FreeRTOS/Source/CMSIS_RTOS_V2/cmsis_os2.o
LOAD ./Middlewares/Third_Party/FreeRTOS/Source/croutine.o
LOAD ./Middlewares/Third_Party/FreeRTOS/Source/event_groups.o
LOAD ./Middlewares/Third_Party/FreeRTOS/Source/list.o
LOAD ./Middlewares/Third_Party/FreeRTOS/Source/queue.o
LOAD ./Middlewares/Third_Party/FreeRTOS/Source/stream_buffer.o
LOAD ./Middlewares/Third_Party/FreeRTOS/Source/tasks.o
LOAD ./Middlewares/Third_Party/FreeRTOS/Source/timers.o
LOAD ./Middlewares/Third_Party/FreeRTOS/Source/portable/GCC/ARM_CM7/r0p1/port.o
LOAD ./Middlewares/Third_Party/FreeRTOS/Source/portable/MemMang/heap_4.o
LOAD ../Drivers/CMSIS/Lib/GCC\libarm_cortexM7lfsp_math.a
START GROUP
LOAD C:/ST/STM32CubeIDE_1.18.0/STM32CubeIDE/plugins/com.st.stm32cube.ide.mcu.externaltools.gnu-tools-for-stm32.14.3.rel1.win32_1.0.100.202602081740/tools/bin/../lib/gcc/arm-none-eabi/14.3.1/../../../../arm-none-eabi/lib/thumb/v7e-m+fp/hard\libc_nano.a
LOAD C:/ST/STM32CubeIDE_1.18.0/STM32CubeIDE/plugins/com.st.stm32cube.ide.mcu.externaltools.gnu-tools-for-stm32.14.3.rel1.win32_1.0.100.202602081740/tools/bin/../lib/gcc/arm-none-eabi/14.3.1/../../../../arm-none-eabi/lib/thumb/v7e-m+fp/hard\libm.a
END GROUP
START GROUP
LOAD C:/ST/STM32CubeIDE_1.18.0/STM32CubeIDE/plugins/com.st.stm32cube.ide.mcu.externaltools.gnu-tools-for-stm32.14.3.rel1.win32_1.0.100.202602081740/tools/bin/../lib/gcc/arm-none-eabi/14.3.1/thumb/v7e-m+fp/hard\libgcc.a
LOAD C:/ST/STM32CubeIDE_1.18.0/STM32CubeIDE/plugins/com.st.stm32cube.ide.mcu.externaltools.gnu-tools-for-stm32.14.3.rel1.win32_1.0.100.202602081740/tools/bin/../lib/gcc/arm-none-eabi/14.3.1/../../../../arm-none-eabi/lib/thumb/v7e-m+fp/hard\libc_nano.a
END GROUP
START GROUP
LOAD C:/ST/STM32CubeIDE_1.18.0/STM32CubeIDE/plugins/com.st.stm32cube.ide.mcu.externaltools.gnu-tools-for-stm32.14.3.rel1.win32_1.0.100.202602081740/tools/bin/../lib/gcc/arm-none-eabi/14.3.1/thumb/v7e-m+fp/hard\libgcc.a
LOAD C:/ST/STM32CubeIDE_1.18.0/STM32CubeIDE/plugins/com.st.stm32cube.ide.mcu.externaltools.gnu-tools-for-stm32.14.3.rel1.win32_1.0.100.202602081740/tools/bin/../lib/gcc/arm-none-eabi/14.3.1/../../../../arm-none-eabi/lib/thumb/v7e-m+fp/hard\libc_nano.a
LOAD C:/ST/STM32CubeIDE_1.18.0/STM32CubeIDE/plugins/com.st.stm32cube.ide.mcu.externaltools.gnu-tools-for-stm32.14.3.rel1.win32_1.0.100.202602081740/tools/bin/../lib/gcc/arm-none-eabi/14.3.1/../../../../arm-none-eabi/lib/thumb/v7e-m+fp/hard\libnosys.a
END GROUP
START GROUP
LOAD C:/ST/STM32CubeIDE_1.18.0/STM32CubeIDE/plugins/com.st.stm32cube.ide.mcu.externaltools.gnu-tools-for-stm32.14.3.rel1.win32_1.0.100.202602081740/tools/bin/../lib/gcc/arm-none-eabi/14.3.1/thumb/v7e-m+fp/hard\libgcc.a
LOAD C:/ST/STM32CubeIDE_1.18.0/STM32CubeIDE/plugins/com.st.stm32cube.ide.mcu.externaltools.gnu-tools-for-stm32.14.3.rel1.win32_1.0.100.202602081740/tools/bin/../lib/gcc/arm-none-eabi/14.3.1/../../../../arm-none-eabi/lib/thumb/v7e-m+fp/hard\libc_nano.a
LOAD C:/ST/STM32CubeIDE_1.18.0/STM32CubeIDE/plugins/com.st.stm32cube.ide.mcu.externaltools.gnu-tools-for-stm32.14.3.rel1.win32_1.0.100.202602081740/tools/bin/../lib/gcc/arm-none-eabi/14.3.1/../../../../arm-none-eabi/lib/thumb/v7e-m+fp/hard\libnosys.a
END GROUP
LOAD C:/ST/STM32CubeIDE_1.18.0/STM32CubeIDE/plugins/com.st.stm32cube.ide.mcu.externaltools.gnu-tools-for-stm32.14.3.rel1.win32_1.0.100.202602081740/tools/bin/../lib/gcc/arm-none-eabi/14.3.1/thumb/v7e-m+fp/hard/crtend.o
LOAD C:/ST/STM32CubeIDE_1.18.0/STM32CubeIDE/plugins/com.st.stm32cube.ide.mcu.externaltools.gnu-tools-for-stm32.14.3.rel1.win32_1.0.100.202602081740/tools/bin/../lib/gcc/arm-none-eabi/14.3.1/thumb/v7e-m+fp/hard/crtn.o
                0x20040000                        _estack = (ORIGIN (RAM) + LENGTH (RAM))
                0x00000200                        _Min_Heap_Size = 0x200
                0x00000400                        _Min_Stack_Size = 0x400

.isr_vector     0x08020000      0x1e0
                0x08020000                        . = ALIGN (0x4)
 *(.isr_vector)
 .isr_vector    0x08020000      0x1e0 ./Core/Startup/startup_stm32f722zetx.o
                0x08020000                g_pfnVectors
                0x080201e0                        . = ALIGN (0x4)

.text           0x080201e0     0x8a7c
                0x080201e0                        . = ALIGN (0x4)
 *(.text)
 .text          0x080201e0       0x40 C:/ST/STM32CubeIDE_1.18.0/STM32CubeIDE/plugins/com.st.stm32cube.ide.mcu.externaltools.gnu-tools-for-stm32.14.3.rel1.win32_1.0.100.202602081740/tools/bin/../lib/gcc/arm-none-eabi/14.3.1/thumb/v7e-m+fp/hard/crtbegin.o
 .text          0x08020220       0xc0 ../Drivers/CMSIS/Lib/GCC\libarm_cortexM7lfsp_math.a(arm_bitreversal2.o)
                0x08020220                arm_bitreversal_32
                0x0802028a                arm_bitreversal_16
 .text          0x080202e0       0x10 C:/ST/STM32CubeIDE_1.18.0/STM32CubeIDE/plugins/com.st.stm32cube.ide.mcu.externaltools.gnu-tools-for-stm32.14.3.rel1.win32_1.0.100.202602081740/tools/bin/../lib/gcc/arm-none-eabi/14.3.1/../../../../arm-none-eabi/lib/thumb/v7e-m+fp/hard\libc_nano.a(libc_a-strlen.o)
                0x080202e0                strlen
 .text          0x080202f0       0xa0 C:/ST/STM32CubeIDE_1.18.0/STM32CubeIDE/plugins/com.st.stm32cube.ide.mcu.externaltools.gnu-tools-for-stm32.14.3.rel1.win32_1.0.100.202602081740/tools/bin/../lib/gcc/arm-none-eabi/14.3.1/../../../../arm-none-eabi/lib/thumb/v7e-m+fp/hard\libc_nano.a(libc_a-memchr.o)
                0x080202f0                memchr
 .text          0x08020390       0x30 C:/ST/STM32CubeIDE_1.18.0/STM32CubeIDE/plugins/com.st.stm32cube.ide.mcu.externaltools.gnu-tools-for-stm32.14.3.rel1.win32_1.0.100.202602081740/tools/bin/../lib/gcc/arm-none-eabi/14.3.1/thumb/v7e-m+fp/hard\libgcc.a(_aeabi_uldivmod.o)
                0x08020390                __aeabi_uldivmod
 .text          0x080203c0      0x2f8 C:/ST/STM32CubeIDE_1.18.0/STM32CubeIDE/plugins/com.st.stm32cube.ide.mcu.externaltools.gnu-tools-for-stm32.14.3.rel1.win32_1.0.100.202602081740/tools/bin/../lib/gcc/arm-none-eabi/14.3.1/thumb/v7e-m+fp/hard\libgcc.a(_udivmoddi4.o)
                0x080203c0                __udivmoddi4
 .text          0x080206b8        0x4 C:/ST/STM32CubeIDE_1.18.0/STM32CubeIDE/plugins/com.st.stm32cube.ide.mcu.externaltools.gnu-tools-for-stm32.14.3.rel1.win32_1.0.100.202602081740/tools/bin/../lib/gcc/arm-none-eabi/14.3.1/thumb/v7e-m+fp/hard\libgcc.a(_dvmd_tls.o)
                0x080206b8                __aeabi_idiv0
                0x080206b8                __aeabi_ldiv0
 *(.text*)
 .text.StartDefaultTask
                0x080206bc       0x18 ./Core/Src/main.o
                0x080206bc                StartDefaultTask
 .text.ftoa_fixed
                0x080206d4       0xac ./Core/Src/main.o
                0x080206d4                ftoa_fixed
 .text.atof_simple
                0x08020780       0x54 ./Core/Src/main.o
                0x08020780                atof_simple
 .text.safe_printf
                0x080207d4       0x4c ./Core/Src/main.o
                0x080207d4                safe_printf
 .text.StartSensorTask
                0x08020820      0x180 ./Core/Src/main.o
                0x08020820                StartSensorTask
 .text.StartDSPTask
                0x080209a0      0x148 ./Core/Src/main.o
                0x080209a0                StartDSPTask
 .text.StartTelemetryTask
                0x08020ae8      0x38c ./Core/Src/main.o
                0x08020ae8                StartTelemetryTask
 .text.__io_putchar
                0x08020e74       0x1c ./Core/Src/main.o
                0x08020e74                __io_putchar
 .text.vApplicationStackOverflowHook
                0x08020e90       0x5c ./Core/Src/main.o
                0x08020e90                vApplicationStackOverflowHook
 .text.HAL_TIM_PeriodElapsedCallback
                0x08020eec       0x14 ./Core/Src/main.o
                0x08020eec                HAL_TIM_PeriodElapsedCallback
 .text.Error_Handler
                0x08020f00       0x14 ./Core/Src/main.o
                0x08020f00                Error_Handler
 .text.MX_USART3_UART_Init
                0x08020f14       0x38 ./Core/Src/main.o
 .text.SystemClock_Config
                0x08020f4c       0x9c ./Core/Src/main.o
                0x08020f4c                SystemClock_Config
 .text.startup.main
                0x08020fe8      0x740 ./Core/Src/main.o
                0x08020fe8                main
 .text.HardFault_Handler_C
                0x08021728       0x54 ./Core/Src/main.o
                0x08021728                HardFault_Handler_C
 .text.HardFault_Handler
                0x0802177c       0x12 ./Core/Src/main.o
                0x0802177c                HardFault_Handler
 *fill*         0x0802178e        0x2 
 .text.mpu_write
                0x08021790       0x24 ./Core/Src/mpu6050.o
 .text.mpu_read
                0x080217b4       0x40 ./Core/Src/mpu6050.o
 .text.MPU6050_WhoAmI
                0x080217f4       0x1c ./Core/Src/mpu6050.o
                0x080217f4                MPU6050_WhoAmI
 .text.MPU6050_Init
                0x08021810       0x48 ./Core/Src/mpu6050.o
                0x08021810                MPU6050_Init
 .text.MPU6050_ReadAll
                0x08021858       0xd4 ./Core/Src/mpu6050.o
                0x08021858                MPU6050_ReadAll
 .text.network_send
                0x0802192c       0x1c ./Core/Src/network_interface.o
                0x0802192c                network_send
 .text.HAL_MspInit
                0x08021948       0x3c ./Core/Src/stm32f7xx_hal_msp.o
                0x08021948                HAL_MspInit
 .text.HAL_I2C_MspInit
                0x08021984       0x88 ./Core/Src/stm32f7xx_hal_msp.o
                0x08021984                HAL_I2C_MspInit
 .text.HAL_UART_MspInit
                0x08021a0c      0x148 ./Core/Src/stm32f7xx_hal_msp.o
                0x08021a0c                HAL_UART_MspInit
 .text.HAL_PCD_MspInit
                0x08021b54       0xa8 ./Core/Src/stm32f7xx_hal_msp.o
                0x08021b54                HAL_PCD_MspInit
 .text.HAL_InitTick
                0x08021bfc       0x9c ./Core/Src/stm32f7xx_hal_timebase_tim.o
                0x08021bfc                HAL_InitTick
 .text.NMI_Handler
                0x08021c98        0x2 ./Core/Src/stm32f7xx_it.o
                0x08021c98                NMI_Handler
 .text.MemManage_Handler
                0x08021c9a        0x2 ./Core/Src/stm32f7xx_it.o
                0x08021c9a                MemManage_Handler
 .text.BusFault_Handler
                0x08021c9c        0x2 ./Core/Src/stm32f7xx_it.o
                0x08021c9c                BusFault_Handler
 .text.UsageFault_Handler
                0x08021c9e        0x2 ./Core/Src/stm32f7xx_it.o
                0x08021c9e                UsageFault_Handler
 .text.DebugMon_Handler
                0x08021ca0        0x2 ./Core/Src/stm32f7xx_it.o
                0x08021ca0                DebugMon_Handler
 *fill*         0x08021ca2        0x2 
 .text.TIM6_DAC_IRQHandler
                0x08021ca4        0xc ./Core/Src/stm32f7xx_it.o
                0x08021ca4                TIM6_DAC_IRQHandler
 .text.EXTI9_5_IRQHandler
                0x08021cb0        0x6 ./Core/Src/stm32f7xx_it.o
                0x08021cb0                EXTI9_5_IRQHandler
 .text._read    0x08021cb6       0x1c ./Core/Src/syscalls.o
                0x08021cb6                _read
 .text._write   0x08021cd2       0x1c ./Core/Src/syscalls.o
                0x08021cd2                _write
 .text._close   0x08021cee        0x6 ./Core/Src/syscalls.o
                0x08021cee                _close
 .text._fstat   0x08021cf4        0xa ./Core/Src/syscalls.o
                0x08021cf4                _fstat
 .text._isatty  0x08021cfe        0x4 ./Core/Src/syscalls.o
                0x08021cfe                _isatty
 .text._lseek   0x08021d02        0x4 ./Core/Src/syscalls.o
                0x08021d02                _lseek
 *fill*         0x08021d06        0x2 
 .text._sbrk    0x08021d08       0x3c ./Core/Src/sysmem.o
                0x08021d08                _sbrk
 .text.SystemInit
                0x08021d44       0x24 ./Core/Src/system_stm32f7xx.o
                0x08021d44                SystemInit
 .text.addr_to_sector
                0x08021d68       0x68 ./Core/Src/ota/flash_manager.o
 .text.flash_erase
                0x08021dd0       0x58 ./Core/Src/ota/flash_manager.o
                0x08021dd0                flash_erase
 .text.flash_write
                0x08021e28       0x60 ./Core/Src/ota/flash_manager.o
                0x08021e28                flash_write
 .text.flash_read
                0x08021e88       0x1a ./Core/Src/ota/flash_manager.o
                0x08021e88                flash_read
 *fill*         0x08021ea2        0x2 
 .text.ota_confirm_update
                0x08021ea4       0xa8 ./Core/Src/ota/ota_metadata.o
                0x08021ea4                ota_confirm_update
 .text.Reset_Handler
                0x08021f4c       0x50 ./Core/Startup/startup_stm32f722zetx.o
                0x08021f4c                Reset_Handler
 .text.Default_Handler
                0x08021f9c        0x2 ./Core/Startup/startup_stm32f722zetx.o
                0x08021f9c                RTC_Alarm_IRQHandler
                0x08021f9c                EXTI2_IRQHandler
                0x08021f9c                TIM8_CC_IRQHandler
                0x08021f9c                UART8_IRQHandler
                0x08021f9c                SPI4_IRQHandler
                0x08021f9c                TIM1_CC_IRQHandler
                0x08021f9c                DMA2_Stream5_IRQHandler
                0x08021f9c                DMA1_Stream5_IRQHandler
                0x08021f9c                PVD_IRQHandler
                0x08021f9c                TAMP_STAMP_IRQHandler
                0x08021f9c                EXTI3_IRQHandler
                0x08021f9c                TIM8_TRG_COM_TIM14_IRQHandler
                0x08021f9c                TIM1_UP_TIM10_IRQHandler
                0x08021f9c                TIM8_UP_TIM13_IRQHandler
                0x08021f9c                I2C3_ER_IRQHandler
                0x08021f9c                EXTI0_IRQHandler
                0x08021f9c                I2C2_EV_IRQHandler
                0x08021f9c                DMA1_Stream2_IRQHandler
                0x08021f9c                CAN1_RX0_IRQHandler
                0x08021f9c                FPU_IRQHandler
                0x08021f9c                OTG_HS_WKUP_IRQHandler
                0x08021f9c                DMA2_Stream2_IRQHandler
                0x08021f9c                SPI1_IRQHandler
                0x08021f9c                TIM1_BRK_TIM9_IRQHandler
                0x08021f9c                DMA2_Stream3_IRQHandler
                0x08021f9c                SAI2_IRQHandler
                0x08021f9c                USART6_IRQHandler
                0x08021f9c                USART3_IRQHandler
                0x08021f9c                CAN1_RX1_IRQHandler
                0x08021f9c                UART5_IRQHandler
                0x08021f9c                DMA2_Stream0_IRQHandler
                0x08021f9c                TIM4_IRQHandler
                0x08021f9c                QUADSPI_IRQHandler
                0x08021f9c                I2C1_EV_IRQHandler
                0x08021f9c                DMA1_Stream6_IRQHandler
                0x08021f9c                DMA1_Stream1_IRQHandler
                0x08021f9c                UART4_IRQHandler
                0x08021f9c                TIM3_IRQHandler
                0x08021f9c                RCC_IRQHandler
                0x08021f9c                TIM8_BRK_TIM12_IRQHandler
                0x08021f9c                Default_Handler
                0x08021f9c                EXTI15_10_IRQHandler
                0x08021f9c                ADC_IRQHandler
                0x08021f9c                DMA1_Stream7_IRQHandler
                0x08021f9c                SPI5_IRQHandler
                0x08021f9c                TIM7_IRQHandler
                0x08021f9c                SDMMC1_IRQHandler
                0x08021f9c                TIM5_IRQHandler
                0x08021f9c                DMA2_Stream7_IRQHandler
                0x08021f9c                I2C3_EV_IRQHandler
                0x08021f9c                RTC_WKUP_IRQHandler
                0x08021f9c                SPI2_IRQHandler
                0x08021f9c                OTG_HS_EP1_IN_IRQHandler
                0x08021f9c                DMA1_Stream0_IRQHandler
                0x08021f9c                CAN1_TX_IRQHandler
                0x08021f9c                EXTI4_IRQHandler
                0x08021f9c                RNG_IRQHandler
                0x08021f9c                OTG_HS_EP1_OUT_IRQHandler
                0x08021f9c                WWDG_IRQHandler
                0x08021f9c                TIM2_IRQHandler
                0x08021f9c                OTG_FS_WKUP_IRQHandler
                0x08021f9c                TIM1_TRG_COM_TIM11_IRQHandler
                0x08021f9c                OTG_HS_IRQHandler
                0x08021f9c                EXTI1_IRQHandler
                0x08021f9c                SDMMC2_IRQHandler
                0x08021f9c                UART7_IRQHandler
                0x08021f9c                USART2_IRQHandler
                0x08021f9c                I2C2_ER_IRQHandler
                0x08021f9c                DMA2_Stream1_IRQHandler
                0x08021f9c                CAN1_SCE_IRQHandler
                0x08021f9c                FLASH_IRQHandler
                0x08021f9c                DMA2_Stream4_IRQHandler
                0x08021f9c                USART1_IRQHandler
                0x08021f9c                OTG_FS_IRQHandler
                0x08021f9c                SPI3_IRQHandler
                0x08021f9c                DMA1_Stream4_IRQHandler
                0x08021f9c                I2C1_ER_IRQHandler
                0x08021f9c                FMC_IRQHandler
                0x08021f9c                LPTIM1_IRQHandler
                0x08021f9c                DMA2_Stream6_IRQHandler
                0x08021f9c                SAI1_IRQHandler
                0x08021f9c                DMA1_Stream3_IRQHandler
 .text.HAL_Init
                0x08021f9e       0x16 ./Drivers/STM32F7xx_HAL_Driver/Src/stm32f7xx_hal.o
                0x08021f9e                HAL_Init
 .text.HAL_IncTick
                0x08021fb4       0x18 ./Drivers/STM32F7xx_HAL_Driver/Src/stm32f7xx_hal.o
                0x08021fb4                HAL_IncTick
 .text.HAL_GetTick
                0x08021fcc        0xc ./Drivers/STM32F7xx_HAL_Driver/Src/stm32f7xx_hal.o
                0x08021fcc                HAL_GetTick
 .text.HAL_Delay
                0x08021fd8       0x24 ./Drivers/STM32F7xx_HAL_Driver/Src/stm32f7xx_hal.o
                0x08021fd8                HAL_Delay
 .text.HAL_NVIC_SetPriorityGrouping
                0x08021ffc       0x24 ./Drivers/STM32F7xx_HAL_Driver/Src/stm32f7xx_hal_cortex.o
                0x08021ffc                HAL_NVIC_SetPriorityGrouping
 .text.HAL_NVIC_SetPriority
                0x08022020       0x64 ./Drivers/STM32F7xx_HAL_Driver/Src/stm32f7xx_hal_cortex.o
                0x08022020                HAL_NVIC_SetPriority
 .text.HAL_NVIC_EnableIRQ
                0x08022084       0x1c ./Drivers/STM32F7xx_HAL_Driver/Src/stm32f7xx_hal_cortex.o
                0x08022084                HAL_NVIC_EnableIRQ
 .text.FLASH_Program_DoubleWord
                0x080220a0       0x30 ./Drivers/STM32F7xx_HAL_Driver/Src/stm32f7xx_hal_flash.o
 .text.FLASH_Program_Word
                0x080220d0       0x28 ./Drivers/STM32F7xx_HAL_Driver/Src/stm32f7xx_hal_flash.o
 .text.FLASH_Program_HalfWord
                0x080220f8       0x28 ./Drivers/STM32F7xx_HAL_Driver/Src/stm32f7xx_hal_flash.o
 .text.FLASH_Program_Byte
                0x08022120       0x24 ./Drivers/STM32F7xx_HAL_Driver/Src/stm32f7xx_hal_flash.o
 .text.FLASH_SetErrorCode
                0x08022144       0x78 ./Drivers/STM32F7xx_HAL_Driver/Src/stm32f7xx_hal_flash.o
 .text.HAL_FLASH_Unlock
                0x080221bc       0x24 ./Drivers/STM32F7xx_HAL_Driver/Src/stm32f7xx_hal_flash.o
                0x080221bc                HAL_FLASH_Unlock
 .text.HAL_FLASH_Lock
                0x080221e0       0x14 ./Drivers/STM32F7xx_HAL_Driver/Src/stm32f7xx_hal_flash.o
                0x080221e0                HAL_FLASH_Lock
 .text.FLASH_WaitForLastOperation
                0x080221f4       0x58 ./Drivers/STM32F7xx_HAL_Driver/Src/stm32f7xx_hal_flash.o
                0x080221f4                FLASH_WaitForLastOperation
 .text.HAL_FLASH_Program
                0x0802224c       0x7c ./Drivers/STM32F7xx_HAL_Driver/Src/stm32f7xx_hal_flash.o
                0x0802224c                HAL_FLASH_Program
 .text.FLASH_MassErase
                0x080222c8       0x28 ./Drivers/STM32F7xx_HAL_Driver/Src/stm32f7xx_hal_flash_ex.o
 .text.FLASH_Erase_Sector
                0x080222f0       0x40 ./Drivers/STM32F7xx_HAL_Driver/Src/stm32f7xx_hal_flash_ex.o
                0x080222f0                FLASH_Erase_Sector
 .text.HAL_FLASHEx_Erase
                0x08022330       0x9c ./Drivers/STM32F7xx_HAL_Driver/Src/stm32f7xx_hal_flash_ex.o
                0x08022330                HAL_FLASHEx_Erase
 .text.HAL_GPIO_Init
                0x080223cc      0x1b0 ./Drivers/STM32F7xx_HAL_Driver/Src/stm32f7xx_hal_gpio.o
                0x080223cc                HAL_GPIO_Init
 .text.HAL_GPIO_DeInit
                0x0802257c      0x11c ./Drivers/STM32F7xx_HAL_Driver/Src/stm32f7xx_hal_gpio.o
                0x0802257c                HAL_GPIO_DeInit
 .text.HAL_GPIO_WritePin
                0x08022698        0xa ./Drivers/STM32F7xx_HAL_Driver/Src/stm32f7xx_hal_gpio.o
                0x08022698                HAL_GPIO_WritePin
 .text.HAL_GPIO_EXTI_Callback
                0x080226a2        0x2 ./Drivers/STM32F7xx_HAL_Driver/Src/stm32f7xx_hal_gpio.o
                0x080226a2                HAL_GPIO_EXTI_Callback
 .text.HAL_GPIO_EXTI_IRQHandler
                0x080226a4       0x18 ./Drivers/STM32F7xx_HAL_Driver/Src/stm32f7xx_hal_gpio.o
                0x080226a4                HAL_GPIO_EXTI_IRQHandler
 .text.I2C_Flush_TXDR
                0x080226bc       0x1c ./Drivers/STM32F7xx_HAL_Driver/Src/stm32f7xx_hal_i2c.o
 .text.I2C_TransferConfig
                0x080226d8       0x2c ./Drivers/STM32F7xx_HAL_Driver/Src/stm32f7xx_hal_i2c.o
 .text.I2C_IsErrorOccurred
                0x08022704      0x102 ./Drivers/STM32F7xx_HAL_Driver/Src/stm32f7xx_hal_i2c.o
 .text.I2C_WaitOnTXISFlagUntilTimeout
                0x08022806       0x56 ./Drivers/STM32F7xx_HAL_Driver/Src/stm32f7xx_hal_i2c.o
 .text.I2C_WaitOnFlagUntilTimeout
                0x0802285c       0x76 ./Drivers/STM32F7xx_HAL_Driver/Src/stm32f7xx_hal_i2c.o
 .text.I2C_WaitOnSTOPFlagUntilTimeout
                0x080228d2       0x52 ./Drivers/STM32F7xx_HAL_Driver/Src/stm32f7xx_hal_i2c.o
 .text.I2C_WaitOnRXNEFlagUntilTimeout
                0x08022924       0x9c ./Drivers/STM32F7xx_HAL_Driver/Src/stm32f7xx_hal_i2c.o
 .text.HAL_I2C_Init
                0x080229c0       0xaa ./Drivers/STM32F7xx_HAL_Driver/Src/stm32f7xx_hal_i2c.o
                0x080229c0                HAL_I2C_Init
 *fill*         0x08022a6a        0x2 
 .text.HAL_I2C_Master_Transmit
                0x08022a6c      0x15c ./Drivers/STM32F7xx_HAL_Driver/Src/stm32f7xx_hal_i2c.o
                0x08022a6c                HAL_I2C_Master_Transmit
 .text.HAL_I2C_Master_Receive
                0x08022bc8      0x134 ./Drivers/STM32F7xx_HAL_Driver/Src/stm32f7xx_hal_i2c.o
                0x08022bc8                HAL_I2C_Master_Receive
 .text.HAL_I2C_IsDeviceReady
                0x08022cfc      0x10e ./Drivers/STM32F7xx_HAL_Driver/Src/stm32f7xx_hal_i2c.o
                0x08022cfc                HAL_I2C_IsDeviceReady
 .text.HAL_I2CEx_ConfigAnalogFilter
                0x08022e0a       0x4c ./Drivers/STM32F7xx_HAL_Driver/Src/stm32f7xx_hal_i2c_ex.o
                0x08022e0a                HAL_I2CEx_ConfigAnalogFilter
 .text.HAL_I2CEx_ConfigDigitalFilter
                0x08022e56       0x4a ./Drivers/STM32F7xx_HAL_Driver/Src/stm32f7xx_hal_i2c_ex.o
                0x08022e56                HAL_I2CEx_ConfigDigitalFilter
 .text.HAL_PCD_Init
                0x08022ea0       0xe8 ./Drivers/STM32F7xx_HAL_Driver/Src/stm32f7xx_hal_pcd.o
                0x08022ea0                HAL_PCD_Init
 .text.HAL_PCDEx_ActivateLPM
                0x08022f88       0x26 ./Drivers/STM32F7xx_HAL_Driver/Src/stm32f7xx_hal_pcd_ex.o
                0x08022f88                HAL_PCDEx_ActivateLPM
 *fill*         0x08022fae        0x2 
 .text.HAL_PWR_EnableBkUpAccess
                0x08022fb0       0x10 ./Drivers/STM32F7xx_HAL_Driver/Src/stm32f7xx_hal_pwr.o
                0x08022fb0                HAL_PWR_EnableBkUpAccess
 .text.HAL_RCC_OscConfig
                0x08022fc0      0x374 ./Drivers/STM32F7xx_HAL_Driver/Src/stm32f7xx_hal_rcc.o
                0x08022fc0                HAL_RCC_OscConfig
 .text.HAL_RCC_GetSysClockFreq
                0x08023334       0x5c ./Drivers/STM32F7xx_HAL_Driver/Src/stm32f7xx_hal_rcc.o
                0x08023334                HAL_RCC_GetSysClockFreq
 .text.HAL_RCC_ClockConfig
                0x08023390      0x13c ./Drivers/STM32F7xx_HAL_Driver/Src/stm32f7xx_hal_rcc.o
                0x08023390                HAL_RCC_ClockConfig
 .text.HAL_RCC_GetPCLK1Freq
                0x080234cc       0x20 ./Drivers/STM32F7xx_HAL_Driver/Src/stm32f7xx_hal_rcc.o
                0x080234cc                HAL_RCC_GetPCLK1Freq
 .text.HAL_RCC_GetPCLK2Freq
                0x080234ec       0x20 ./Drivers/STM32F7xx_HAL_Driver/Src/stm32f7xx_hal_rcc.o
                0x080234ec                HAL_RCC_GetPCLK2Freq
 .text.HAL_RCC_GetClockConfig
                0x0802350c       0x3c ./Drivers/STM32F7xx_HAL_Driver/Src/stm32f7xx_hal_rcc.o
                0x0802350c                HAL_RCC_GetClockConfig
 .text.HAL_RCCEx_PeriphCLKConfig
                0x08023548      0x460 ./Drivers/STM32F7xx_HAL_Driver/Src/stm32f7xx_hal_rcc_ex.o
                0x08023548                HAL_RCCEx_PeriphCLKConfig
 .text.HAL_TIM_Base_MspInit
                0x080239a8        0x2 ./Drivers/STM32F7xx_HAL_Driver/Src/stm32f7xx_hal_tim.o
                0x080239a8                HAL_TIM_Base_MspInit
 *fill*         0x080239aa        0x2 
 .text.HAL_TIM_Base_Start_IT
                0x080239ac       0x7c ./Drivers/STM32F7xx_HAL_Driver/Src/stm32f7xx_hal_tim.o
                0x080239ac                HAL_TIM_Base_Start_IT
 .text.HAL_TIM_OC_DelayElapsedCallback
                0x08023a28        0x2 ./Drivers/STM32F7xx_HAL_Driver/Src/stm32f7xx_hal_tim.o
                0x08023a28                HAL_TIM_OC_DelayElapsedCallback
 .text.HAL_TIM_IC_CaptureCallback
                0x08023a2a        0x2 ./Drivers/STM32F7xx_HAL_Driver/Src/stm32f7xx_hal_tim.o
                0x08023a2a                HAL_TIM_IC_CaptureCallback
 .text.HAL_TIM_PWM_PulseFinishedCallback
                0x08023a2c        0x2 ./Drivers/STM32F7xx_HAL_Driver/Src/stm32f7xx_hal_tim.o
                0x08023a2c                HAL_TIM_PWM_PulseFinishedCallback
 .text.HAL_TIM_TriggerCallback
                0x08023a2e        0x2 ./Drivers/STM32F7xx_HAL_Driver/Src/stm32f7xx_hal_tim.o
                0x08023a2e                HAL_TIM_TriggerCallback
 .text.HAL_TIM_IRQHandler
                0x08023a30      0x140 ./Drivers/STM32F7xx_HAL_Driver/Src/stm32f7xx_hal_tim.o
                0x08023a30                HAL_TIM_IRQHandler
 .text.TIM_Base_SetConfig
                0x08023b70       0xa8 ./Drivers/STM32F7xx_HAL_Driver/Src/stm32f7xx_hal_tim.o
                0x08023b70                TIM_Base_SetConfig
 .text.HAL_TIM_Base_Init
                0x08023c18       0x60 ./Drivers/STM32F7xx_HAL_Driver/Src/stm32f7xx_hal_tim.o
                0x08023c18                HAL_TIM_Base_Init
 .text.HAL_TIMEx_CommutCallback
                0x08023c78        0x2 ./Drivers/STM32F7xx_HAL_Driver/Src/stm32f7xx_hal_tim_ex.o
                0x08023c78                HAL_TIMEx_CommutCallback
 .text.HAL_TIMEx_BreakCallback
                0x08023c7a        0x2 ./Drivers/STM32F7xx_HAL_Driver/Src/stm32f7xx_hal_tim_ex.o
                0x08023c7a                HAL_TIMEx_BreakCallback
 .text.HAL_TIMEx_Break2Callback
                0x08023c7c        0x2 ./Drivers/STM32F7xx_HAL_Driver/Src/stm32f7xx_hal_tim_ex.o
                0x08023c7c                HAL_TIMEx_Break2Callback
 .text.UART_EndRxTransfer
                0x08023c7e       0x50 ./Drivers/STM32F7xx_HAL_Driver/Src/stm32f7xx_hal_uart.o
 *fill*         0x08023cce        0x2 
 .text.UART_SetConfig
                0x08023cd0      0x1fc ./Drivers/STM32F7xx_HAL_Driver/Src/stm32f7xx_hal_uart.o
                0x08023cd0                UART_SetConfig
 .text.UART_AdvFeatureConfig
                0x08023ecc       0xaa ./Drivers/STM32F7xx_HAL_Driver/Src/stm32f7xx_hal_uart.o
                0x08023ecc                UART_AdvFeatureConfig
 .text.UART_WaitOnFlagUntilTimeout
                0x08023f76       0x90 ./Drivers/STM32F7xx_HAL_Driver/Src/stm32f7xx_hal_uart.o
                0x08023f76                UART_WaitOnFlagUntilTimeout
 .text.HAL_UART_Transmit
                0x08024006       0xa2 ./Drivers/STM32F7xx_HAL_Driver/Src/stm32f7xx_hal_uart.o
                0x08024006                HAL_UART_Transmit
 .text.HAL_UART_Receive
                0x080240a8       0xd6 ./Drivers/STM32F7xx_HAL_Driver/Src/stm32f7xx_hal_uart.o
                0x080240a8                HAL_UART_Receive
 .text.UART_CheckIdleState
                0x0802417e       0x5e ./Drivers/STM32F7xx_HAL_Driver/Src/stm32f7xx_hal_uart.o
                0x0802417e                UART_CheckIdleState
 .text.HAL_UART_Init
                0x080241dc       0x5c ./Drivers/STM32F7xx_HAL_Driver/Src/stm32f7xx_hal_uart.o
                0x080241dc                HAL_UART_Init
 .text.USB_CoreReset
                0x08024238       0x50 ./Drivers/STM32F7xx_HAL_Driver/Src/stm32f7xx_ll_usb.o
 .text.USB_CoreInit
                0x08024288       0xac ./Drivers/STM32F7xx_HAL_Driver/Src/stm32f7xx_ll_usb.o
                0x08024288                USB_CoreInit
 .text.USB_DisableGlobalInt
                0x08024334        0xc ./Drivers/STM32F7xx_HAL_Driver/Src/stm32f7xx_ll_usb.o
                0x08024334                USB_DisableGlobalInt
 .text.USB_SetCurrentMode
                0x08024340       0x5c ./Drivers/STM32F7xx_HAL_Driver/Src/stm32f7xx_ll_usb.o
                0x08024340                USB_SetCurrentMode
 .text.USB_FlushTxFifo
                0x0802439c       0x46 ./Drivers/STM32F7xx_HAL_Driver/Src/stm32f7xx_ll_usb.o
                0x0802439c                USB_FlushTxFifo
 .text.USB_FlushRxFifo
                0x080243e2       0x42 ./Drivers/STM32F7xx_HAL_Driver/Src/stm32f7xx_ll_usb.o
                0x080243e2                USB_FlushRxFifo
 .text.USB_SetDevSpeed
                0x08024424        0xe ./Drivers/STM32F7xx_HAL_Driver/Src/stm32f7xx_ll_usb.o
                0x08024424                USB_SetDevSpeed
 *fill*         0x08024432        0x2 
 .text.USB_DevInit
                0x08024434      0x174 ./Drivers/STM32F7xx_HAL_Driver/Src/stm32f7xx_ll_usb.o
                0x08024434                USB_DevInit
 .text.USB_DevDisconnect
                0x080245a8       0x1c ./Drivers/STM32F7xx_HAL_Driver/Src/stm32f7xx_ll_usb.o
                0x080245a8                USB_DevDisconnect
 .text.osKernelInitialize
                0x080245c4       0x34 ./Middlewares/Third_Party/FreeRTOS/Source/CMSIS_RTOS_V2/cmsis_os2.o
                0x080245c4                osKernelInitialize
 .text.osKernelGetState
                0x080245f8       0x20 ./Middlewares/Third_Party/FreeRTOS/Source/CMSIS_RTOS_V2/cmsis_os2.o
                0x080245f8                osKernelGetState
 .text.osKernelStart
                0x08024618       0x40 ./Middlewares/Third_Party/FreeRTOS/Source/CMSIS_RTOS_V2/cmsis_os2.o
                0x08024618                osKernelStart
 .text.osThreadNew
                0x08024658       0xa0 ./Middlewares/Third_Party/FreeRTOS/Source/CMSIS_RTOS_V2/cmsis_os2.o
                0x08024658                osThreadNew
 .text.osDelay  0x080246f8       0x30 ./Middlewares/Third_Party/FreeRTOS/Source/CMSIS_RTOS_V2/cmsis_os2.o
                0x080246f8                osDelay
 .text.osMutexNew
                0x08024728       0x88 ./Middlewares/Third_Party/FreeRTOS/Source/CMSIS_RTOS_V2/cmsis_os2.o
                0x08024728                osMutexNew
 .text.osMutexAcquire
                0x080247b0       0x60 ./Middlewares/Third_Party/FreeRTOS/Source/CMSIS_RTOS_V2/cmsis_os2.o
                0x080247b0                osMutexAcquire
 .text.osMutexRelease
                0x08024810       0x58 ./Middlewares/Third_Party/FreeRTOS/Source/CMSIS_RTOS_V2/cmsis_os2.o
                0x08024810                osMutexRelease
 .text.osMessageQueueNew
                0x08024868       0x8c ./Middlewares/Third_Party/FreeRTOS/Source/CMSIS_RTOS_V2/cmsis_os2.o
                0x08024868                osMessageQueueNew
 .text.osMessageQueuePut
                0x080248f4       0x84 ./Middlewares/Third_Party/FreeRTOS/Source/CMSIS_RTOS_V2/cmsis_os2.o
                0x080248f4                osMessageQueuePut
 .text.osMessageQueueGet
                0x08024978       0x80 ./Middlewares/Third_Party/FreeRTOS/Source/CMSIS_RTOS_V2/cmsis_os2.o
                0x08024978                osMessageQueueGet
 .text.vApplicationMallocFailedHook
                0x080249f8        0x2 ./Middlewares/Third_Party/FreeRTOS/Source/CMSIS_RTOS_V2/cmsis_os2.o
                0x080249f8                vApplicationMallocFailedHook
 *fill*         0x080249fa        0x2 
 .text.vApplicationGetIdleTaskMemory
                0x080249fc       0x18 ./Middlewares/Third_Party/FreeRTOS/Source/CMSIS_RTOS_V2/cmsis_os2.o
                0x080249fc                vApplicationGetIdleTaskMemory
 .text.vApplicationGetTimerTaskMemory
                0x08024a14       0x18 ./Middlewares/Third_Party/FreeRTOS/Source/CMSIS_RTOS_V2/cmsis_os2.o
                0x08024a14                vApplicationGetTimerTaskMemory
 .text.vListInitialise
                0x08024a2c       0x16 ./Middlewares/Third_Party/FreeRTOS/Source/list.o
                0x08024a2c                vListInitialise
 .text.vListInitialiseItem
                0x08024a42        0x6 ./Middlewares/Third_Party/FreeRTOS/Source/list.o
                0x08024a42                vListInitialiseItem
 .text.vListInsertEnd
                0x08024a48       0x16 ./Middlewares/Third_Party/FreeRTOS/Source/list.o
                0x08024a48                vListInsertEnd
 .text.vListInsert
                0x08024a5e       0x2e ./Middlewares/Third_Party/FreeRTOS/Source/list.o
                0x08024a5e                vListInsert
 .text.uxListRemove
                0x08024a8c       0x20 ./Middlewares/Third_Party/FreeRTOS/Source/list.o
                0x08024a8c                uxListRemove
 .text.prvIsQueueEmpty
                0x08024aac       0x16 ./Middlewares/Third_Party/FreeRTOS/Source/queue.o
 .text.prvCopyDataToQueue
                0x08024ac2       0x66 ./Middlewares/Third_Party/FreeRTOS/Source/queue.o
 .text.prvCopyDataFromQueue
                0x08024b28       0x28 ./Middlewares/Third_Party/FreeRTOS/Source/queue.o
 .text.prvUnlockQueue
                0x08024b50       0x6c ./Middlewares/Third_Party/FreeRTOS/Source/queue.o
 .text.xQueueGenericReset
                0x08024bbc       0x82 ./Middlewares/Third_Party/FreeRTOS/Source/queue.o
                0x08024bbc                xQueueGenericReset
 .text.xQueueGenericCreateStatic.part.0
                0x08024c3e       0x98 ./Middlewares/Third_Party/FreeRTOS/Source/queue.o
 .text.xQueueGenericCreateStatic
                0x08024cd6       0x28 ./Middlewares/Third_Party/FreeRTOS/Source/queue.o
                0x08024cd6                xQueueGenericCreateStatic
 .text.xQueueGenericCreate
                0x08024cfe       0x52 ./Middlewares/Third_Party/FreeRTOS/Source/queue.o
                0x08024cfe                xQueueGenericCreate
 .text.xQueueGenericSend
                0x08024d50      0x174 ./Middlewares/Third_Party/FreeRTOS/Source/queue.o
                0x08024d50                xQueueGenericSend
 .text.xQueueCreateMutexStatic
                0x08024ec4       0x28 ./Middlewares/Third_Party/FreeRTOS/Source/queue.o
                0x08024ec4                xQueueCreateMutexStatic
 .text.xQueueGiveMutexRecursive
                0x08024eec       0x42 ./Middlewares/Third_Party/FreeRTOS/Source/queue.o
                0x08024eec                xQueueGiveMutexRecursive
 .text.xQueueCreateMutex
                0x08024f2e       0x3a ./Middlewares/Third_Party/FreeRTOS/Source/queue.o
                0x08024f2e                xQueueCreateMutex
 .text.xQueueGenericSendFromISR
                0x08024f68       0xc8 ./Middlewares/Third_Party/FreeRTOS/Source/queue.o
                0x08024f68                xQueueGenericSendFromISR
 .text.xQueueReceive
                0x08025030      0x14a ./Middlewares/Third_Party/FreeRTOS/Source/queue.o
                0x08025030                xQueueReceive
 .text.xQueueSemaphoreTake
                0x0802517a      0x190 ./Middlewares/Third_Party/FreeRTOS/Source/queue.o
                0x0802517a                xQueueSemaphoreTake
 .text.xQueueTakeMutexRecursive
                0x0802530a       0x40 ./Middlewares/Third_Party/FreeRTOS/Source/queue.o
                0x0802530a                xQueueTakeMutexRecursive
 .text.xQueueReceiveFromISR
                0x0802534a       0xa6 ./Middlewares/Third_Party/FreeRTOS/Source/queue.o
                0x0802534a                xQueueReceiveFromISR
 .text.vQueueAddToRegistry
                0x080253f0       0x24 ./Middlewares/Third_Party/FreeRTOS/Source/queue.o
                0x080253f0                vQueueAddToRegistry
 .text.vQueueWaitForMessageRestricted
                0x08025414       0x46 ./Middlewares/Third_Party/FreeRTOS/Source/queue.o
                0x08025414                vQueueWaitForMessageRestricted
 *fill*         0x0802545a        0x2 
 .text.prvAddNewTaskToReadyList
                0x0802545c       0xfc ./Middlewares/Third_Party/FreeRTOS/Source/tasks.o
 .text.prvAddCurrentTaskToDelayedList
                0x08025558       0x70 ./Middlewares/Third_Party/FreeRTOS/Source/tasks.o
 .text.prvResetNextTaskUnblockTime
                0x080255c8       0x24 ./Middlewares/Third_Party/FreeRTOS/Source/tasks.o
 .text.prvDeleteTCB
                0x080255ec       0x40 ./Middlewares/Third_Party/FreeRTOS/Source/tasks.o
 .text.prvIdleTask
                0x0802562c       0x60 ./Middlewares/Third_Party/FreeRTOS/Source/tasks.o
 .text.prvInitialiseNewTask.constprop.0
                0x0802568c       0xb8 ./Middlewares/Third_Party/FreeRTOS/Source/tasks.o
 .text.xTaskCreateStatic
                0x08025744       0x7c ./Middlewares/Third_Party/FreeRTOS/Source/tasks.o
                0x08025744                xTaskCreateStatic
 .text.xTaskCreate
                0x080257c0       0x5c ./Middlewares/Third_Party/FreeRTOS/Source/tasks.o
                0x080257c0                xTaskCreate
 .text.vTaskStartScheduler
                0x0802581c       0xa8 ./Middlewares/Third_Party/FreeRTOS/Source/tasks.o
                0x0802581c                vTaskStartScheduler
 .text.vTaskSuspendAll
                0x080258c4       0x10 ./Middlewares/Third_Party/FreeRTOS/Source/tasks.o
                0x080258c4                vTaskSuspendAll
 .text.xTaskGetTickCount
                0x080258d4        0xc ./Middlewares/Third_Party/FreeRTOS/Source/tasks.o
                0x080258d4                xTaskGetTickCount
 .text.xTaskIncrementTick
                0x080258e0      0x134 ./Middlewares/Third_Party/FreeRTOS/Source/tasks.o
                0x080258e0                xTaskIncrementTick
 .text.xTaskResumeAll
                0x08025a14       0xec ./Middlewares/Third_Party/FreeRTOS/Source/tasks.o
                0x08025a14                xTaskResumeAll
 .text.vTaskDelay
                0x08025b00       0x4c ./Middlewares/Third_Party/FreeRTOS/Source/tasks.o
                0x08025b00                vTaskDelay
 .text.vTaskSwitchContext
                0x08025b4c       0xac ./Middlewares/Third_Party/FreeRTOS/Source/tasks.o
                0x08025b4c                vTaskSwitchContext
 .text.vTaskPlaceOnEventList
                0x08025bf8       0x38 ./Middlewares/Third_Party/FreeRTOS/Source/tasks.o
                0x08025bf8                vTaskPlaceOnEventList
 .text.vTaskPlaceOnEventListRestricted
                0x08025c30       0x40 ./Middlewares/Third_Party/FreeRTOS/Source/tasks.o
                0x08025c30                vTaskPlaceOnEventListRestricted
 .text.xTaskRemoveFromEventList
                0x08025c70       0x88 ./Middlewares/Third_Party/FreeRTOS/Source/tasks.o
                0x08025c70                xTaskRemoveFromEventList
 .text.vTaskInternalSetTimeOutState
                0x08025cf8       0x18 ./Middlewares/Third_Party/FreeRTOS/Source/tasks.o
                0x08025cf8                vTaskInternalSetTimeOutState
 .text.xTaskCheckForTimeOut
                0x08025d10       0x80 ./Middlewares/Third_Party/FreeRTOS/Source/tasks.o
                0x08025d10                xTaskCheckForTimeOut
 .text.vTaskMissedYield
                0x08025d90        0xc ./Middlewares/Third_Party/FreeRTOS/Source/tasks.o
                0x08025d90                vTaskMissedYield
 .text.xTaskGetCurrentTaskHandle
                0x08025d9c        0xc ./Middlewares/Third_Party/FreeRTOS/Source/tasks.o
                0x08025d9c                xTaskGetCurrentTaskHandle
 .text.xTaskGetSchedulerState
                0x08025da8       0x20 ./Middlewares/Third_Party/FreeRTOS/Source/tasks.o
                0x08025da8                xTaskGetSchedulerState
 .text.xTaskPriorityInherit
                0x08025dc8       0x7c ./Middlewares/Third_Party/FreeRTOS/Source/tasks.o
                0x08025dc8                xTaskPriorityInherit
 .text.xTaskPriorityDisinherit
                0x08025e44       0x8c ./Middlewares/Third_Party/FreeRTOS/Source/tasks.o
                0x08025e44                xTaskPriorityDisinherit
 .text.vTaskPriorityDisinheritAfterTimeout
                0x08025ed0       0xa4 ./Middlewares/Third_Party/FreeRTOS/Source/tasks.o
                0x08025ed0                vTaskPriorityDisinheritAfterTimeout
 .text.pvTaskIncrementMutexHeldCount
                0x08025f74       0x18 ./Middlewares/Third_Party/FreeRTOS/Source/tasks.o
                0x08025f74                pvTaskIncrementMutexHeldCount
 .text.prvInsertTimerInActiveList
                0x08025f8c       0x3c ./Middlewares/Third_Party/FreeRTOS/Source/timers.o
 .text.prvCheckForValidListAndQueue
                0x08025fc8       0x68 ./Middlewares/Third_Party/FreeRTOS/Source/timers.o
 .text.xTimerCreateTimerTask
                0x08026030       0x68 ./Middlewares/Third_Party/FreeRTOS/Source/timers.o
                0x08026030                xTimerCreateTimerTask
 .text.xTimerGenericCommand
                0x08026098       0x5c ./Middlewares/Third_Party/FreeRTOS/Source/timers.o
                0x08026098                xTimerGenericCommand
 .text.prvSwitchTimerLists
                0x080260f4       0x78 ./Middlewares/Third_Party/FreeRTOS/Source/timers.o
 .text.prvTimerTask
                0x0802616c      0x1fc ./Middlewares/Third_Party/FreeRTOS/Source/timers.o
 .text.prvPortStartFirstTask
                0x08026368       0x28 ./Middlewares/Third_Party/FreeRTOS/Source/portable/GCC/ARM_CM7/r0p1/port.o
 .text.vPortEnableVFP
                0x08026390       0x14 ./Middlewares/Third_Party/FreeRTOS/Source/portable/GCC/ARM_CM7/r0p1/port.o
 .text.prvTaskExitError
                0x080263a4       0x48 ./Middlewares/Third_Party/FreeRTOS/Source/portable/GCC/ARM_CM7/r0p1/port.o
 .text.pxPortInitialiseStack
                0x080263ec       0x24 ./Middlewares/Third_Party/FreeRTOS/Source/portable/GCC/ARM_CM7/r0p1/port.o
                0x080263ec                pxPortInitialiseStack
 .text.SVC_Handler
                0x08026410       0x24 ./Middlewares/Third_Party/FreeRTOS/Source/portable/GCC/ARM_CM7/r0p1/port.o
                0x08026410                SVC_Handler
 .text.vPortEnterCritical
                0x08026434       0x48 ./Middlewares/Third_Party/FreeRTOS/Source/portable/GCC/ARM_CM7/r0p1/port.o
                0x08026434                vPortEnterCritical
 .text.vPortExitCritical
                0x0802647c       0x2c ./Middlewares/Third_Party/FreeRTOS/Source/portable/GCC/ARM_CM7/r0p1/port.o
                0x0802647c                vPortExitCritical
 *fill*         0x080264a8        0x8 
 .text.PendSV_Handler
                0x080264b0       0x64 ./Middlewares/Third_Party/FreeRTOS/Source/portable/GCC/ARM_CM7/r0p1/port.o
                0x080264b0                PendSV_Handler
 .text.SysTick_Handler
                0x08026514       0x30 ./Middlewares/Third_Party/FreeRTOS/Source/portable/GCC/ARM_CM7/r0p1/port.o
                0x08026514                SysTick_Handler
 .text.vPortSetupTimerInterrupt
                0x08026544       0x24 ./Middlewares/Third_Party/FreeRTOS/Source/portable/GCC/ARM_CM7/r0p1/port.o
                0x08026544                vPortSetupTimerInterrupt
 .text.xPortStartScheduler
                0x08026568       0xc4 ./Middlewares/Third_Party/FreeRTOS/Source/portable/GCC/ARM_CM7/r0p1/port.o
                0x08026568                xPortStartScheduler
 .text.vPortValidateInterruptPriority
                0x0802662c       0x64 ./Middlewares/Third_Party/FreeRTOS/Source/portable/GCC/ARM_CM7/r0p1/port.o
                0x0802662c                vPortValidateInterruptPriority
 .text.prvInsertBlockIntoFreeList
                0x08026690       0x4c ./Middlewares/Third_Party/FreeRTOS/Source/portable/MemMang/heap_4.o
 .text.pvPortMalloc
                0x080266dc      0x12c ./Middlewares/Third_Party/FreeRTOS/Source/portable/MemMang/heap_4.o
                0x080266dc                pvPortMalloc
 .text.vPortFree
                0x08026808       0x78 ./Middlewares/Third_Party/FreeRTOS/Source/portable/MemMang/heap_4.o
                0x08026808                vPortFree
 .text.xPortGetFreeHeapSize
                0x08026880        0xc ./Middlewares/Third_Party/FreeRTOS/Source/portable/MemMang/heap_4.o
                0x08026880                xPortGetFreeHeapSize
 .text.arm_rfft_fast_init_f32
                0x0802688c      0x168 ../Drivers/CMSIS/Lib/GCC\libarm_cortexM7lfsp_math.a(arm_rfft_fast_init_f32.o)
                0x0802688c                arm_rfft_fast_init_f32
 .text.arm_rfft_fast_f32
                0x080269f4      0x188 ../Drivers/CMSIS/Lib/GCC\libarm_cortexM7lfsp_math.a(arm_rfft_fast_f32.o)
                0x080269f4                arm_rfft_fast_f32
 .text.arm_cfft_radix8by2_f32
                0x08026b7c      0x1a0 ../Drivers/CMSIS/Lib/GCC\libarm_cortexM7lfsp_math.a(arm_cfft_f32.o)
                0x08026b7c                arm_cfft_radix8by2_f32
 .text.arm_cfft_radix8by4_f32
                0x08026d1c      0x4b0 ../Drivers/CMSIS/Lib/GCC\libarm_cortexM7lfsp_math.a(arm_cfft_f32.o)
                0x08026d1c                arm_cfft_radix8by4_f32
 .text.arm_cfft_f32
                0x080271cc       0xf0 ../Drivers/CMSIS/Lib/GCC\libarm_cortexM7lfsp_math.a(arm_cfft_f32.o)
                0x080271cc                arm_cfft_f32
 .text.arm_radix8_butterfly_f32
                0x080272bc      0x5e4 ../Drivers/CMSIS/Lib/GCC\libarm_cortexM7lfsp_math.a(arm_cfft_radix8_f32.o)
                0x080272bc                arm_radix8_butterfly_f32
 .text.std      0x080278a0       0x6c C:/ST/STM32CubeIDE_1.18.0/STM32CubeIDE/plugins/com.st.stm32cube.ide.mcu.externaltools.gnu-tools-for-stm32.14.3.rel1.win32_1.0.100.202602081740/tools/bin/../lib/gcc/arm-none-eabi/14.3.1/../../../../arm-none-eabi/lib/thumb/v7e-m+fp/hard\libc_nano.a(libc_a-findfp.o)
 .text.stdio_exit_handler
                0x0802790c       0x18 C:/ST/STM32CubeIDE_1.18.0/STM32CubeIDE/plugins/com.st.stm32cube.ide.mcu.externaltools.gnu-tools-for-stm32.14.3.rel1.win32_1.0.100.202602081740/tools/bin/../lib/gcc/arm-none-eabi/14.3.1/../../../../arm-none-eabi/lib/thumb/v7e-m+fp/hard\libc_nano.a(libc_a-findfp.o)
 .text.cleanup_stdio
                0x08027924       0x40 C:/ST/STM32CubeIDE_1.18.0/STM32CubeIDE/plugins/com.st.stm32cube.ide.mcu.externaltools.gnu-tools-for-stm32.14.3.rel1.win32_1.0.100.202602081740/tools/bin/../lib/gcc/arm-none-eabi/14.3.1/../../../../arm-none-eabi/lib/thumb/v7e-m+fp/hard\libc_nano.a(libc_a-findfp.o)
 .text.global_stdio_init.part.0
                0x08027964       0x40 C:/ST/STM32CubeIDE_1.18.0/STM32CubeIDE/plugins/com.st.stm32cube.ide.mcu.externaltools.gnu-tools-for-stm32.14.3.rel1.win32_1.0.100.202602081740/tools/bin/../lib/gcc/arm-none-eabi/14.3.1/../../../../arm-none-eabi/lib/thumb/v7e-m+fp/hard\libc_nano.a(libc_a-findfp.o)
 .text.__sfp_lock_acquire
                0x080279a4        0xc C:/ST/STM32CubeIDE_1.18.0/STM32CubeIDE/plugins/com.st.stm32cube.ide.mcu.externaltools.gnu-tools-for-stm32.14.3.rel1.win32_1.0.100.202602081740/tools/bin/../lib/gcc/arm-none-eabi/14.3.1/../../../../arm-none-eabi/lib/thumb/v7e-m+fp/hard\libc_nano.a(libc_a-findfp.o)
                0x080279a4                __sfp_lock_acquire
 .text.__sfp_lock_release
                0x080279b0        0xc C:/ST/STM32CubeIDE_1.18.0/STM32CubeIDE/plugins/com.st.stm32cube.ide.mcu.externaltools.gnu-tools-for-stm32.14.3.rel1.win32_1.0.100.202602081740/tools/bin/../lib/gcc/arm-none-eabi/14.3.1/../../../../arm-none-eabi/lib/thumb/v7e-m+fp/hard\libc_nano.a(libc_a-findfp.o)
                0x080279b0                __sfp_lock_release
 .text.__sinit  0x080279bc       0x30 C:/ST/STM32CubeIDE_1.18.0/STM32CubeIDE/plugins/com.st.stm32cube.ide.mcu.externaltools.gnu-tools-for-stm32.14.3.rel1.win32_1.0.100.202602081740/tools/bin/../lib/gcc/arm-none-eabi/14.3.1/../../../../arm-none-eabi/lib/thumb/v7e-m+fp/hard\libc_nano.a(libc_a-findfp.o)
                0x080279bc                __sinit
 .text._fwalk_sglue
                0x080279ec       0x3c C:/ST/STM32CubeIDE_1.18.0/STM32CubeIDE/plugins/com.st.stm32cube.ide.mcu.externaltools.gnu-tools-for-stm32.14.3.rel1.win32_1.0.100.202602081740/tools/bin/../lib/gcc/arm-none-eabi/14.3.1/../../../../arm-none-eabi/lib/thumb/v7e-m+fp/hard\libc_nano.a(libc_a-fwalk.o)
                0x080279ec                _fwalk_sglue
 .text.snprintf
                0x08027a28       0x6c C:/ST/STM32CubeIDE_1.18.0/STM32CubeIDE/plugins/com.st.stm32cube.ide.mcu.externaltools.gnu-tools-for-stm32.14.3.rel1.win32_1.0.100.202602081740/tools/bin/../lib/gcc/arm-none-eabi/14.3.1/../../../../arm-none-eabi/lib/thumb/v7e-m+fp/hard\libc_nano.a(libc_a-snprintf.o)
                0x08027a28                sniprintf
                0x08027a28                snprintf
 .text.sprintf  0x08027a94       0x44 C:/ST/STM32CubeIDE_1.18.0/STM32CubeIDE/plugins/com.st.stm32cube.ide.mcu.externaltools.gnu-tools-for-stm32.14.3.rel1.win32_1.0.100.202602081740/tools/bin/../lib/gcc/arm-none-eabi/14.3.1/../../../../arm-none-eabi/lib/thumb/v7e-m+fp/hard\libc_nano.a(libc_a-sprintf.o)
                0x08027a94                siprintf
                0x08027a94                sprintf
 .text.__sread  0x08027ad8       0x22 C:/ST/STM32CubeIDE_1.18.0/STM32CubeIDE/plugins/com.st.stm32cube.ide.mcu.externaltools.gnu-tools-for-stm32.14.3.rel1.win32_1.0.100.202602081740/tools/bin/../lib/gcc/arm-none-eabi/14.3.1/../../../../arm-none-eabi/lib/thumb/v7e-m+fp/hard\libc_nano.a(libc_a-stdio.o)
                0x08027ad8                __sread
 .text.__swrite
                0x08027afa       0x38 C:/ST/STM32CubeIDE_1.18.0/STM32CubeIDE/plugins/com.st.stm32cube.ide.mcu.externaltools.gnu-tools-for-stm32.14.3.rel1.win32_1.0.100.202602081740/tools/bin/../lib/gcc/arm-none-eabi/14.3.1/../../../../arm-none-eabi/lib/thumb/v7e-m+fp/hard\libc_nano.a(libc_a-stdio.o)
                0x08027afa                __swrite
 .text.__sseek  0x08027b32       0x26 C:/ST/STM32CubeIDE_1.18.0/STM32CubeIDE/plugins/com.st.stm32cube.ide.mcu.externaltools.gnu-tools-for-stm32.14.3.rel1.win32_1.0.100.202602081740/tools/bin/../lib/gcc/arm-none-eabi/14.3.1/../../../../arm-none-eabi/lib/thumb/v7e-m+fp/hard\libc_nano.a(libc_a-stdio.o)
                0x08027b32                __sseek
 .text.__sclose
                0x08027b58        0x8 C:/ST/STM32CubeIDE_1.18.0/STM32CubeIDE/plugins/com.st.stm32cube.ide.mcu.externaltools.gnu-tools-for-stm32.14.3.rel1.win32_1.0.100.202602081740/tools/bin/../lib/gcc/arm-none-eabi/14.3.1/../../../../arm-none-eabi/lib/thumb/v7e-m+fp/hard\libc_nano.a(libc_a-stdio.o)
                0x08027b58                __sclose
 .text.vprintf  0x08027b60       0x14 C:/ST/STM32CubeIDE_1.18.0/STM32CubeIDE/plugins/com.st.stm32cube.ide.mcu.externaltools.gnu-tools-for-stm32.14.3.rel1.win32_1.0.100.202602081740/tools/bin/../lib/gcc/arm-none-eabi/14.3.1/../../../../arm-none-eabi/lib/thumb/v7e-m+fp/hard\libc_nano.a(libc_a-vprintf.o)
                0x08027b60                viprintf
                0x08027b60                vprintf
 .text.__swbuf_r
                0x08027b74       0x7c C:/ST/STM32CubeIDE_1.18.0/STM32CubeIDE/plugins/com.st.stm32cube.ide.mcu.externaltools.gnu-tools-for-stm32.14.3.rel1.win32_1.0.100.202602081740/tools/bin/../lib/gcc/arm-none-eabi/14.3.1/../../../../arm-none-eabi/lib/thumb/v7e-m+fp/hard\libc_nano.a(libc_a-wbuf.o)
                0x08027b74                __swbuf_r
 .text.__swsetup_r
                0x08027bf0       0xa8 C:/ST/STM32CubeIDE_1.18.0/STM32CubeIDE/plugins/com.st.stm32cube.ide.mcu.externaltools.gnu-tools-for-stm32.14.3.rel1.win32_1.0.100.202602081740/tools/bin/../lib/gcc/arm-none-eabi/14.3.1/../../../../arm-none-eabi/lib/thumb/v7e-m+fp/hard\libc_nano.a(libc_a-wsetup.o)
                0x08027bf0                __swsetup_r
 .text.memset   0x08027c98       0x10 C:/ST/STM32CubeIDE_1.18.0/STM32CubeIDE/plugins/com.st.stm32cube.ide.mcu.externaltools.gnu-tools-for-stm32.14.3.rel1.win32_1.0.100.202602081740/tools/bin/../lib/gcc/arm-none-eabi/14.3.1/../../../../arm-none-eabi/lib/thumb/v7e-m+fp/hard\libc_nano.a(libc_a-memset.o)
                0x08027c98                memset
 .text.strstr   0x08027ca8       0x2c C:/ST/STM32CubeIDE_1.18.0/STM32CubeIDE/plugins/com.st.stm32cube.ide.mcu.externaltools.gnu-tools-for-stm32.14.3.rel1.win32_1.0.100.202602081740/tools/bin/../lib/gcc/arm-none-eabi/14.3.1/../../../../arm-none-eabi/lib/thumb/v7e-m+fp/hard\libc_nano.a(libc_a-strstr.o)
                0x08027ca8                strstr
 .text._close_r
                0x08027cd4       0x20 C:/ST/STM32CubeIDE_1.18.0/STM32CubeIDE/plugins/com.st.stm32cube.ide.mcu.externaltools.gnu-tools-for-stm32.14.3.rel1.win32_1.0.100.202602081740/tools/bin/../lib/gcc/arm-none-eabi/14.3.1/../../../../arm-none-eabi/lib/thumb/v7e-m+fp/hard\libc_nano.a(libc_a-closer.o)
                0x08027cd4                _close_r
 .text._reclaim_reent
                0x08027cf4       0xbc C:/ST/STM32CubeIDE_1.18.0/STM32CubeIDE/plugins/com.st.stm32cube.ide.mcu.externaltools.gnu-tools-for-stm32.14.3.rel1.win32_1.0.100.202602081740/tools/bin/../lib/gcc/arm-none-eabi/14.3.1/../../../../arm-none-eabi/lib/thumb/v7e-m+fp/hard\libc_nano.a(libc_a-reent.o)
                0x08027cf4                _reclaim_reent
 .text._lseek_r
                0x08027db0       0x24 C:/ST/STM32CubeIDE_1.18.0/STM32CubeIDE/plugins/com.st.stm32cube.ide.mcu.externaltools.gnu-tools-for-stm32.14.3.rel1.win32_1.0.100.202602081740/tools/bin/../lib/gcc/arm-none-eabi/14.3.1/../../../../arm-none-eabi/lib/thumb/v7e-m+fp/hard\libc_nano.a(libc_a-lseekr.o)
                0x08027db0                _lseek_r
 .text._read_r  0x08027dd4       0x24 C:/ST/STM32CubeIDE_1.18.0/STM32CubeIDE/plugins/com.st.stm32cube.ide.mcu.externaltools.gnu-tools-for-stm32.14.3.rel1.win32_1.0.100.202602081740/tools/bin/../lib/gcc/arm-none-eabi/14.3.1/../../../../arm-none-eabi/lib/thumb/v7e-m+fp/hard\libc_nano.a(libc_a-readr.o)
                0x08027dd4                _read_r
 .text._write_r
                0x08027df8       0x24 C:/ST/STM32CubeIDE_1.18.0/STM32CubeIDE/plugins/com.st.stm32cube.ide.mcu.externaltools.gnu-tools-for-stm32.14.3.rel1.win32_1.0.100.202602081740/tools/bin/../lib/gcc/arm-none-eabi/14.3.1/../../../../arm-none-eabi/lib/thumb/v7e-m+fp/hard\libc_nano.a(libc_a-writer.o)
                0x08027df8                _write_r
 .text.__errno  0x08027e1c        0xc C:/ST/STM32CubeIDE_1.18.0/STM32CubeIDE/plugins/com.st.stm32cube.ide.mcu.externaltools.gnu-tools-for-stm32.14.3.rel1.win32_1.0.100.202602081740/tools/bin/../lib/gcc/arm-none-eabi/14.3.1/../../../../arm-none-eabi/lib/thumb/v7e-m+fp/hard\libc_nano.a(libc_a-errno.o)
                0x08027e1c                __errno
 .text.__libc_init_array
                0x08027e28       0x48 C:/ST/STM32CubeIDE_1.18.0/STM32CubeIDE/plugins/com.st.stm32cube.ide.mcu.externaltools.gnu-tools-for-stm32.14.3.rel1.win32_1.0.100.202602081740/tools/bin/../lib/gcc/arm-none-eabi/14.3.1/../../../../arm-none-eabi/lib/thumb/v7e-m+fp/hard\libc_nano.a(libc_a-init.o)
                0x08027e28                __libc_init_array
 .text.__retarget_lock_init_recursive
                0x08027e70        0x2 C:/ST/STM32CubeIDE_1.18.0/STM32CubeIDE/plugins/com.st.stm32cube.ide.mcu.externaltools.gnu-tools-for-stm32.14.3.rel1.win32_1.0.100.202602081740/tools/bin/../lib/gcc/arm-none-eabi/14.3.1/../../../../arm-none-eabi/lib/thumb/v7e-m+fp/hard\libc_nano.a(libc_a-lock.o)
                0x08027e70                __retarget_lock_init_recursive
 .text.__retarget_lock_acquire_recursive
                0x08027e72        0x2 C:/ST/STM32CubeIDE_1.18.0/STM32CubeIDE/plugins/com.st.stm32cube.ide.mcu.externaltools.gnu-tools-for-stm32.14.3.rel1.win32_1.0.100.202602081740/tools/bin/../lib/gcc/arm-none-eabi/14.3.1/../../../../arm-none-eabi/lib/thumb/v7e-m+fp/hard\libc_nano.a(libc_a-lock.o)
                0x08027e72                __retarget_lock_acquire_recursive
 .text.__retarget_lock_release_recursive
                0x08027e74        0x2 C:/ST/STM32CubeIDE_1.18.0/STM32CubeIDE/plugins/com.st.stm32cube.ide.mcu.externaltools.gnu-tools-for-stm32.14.3.rel1.win32_1.0.100.202602081740/tools/bin/../lib/gcc/arm-none-eabi/14.3.1/../../../../arm-none-eabi/lib/thumb/v7e-m+fp/hard\libc_nano.a(libc_a-lock.o)
                0x08027e74                __retarget_lock_release_recursive
 .text.strcpy   0x08027e76       0x10 C:/ST/STM32CubeIDE_1.18.0/STM32CubeIDE/plugins/com.st.stm32cube.ide.mcu.externaltools.gnu-tools-for-stm32.14.3.rel1.win32_1.0.100.202602081740/tools/bin/../lib/gcc/arm-none-eabi/14.3.1/../../../../arm-none-eabi/lib/thumb/v7e-m+fp/hard\libc_nano.a(libc_a-strcpy.o)
                0x08027e76                strcpy
 .text.memcpy   0x08027e86       0x1c C:/ST/STM32CubeIDE_1.18.0/STM32CubeIDE/plugins/com.st.stm32cube.ide.mcu.externaltools.gnu-tools-for-stm32.14.3.rel1.win32_1.0.100.202602081740/tools/bin/../lib/gcc/arm-none-eabi/14.3.1/../../../../arm-none-eabi/lib/thumb/v7e-m+fp/hard\libc_nano.a(libc_a-memcpy-stub.o)
                0x08027e86                memcpy
 *fill*         0x08027ea2        0x2 
 .text._free_r  0x08027ea4       0x94 C:/ST/STM32CubeIDE_1.18.0/STM32CubeIDE/plugins/com.st.stm32cube.ide.mcu.externaltools.gnu-tools-for-stm32.14.3.rel1.win32_1.0.100.202602081740/tools/bin/../lib/gcc/arm-none-eabi/14.3.1/../../../../arm-none-eabi/lib/thumb/v7e-m+fp/hard\libc_nano.a(libc_a-freer.o)
                0x08027ea4                _free_r
 .text.sbrk_aligned
                0x08027f38       0x44 C:/ST/STM32CubeIDE_1.18.0/STM32CubeIDE/plugins/com.st.stm32cube.ide.mcu.externaltools.gnu-tools-for-stm32.14.3.rel1.win32_1.0.100.202602081740/tools/bin/../lib/gcc/arm-none-eabi/14.3.1/../../../../arm-none-eabi/lib/thumb/v7e-m+fp/hard\libc_nano.a(libc_a-mallocr.o)
 .text._malloc_r
                0x08027f7c      0x100 C:/ST/STM32CubeIDE_1.18.0/STM32CubeIDE/plugins/com.st.stm32cube.ide.mcu.externaltools.gnu-tools-for-stm32.14.3.rel1.win32_1.0.100.202602081740/tools/bin/../lib/gcc/arm-none-eabi/14.3.1/../../../../arm-none-eabi/lib/thumb/v7e-m+fp/hard\libc_nano.a(libc_a-mallocr.o)
                0x08027f7c                _malloc_r
 .text.__malloc_lock
                0x0802807c        0xc C:/ST/STM32CubeIDE_1.18.0/STM32CubeIDE/plugins/com.st.stm32cube.ide.mcu.externaltools.gnu-tools-for-stm32.14.3.rel1.win32_1.0.100.202602081740/tools/bin/../lib/gcc/arm-none-eabi/14.3.1/../../../../arm-none-eabi/lib/thumb/v7e-m+fp/hard\libc_nano.a(libc_a-mlock.o)
                0x0802807c                __malloc_lock
 .text.__malloc_unlock
                0x08028088        0xc C:/ST/STM32CubeIDE_1.18.0/STM32CubeIDE/plugins/com.st.stm32cube.ide.mcu.externaltools.gnu-tools-for-stm32.14.3.rel1.win32_1.0.100.202602081740/tools/bin/../lib/gcc/arm-none-eabi/14.3.1/../../../../arm-none-eabi/lib/thumb/v7e-m+fp/hard\libc_nano.a(libc_a-mlock.o)
                0x08028088                __malloc_unlock
 .text.__ssputs_r
                0x08028094       0xc0 C:/ST/STM32CubeIDE_1.18.0/STM32CubeIDE/plugins/com.st.stm32cube.ide.mcu.externaltools.gnu-tools-for-stm32.14.3.rel1.win32_1.0.100.202602081740/tools/bin/../lib/gcc/arm-none-eabi/14.3.1/../../../../arm-none-eabi/lib/thumb/v7e-m+fp/hard\libc_nano.a(libc_a-nano-svfprintf.o)
                0x08028094                __ssputs_r
 .text._svfprintf_r
                0x08028154      0x1f0 C:/ST/STM32CubeIDE_1.18.0/STM32CubeIDE/plugins/com.st.stm32cube.ide.mcu.externaltools.gnu-tools-for-stm32.14.3.rel1.win32_1.0.100.202602081740/tools/bin/../lib/gcc/arm-none-eabi/14.3.1/../../../../arm-none-eabi/lib/thumb/v7e-m+fp/hard\libc_nano.a(libc_a-nano-svfprintf.o)
                0x08028154                _svfiprintf_r
                0x08028154                _svfprintf_r
 .text.__sfputc_r
                0x08028344       0x2e C:/ST/STM32CubeIDE_1.18.0/STM32CubeIDE/plugins/com.st.stm32cube.ide.mcu.externaltools.gnu-tools-for-stm32.14.3.rel1.win32_1.0.100.202602081740/tools/bin/../lib/gcc/arm-none-eabi/14.3.1/../../../../arm-none-eabi/lib/thumb/v7e-m+fp/hard\libc_nano.a(libc_a-nano-vfprintf.o)
 .text.__sfputs_r
                0x08028372       0x24 C:/ST/STM32CubeIDE_1.18.0/STM32CubeIDE/plugins/com.st.stm32cube.ide.mcu.externaltools.gnu-tools-for-stm32.14.3.rel1.win32_1.0.100.202602081740/tools/bin/../lib/gcc/arm-none-eabi/14.3.1/../../../../arm-none-eabi/lib/thumb/v7e-m+fp/hard\libc_nano.a(libc_a-nano-vfprintf.o)
                0x08028372                __sfputs_r
 *fill*         0x08028396        0x2 
 .text._vfprintf_r
                0x08028398      0x228 C:/ST/STM32CubeIDE_1.18.0/STM32CubeIDE/plugins/com.st.stm32cube.ide.mcu.externaltools.gnu-tools-for-stm32.14.3.rel1.win32_1.0.100.202602081740/tools/bin/../lib/gcc/arm-none-eabi/14.3.1/../../../../arm-none-eabi/lib/thumb/v7e-m+fp/hard\libc_nano.a(libc_a-nano-vfprintf.o)
                0x08028398                _vfprintf_r
                0x08028398                _vfiprintf_r
 .text._printf_common
                0x080285c0       0xda C:/ST/STM32CubeIDE_1.18.0/STM32CubeIDE/plugins/com.st.stm32cube.ide.mcu.externaltools.gnu-tools-for-stm32.14.3.rel1.win32_1.0.100.202602081740/tools/bin/../lib/gcc/arm-none-eabi/14.3.1/../../../../arm-none-eabi/lib/thumb/v7e-m+fp/hard\libc_nano.a(libc_a-nano-vfprintf_i.o)
                0x080285c0                _printf_common
 *fill*         0x0802869a        0x2 
 .text._printf_i
                0x0802869c      0x24c C:/ST/STM32CubeIDE_1.18.0/STM32CubeIDE/plugins/com.st.stm32cube.ide.mcu.externaltools.gnu-tools-for-stm32.14.3.rel1.win32_1.0.100.202602081740/tools/bin/../lib/gcc/arm-none-eabi/14.3.1/../../../../arm-none-eabi/lib/thumb/v7e-m+fp/hard\libc_nano.a(libc_a-nano-vfprintf_i.o)
                0x0802869c                _printf_i
 .text.__sflush_r
                0x080288e8      0x104 C:/ST/STM32CubeIDE_1.18.0/STM32CubeIDE/plugins/com.st.stm32cube.ide.mcu.externaltools.gnu-tools-for-stm32.14.3.rel1.win32_1.0.100.202602081740/tools/bin/../lib/gcc/arm-none-eabi/14.3.1/../../../../arm-none-eabi/lib/thumb/v7e-m+fp/hard\libc_nano.a(libc_a-fflush.o)
                0x080288e8                __sflush_r
 .text._fflush_r
                0x080289ec       0x50 C:/ST/STM32CubeIDE_1.18.0/STM32CubeIDE/plugins/com.st.stm32cube.ide.mcu.externaltools.gnu-tools-for-stm32.14.3.rel1.win32_1.0.100.202602081740/tools/bin/../lib/gcc/arm-none-eabi/14.3.1/../../../../arm-none-eabi/lib/thumb/v7e-m+fp/hard\libc_nano.a(libc_a-fflush.o)
                0x080289ec                _fflush_r
 .text.__swhatbuf_r
                0x08028a3c       0x48 C:/ST/STM32CubeIDE_1.18.0/STM32CubeIDE/plugins/com.st.stm32cube.ide.mcu.externaltools.gnu-tools-for-stm32.14.3.rel1.win32_1.0.100.202602081740/tools/bin/../lib/gcc/arm-none-eabi/14.3.1/../../../../arm-none-eabi/lib/thumb/v7e-m+fp/hard\libc_nano.a(libc_a-makebuf.o)
                0x08028a3c                __swhatbuf_r
 .text.__smakebuf_r
                0x08028a84       0x72 C:/ST/STM32CubeIDE_1.18.0/STM32CubeIDE/plugins/com.st.stm32cube.ide.mcu.externaltools.gnu-tools-for-stm32.14.3.rel1.win32_1.0.100.202602081740/tools/bin/../lib/gcc/arm-none-eabi/14.3.1/../../../../arm-none-eabi/lib/thumb/v7e-m+fp/hard\libc_nano.a(libc_a-makebuf.o)
                0x08028a84                __smakebuf_r
 .text.memmove  0x08028af6       0x32 C:/ST/STM32CubeIDE_1.18.0/STM32CubeIDE/plugins/com.st.stm32cube.ide.mcu.externaltools.gnu-tools-for-stm32.14.3.rel1.win32_1.0.100.202602081740/tools/bin/../lib/gcc/arm-none-eabi/14.3.1/../../../../arm-none-eabi/lib/thumb/v7e-m+fp/hard\libc_nano.a(libc_a-memmove.o)
                0x08028af6                memmove
 .text._fstat_r
                0x08028b28       0x24 C:/ST/STM32CubeIDE_1.18.0/STM32CubeIDE/plugins/com.st.stm32cube.ide.mcu.externaltools.gnu-tools-for-stm32.14.3.rel1.win32_1.0.100.202602081740/tools/bin/../lib/gcc/arm-none-eabi/14.3.1/../../../../arm-none-eabi/lib/thumb/v7e-m+fp/hard\libc_nano.a(libc_a-fstatr.o)
                0x08028b28                _fstat_r
 .text._isatty_r
                0x08028b4c       0x20 C:/ST/STM32CubeIDE_1.18.0/STM32CubeIDE/plugins/com.st.stm32cube.ide.mcu.externaltools.gnu-tools-for-stm32.14.3.rel1.win32_1.0.100.202602081740/tools/bin/../lib/gcc/arm-none-eabi/14.3.1/../../../../arm-none-eabi/lib/thumb/v7e-m+fp/hard\libc_nano.a(libc_a-isattyr.o)
                0x08028b4c                _isatty_r
 .text._sbrk_r  0x08028b6c       0x20 C:/ST/STM32CubeIDE_1.18.0/STM32CubeIDE/plugins/com.st.stm32cube.ide.mcu.externaltools.gnu-tools-for-stm32.14.3.rel1.win32_1.0.100.202602081740/tools/bin/../lib/gcc/arm-none-eabi/14.3.1/../../../../arm-none-eabi/lib/thumb/v7e-m+fp/hard\libc_nano.a(libc_a-sbrkr.o)
                0x08028b6c                _sbrk_r
 .text._realloc_r
                0x08028b8c       0x5c C:/ST/STM32CubeIDE_1.18.0/STM32CubeIDE/plugins/com.st.stm32cube.ide.mcu.externaltools.gnu-tools-for-stm32.14.3.rel1.win32_1.0.100.202602081740/tools/bin/../lib/gcc/arm-none-eabi/14.3.1/../../../../arm-none-eabi/lib/thumb/v7e-m+fp/hard\libc_nano.a(libc_a-reallocr.o)
                0x08028b8c                _realloc_r
 .text._malloc_usable_size_r
                0x08028be8       0x10 C:/ST/STM32CubeIDE_1.18.0/STM32CubeIDE/plugins/com.st.stm32cube.ide.mcu.externaltools.gnu-tools-for-stm32.14.3.rel1.win32_1.0.100.202602081740/tools/bin/../lib/gcc/arm-none-eabi/14.3.1/../../../../arm-none-eabi/lib/thumb/v7e-m+fp/hard\libc_nano.a(libc_a-msizer.o)
                0x08028be8                _malloc_usable_size_r
 .text.sqrtf    0x08028bf8       0x44 C:/ST/STM32CubeIDE_1.18.0/STM32CubeIDE/plugins/com.st.stm32cube.ide.mcu.externaltools.gnu-tools-for-stm32.14.3.rel1.win32_1.0.100.202602081740/tools/bin/../lib/gcc/arm-none-eabi/14.3.1/../../../../arm-none-eabi/lib/thumb/v7e-m+fp/hard\libm.a(libm_a-wf_sqrt.o)
                0x08028bf8                sqrtf
 .text.__ieee754_sqrtf
                0x08028c3c        0x8 C:/ST/STM32CubeIDE_1.18.0/STM32CubeIDE/plugins/com.st.stm32cube.ide.mcu.externaltools.gnu-tools-for-stm32.14.3.rel1.win32_1.0.100.202602081740/tools/bin/../lib/gcc/arm-none-eabi/14.3.1/../../../../arm-none-eabi/lib/thumb/v7e-m+fp/hard\libm.a(libm_a-ef_sqrt.o)
                0x08028c3c                __ieee754_sqrtf
 *(.glue_7)
 .glue_7        0x08028c44        0x0 linker stubs
 *(.glue_7t)
 .glue_7t       0x08028c44        0x0 linker stubs
 *(.eh_frame)
 .eh_frame      0x08028c44        0x0 C:/ST/STM32CubeIDE_1.18.0/STM32CubeIDE/plugins/com.st.stm32cube.ide.mcu.externaltools.gnu-tools-for-stm32.14.3.rel1.win32_1.0.100.202602081740/tools/bin/../lib/gcc/arm-none-eabi/14.3.1/thumb/v7e-m+fp/hard/crtbegin.o
 *(.init)
 .init          0x08028c44        0x4 C:/ST/STM32CubeIDE_1.18.0/STM32CubeIDE/plugins/com.st.stm32cube.ide.mcu.externaltools.gnu-tools-for-stm32.14.3.rel1.win32_1.0.100.202602081740/tools/bin/../lib/gcc/arm-none-eabi/14.3.1/thumb/v7e-m+fp/hard/crti.o
                0x08028c44                _init
 .init          0x08028c48        0x8 C:/ST/STM32CubeIDE_1.18.0/STM32CubeIDE/plugins/com.st.stm32cube.ide.mcu.externaltools.gnu-tools-for-stm32.14.3.rel1.win32_1.0.100.202602081740/tools/bin/../lib/gcc/arm-none-eabi/14.3.1/thumb/v7e-m+fp/hard/crtn.o
 *(.fini)
 .fini          0x08028c50        0x4 C:/ST/STM32CubeIDE_1.18.0/STM32CubeIDE/plugins/com.st.stm32cube.ide.mcu.externaltools.gnu-tools-for-stm32.14.3.rel1.win32_1.0.100.202602081740/tools/bin/../lib/gcc/arm-none-eabi/14.3.1/thumb/v7e-m+fp/hard/crti.o
                0x08028c50                _fini
 .fini          0x08028c54        0x8 C:/ST/STM32CubeIDE_1.18.0/STM32CubeIDE/plugins/com.st.stm32cube.ide.mcu.externaltools.gnu-tools-for-stm32.14.3.rel1.win32_1.0.100.202602081740/tools/bin/../lib/gcc/arm-none-eabi/14.3.1/thumb/v7e-m+fp/hard/crtn.o
                0x08028c5c                        . = ALIGN (0x4)
                0x08028c5c                        _etext = .

.vfp11_veneer   0x08028c5c        0x0
 .vfp11_veneer  0x08028c5c        0x0 linker stubs

.v4_bx          0x08028c5c        0x0
 .v4_bx         0x08028c5c        0x0 linker stubs

.iplt           0x08028c5c        0x0
 .iplt          0x08028c5c        0x0 C:/ST/STM32CubeIDE_1.18.0/STM32CubeIDE/plugins/com.st.stm32cube.ide.mcu.externaltools.gnu-tools-for-stm32.14.3.rel1.win32_1.0.100.202602081740/tools/bin/../lib/gcc/arm-none-eabi/14.3.1/thumb/v7e-m+fp/hard/crtbegin.o

.rodata         0x08028c5c    0x13b7c
                0x08028c5c                        . = ALIGN (0x4)
 *(.rodata)
 *(.rodata*)
 .rodata.StartSensorTask.str1.1
                0x08028c5c      0x643 ./Core/Src/main.o
                                0x17d (size before relaxing)
 .rodata.StartDSPTask.str1.1
                0x0802929f       0x3d ./Core/Src/main.o
 .rodata.StartTelemetryTask.str1.1
                0x0802929f      0x1bc ./Core/Src/main.o
 .rodata.vApplicationStackOverflowHook.str1.1
                0x0802929f       0x66 ./Core/Src/main.o
 .rodata.Error_Handler.str1.1
                0x0802929f       0x49 ./Core/Src/main.o
 .rodata.main.str1.1
                0x0802929f       0x8a ./Core/Src/main.o
 .rodata.HardFault_Handler_C.str1.1
                0x0802929f       0x6e ./Core/Src/main.o
 .rodata.str1.1
                0x0802929f       0x4a ./Core/Src/main.o
 *fill*         0x0802929f        0x1 
 .rodata.i2cMutex_attributes
                0x080292a0       0x10 ./Core/Src/main.o
                0x080292a0                i2cMutex_attributes
 .rodata.printMutex_attributes
                0x080292b0       0x10 ./Core/Src/main.o
                0x080292b0                printMutex_attributes
 .rodata.imuQueue_attributes
                0x080292c0       0x18 ./Core/Src/main.o
                0x080292c0                imuQueue_attributes
 .rodata.TelemetryTask_attributes
                0x080292d8       0x24 ./Core/Src/main.o
                0x080292d8                TelemetryTask_attributes
 .rodata.DSPTask_attributes
                0x080292fc       0x24 ./Core/Src/main.o
                0x080292fc                DSPTask_attributes
 .rodata.SensorTask_attributes
                0x08029320       0x24 ./Core/Src/main.o
                0x08029320                SensorTask_attributes
 .rodata.defaultTask_attributes
                0x08029344       0x24 ./Core/Src/main.o
                0x08029344                defaultTask_attributes
 .rodata.APBPrescTable
                0x08029368        0x8 ./Core/Src/system_stm32f7xx.o
                0x08029368                APBPrescTable
 .rodata.AHBPrescTable
                0x08029370       0x10 ./Core/Src/system_stm32f7xx.o
                0x08029370                AHBPrescTable
 .rodata.ota_confirm_update.str1.1
                0x08029380       0xaf ./Core/Src/ota/ota_metadata.o
 .rodata.vTaskStartScheduler.str1.1
                0x08029380        0x5 ./Middlewares/Third_Party/FreeRTOS/Source/tasks.o
 .rodata.prvCheckForValidListAndQueue.str1.1
                0x08029380        0x5 ./Middlewares/Third_Party/FreeRTOS/Source/timers.o
 .rodata.xTimerCreateTimerTask.str1.1
                0x08029380        0x8 ./Middlewares/Third_Party/FreeRTOS/Source/timers.o
 .rodata.twiddleCoef_2048
                0x08029380     0x4000 ../Drivers/CMSIS/Lib/GCC\libarm_cortexM7lfsp_math.a(arm_common_tables.o)
                0x08029380                twiddleCoef_2048
 .rodata.twiddleCoef_rfft_64
                0x0802d380      0x100 ../Drivers/CMSIS/Lib/GCC\libarm_cortexM7lfsp_math.a(arm_common_tables.o)
                0x0802d380                twiddleCoef_rfft_64
 .rodata.armBitRevIndexTable64
                0x0802d480       0x70 ../Drivers/CMSIS/Lib/GCC\libarm_cortexM7lfsp_math.a(arm_common_tables.o)
                0x0802d480                armBitRevIndexTable64
 .rodata.twiddleCoef_rfft_2048
                0x0802d4f0     0x2000 ../Drivers/CMSIS/Lib/GCC\libarm_cortexM7lfsp_math.a(arm_common_tables.o)
                0x0802d4f0                twiddleCoef_rfft_2048
 .rodata.twiddleCoef_rfft_4096
                0x0802f4f0     0x4000 ../Drivers/CMSIS/Lib/GCC\libarm_cortexM7lfsp_math.a(arm_common_tables.o)
                0x0802f4f0                twiddleCoef_rfft_4096
 .rodata.twiddleCoef_256
                0x080334f0      0x800 ../Drivers/CMSIS/Lib/GCC\libarm_cortexM7lfsp_math.a(arm_common_tables.o)
                0x080334f0                twiddleCoef_256
 .rodata.twiddleCoef_16
                0x08033cf0       0x80 ../Drivers/CMSIS/Lib/GCC\libarm_cortexM7lfsp_math.a(arm_common_tables.o)
                0x08033cf0                twiddleCoef_16
 .rodata.twiddleCoef_1024
                0x08033d70     0x2000 ../Drivers/CMSIS/Lib/GCC\libarm_cortexM7lfsp_math.a(arm_common_tables.o)
                0x08033d70                twiddleCoef_1024
 .rodata.twiddleCoef_32
                0x08035d70      0x100 ../Drivers/CMSIS/Lib/GCC\libarm_cortexM7lfsp_math.a(arm_common_tables.o)
                0x08035d70                twiddleCoef_32
 .rodata.armBitRevIndexTable1024
                0x08035e70      0xe10 ../Drivers/CMSIS/Lib/GCC\libarm_cortexM7lfsp_math.a(arm_common_tables.o)
                0x08035e70                armBitRevIndexTable1024
 .rodata.armBitRevIndexTable16
                0x08036c80       0x28 ../Drivers/CMSIS/Lib/GCC\libarm_cortexM7lfsp_math.a(arm_common_tables.o)
                0x08036c80                armBitRevIndexTable16
 .rodata.twiddleCoef_rfft_32
                0x08036ca8       0x80 ../Drivers/CMSIS/Lib/GCC\libarm_cortexM7lfsp_math.a(arm_common_tables.o)
                0x08036ca8                twiddleCoef_rfft_32
 .rodata.armBitRevIndexTable32
                0x08036d28       0x60 ../Drivers/CMSIS/Lib/GCC\libarm_cortexM7lfsp_math.a(arm_common_tables.o)
                0x08036d28                armBitRevIndexTable32
 .rodata.twiddleCoef_128
                0x08036d88      0x400 ../Drivers/CMSIS/Lib/GCC\libarm_cortexM7lfsp_math.a(arm_common_tables.o)
                0x08036d88                twiddleCoef_128
 .rodata.twiddleCoef_512
                0x08037188     0x1000 ../Drivers/CMSIS/Lib/GCC\libarm_cortexM7lfsp_math.a(arm_common_tables.o)
                0x08037188                twiddleCoef_512
 .rodata.armBitRevIndexTable2048
                0x08038188     0x1dc0 ../Drivers/CMSIS/Lib/GCC\libarm_cortexM7lfsp_math.a(arm_common_tables.o)
                0x08038188                armBitRevIndexTable2048
 .rodata.twiddleCoef_64
                0x08039f48      0x200 ../Drivers/CMSIS/Lib/GCC\libarm_cortexM7lfsp_math.a(arm_common_tables.o)
                0x08039f48                twiddleCoef_64
 .rodata.twiddleCoef_rfft_512
                0x0803a148      0x800 ../Drivers/CMSIS/Lib/GCC\libarm_cortexM7lfsp_math.a(arm_common_tables.o)
                0x0803a148                twiddleCoef_rfft_512
 .rodata.armBitRevIndexTable512
                0x0803a948      0x380 ../Drivers/CMSIS/Lib/GCC\libarm_cortexM7lfsp_math.a(arm_common_tables.o)
                0x0803a948                armBitRevIndexTable512
 .rodata.twiddleCoef_rfft_1024
                0x0803acc8     0x1000 ../Drivers/CMSIS/Lib/GCC\libarm_cortexM7lfsp_math.a(arm_common_tables.o)
                0x0803acc8                twiddleCoef_rfft_1024
 .rodata.twiddleCoef_rfft_256
                0x0803bcc8      0x400 ../Drivers/CMSIS/Lib/GCC\libarm_cortexM7lfsp_math.a(arm_common_tables.o)
                0x0803bcc8                twiddleCoef_rfft_256
 .rodata.armBitRevIndexTable256
                0x0803c0c8      0x370 ../Drivers/CMSIS/Lib/GCC\libarm_cortexM7lfsp_math.a(arm_common_tables.o)
                0x0803c0c8                armBitRevIndexTable256
 .rodata.twiddleCoef_rfft_128
                0x0803c438      0x200 ../Drivers/CMSIS/Lib/GCC\libarm_cortexM7lfsp_math.a(arm_common_tables.o)
                0x0803c438                twiddleCoef_rfft_128
 .rodata.armBitRevIndexTable128
                0x0803c638      0x1a0 ../Drivers/CMSIS/Lib/GCC\libarm_cortexM7lfsp_math.a(arm_common_tables.o)
                0x0803c638                armBitRevIndexTable128
 .rodata._svfprintf_r.str1.1
                0x0803c7d8       0x11 C:/ST/STM32CubeIDE_1.18.0/STM32CubeIDE/plugins/com.st.stm32cube.ide.mcu.externaltools.gnu-tools-for-stm32.14.3.rel1.win32_1.0.100.202602081740/tools/bin/../lib/gcc/arm-none-eabi/14.3.1/../../../../arm-none-eabi/lib/thumb/v7e-m+fp/hard\libc_nano.a(libc_a-nano-svfprintf.o)
 .rodata._vfprintf_r.str1.1
                0x0803c7d8       0x11 C:/ST/STM32CubeIDE_1.18.0/STM32CubeIDE/plugins/com.st.stm32cube.ide.mcu.externaltools.gnu-tools-for-stm32.14.3.rel1.win32_1.0.100.202602081740/tools/bin/../lib/gcc/arm-none-eabi/14.3.1/../../../../arm-none-eabi/lib/thumb/v7e-m+fp/hard\libc_nano.a(libc_a-nano-vfprintf.o)
 .rodata._printf_i.str1.1
                0x0803c7d8       0x22 C:/ST/STM32CubeIDE_1.18.0/STM32CubeIDE/plugins/com.st.stm32cube.ide.mcu.externaltools.gnu-tools-for-stm32.14.3.rel1.win32_1.0.100.202602081740/tools/bin/../lib/gcc/arm-none-eabi/14.3.1/../../../../arm-none-eabi/lib/thumb/v7e-m+fp/hard\libc_nano.a(libc_a-nano-vfprintf_i.o)
                0x0803c7fc                        . = ALIGN (0x4)

.ARM.extab      0x0803c7d8        0x0
                0x0803c7d8                        . = ALIGN (0x4)
 *(.ARM.extab* .gnu.linkonce.armextab.*)
                0x0803c7d8                        . = ALIGN (0x4)

.ARM            0x0803c7d8        0x8
                0x0803c7d8                        . = ALIGN (0x4)
                0x0803c7d8                        __exidx_start = .
 *(.ARM.exidx*)
 .ARM.exidx     0x0803c7d8        0x8 C:/ST/STM32CubeIDE_1.18.0/STM32CubeIDE/plugins/com.st.stm32cube.ide.mcu.externaltools.gnu-tools-for-stm32.14.3.rel1.win32_1.0.100.202602081740/tools/bin/../lib/gcc/arm-none-eabi/14.3.1/../../../../arm-none-eabi/lib/thumb/v7e-m+fp/hard\libc_nano.a(libc_a-strlen.o)
 .ARM.exidx     0x0803c7e0        0x0 C:/ST/STM32CubeIDE_1.18.0/STM32CubeIDE/plugins/com.st.stm32cube.ide.mcu.externaltools.gnu-tools-for-stm32.14.3.rel1.win32_1.0.100.202602081740/tools/bin/../lib/gcc/arm-none-eabi/14.3.1/../../../../arm-none-eabi/lib/thumb/v7e-m+fp/hard\libc_nano.a(libc_a-memchr.o)
                                  0x8 (size before relaxing)
 .ARM.exidx     0x0803c7e0        0x0 C:/ST/STM32CubeIDE_1.18.0/STM32CubeIDE/plugins/com.st.stm32cube.ide.mcu.externaltools.gnu-tools-for-stm32.14.3.rel1.win32_1.0.100.202602081740/tools/bin/../lib/gcc/arm-none-eabi/14.3.1/thumb/v7e-m+fp/hard\libgcc.a(_udivmoddi4.o)
                                  0x8 (size before relaxing)
                0x0803c7e0                        __exidx_end = .
                0x0803c7e0                        . = ALIGN (0x4)

.rel.dyn        0x0803c7e0        0x0
 .rel.iplt      0x0803c7e0        0x0 C:/ST/STM32CubeIDE_1.18.0/STM32CubeIDE/plugins/com.st.stm32cube.ide.mcu.externaltools.gnu-tools-for-stm32.14.3.rel1.win32_1.0.100.202602081740/tools/bin/../lib/gcc/arm-none-eabi/14.3.1/thumb/v7e-m+fp/hard/crtbegin.o

.preinit_array  0x0803c7e0        0x0
                0x0803c7e0                        . = ALIGN (0x4)
                0x0803c7e0                        PROVIDE (__preinit_array_start = .)
 *(.preinit_array*)
                0x0803c7e0                        PROVIDE (__preinit_array_end = .)
                0x0803c7e0                        . = ALIGN (0x4)

.init_array     0x0803c7e0        0x4
                0x0803c7e0                        . = ALIGN (0x4)
                0x0803c7e0                        PROVIDE (__init_array_start = .)
 *(SORT_BY_NAME(.init_array.*))
 *(.init_array*)
 .init_array    0x0803c7e0        0x4 C:/ST/STM32CubeIDE_1.18.0/STM32CubeIDE/plugins/com.st.stm32cube.ide.mcu.externaltools.gnu-tools-for-stm32.14.3.rel1.win32_1.0.100.202602081740/tools/bin/../lib/gcc/arm-none-eabi/14.3.1/thumb/v7e-m+fp/hard/crtbegin.o
                0x0803c7e4                        PROVIDE (__init_array_end = .)
                0x0803c7e4                        . = ALIGN (0x4)

.fini_array     0x0803c7e4        0x4
                0x0803c7e4                        . = ALIGN (0x4)
                [!provide]                        PROVIDE (__fini_array_start = .)
 *(SORT_BY_NAME(.fini_array.*))
 *(.fini_array*)
 .fini_array    0x0803c7e4        0x4 C:/ST/STM32CubeIDE_1.18.0/STM32CubeIDE/plugins/com.st.stm32cube.ide.mcu.externaltools.gnu-tools-for-stm32.14.3.rel1.win32_1.0.100.202602081740/tools/bin/../lib/gcc/arm-none-eabi/14.3.1/thumb/v7e-m+fp/hard/crtbegin.o
                [!provide]                        PROVIDE (__fini_array_end = .)
                0x0803c7e8                        . = ALIGN (0x4)
                0x0803c7e8                        _sidata = LOADADDR (.data)

.data           0x20000000       0x94 load address 0x0803c7e8
                0x20000000                        . = ALIGN (0x4)
                0x20000000                        _sdata = .
 *(.data)
 *(.data*)
 .data.g_dsp_threshold
                0x20000000        0x4 ./Core/Src/main.o
                0x20000000                g_dsp_threshold
 .data.g_reset_reason
                0x20000004       0x20 ./Core/Src/main.o
                0x20000004                g_reset_reason
 .data.mpu6050_i2c_addr
                0x20000024        0x2 ./Core/Src/mpu6050.o
                0x20000024                mpu6050_i2c_addr
 *fill*         0x20000026        0x2 
 .data.SystemCoreClock
                0x20000028        0x4 ./Core/Src/system_stm32f7xx.o
                0x20000028                SystemCoreClock
 .data.uwTickFreq
                0x2000002c        0x1 ./Drivers/STM32F7xx_HAL_Driver/Src/stm32f7xx_hal.o
                0x2000002c                uwTickFreq
 *fill*         0x2000002d        0x3 
 .data.uwTickPrio
                0x20000030        0x4 ./Drivers/STM32F7xx_HAL_Driver/Src/stm32f7xx_hal.o
                0x20000030                uwTickPrio
 .data.uxCriticalNesting
                0x20000034        0x4 ./Middlewares/Third_Party/FreeRTOS/Source/portable/GCC/ARM_CM7/r0p1/port.o
 .data.__sglue  0x20000038        0xc C:/ST/STM32CubeIDE_1.18.0/STM32CubeIDE/plugins/com.st.stm32cube.ide.mcu.externaltools.gnu-tools-for-stm32.14.3.rel1.win32_1.0.100.202602081740/tools/bin/../lib/gcc/arm-none-eabi/14.3.1/../../../../arm-none-eabi/lib/thumb/v7e-m+fp/hard\libc_nano.a(libc_a-findfp.o)
                0x20000038                __sglue
 .data._impure_ptr
                0x20000044        0x4 C:/ST/STM32CubeIDE_1.18.0/STM32CubeIDE/plugins/com.st.stm32cube.ide.mcu.externaltools.gnu-tools-for-stm32.14.3.rel1.win32_1.0.100.202602081740/tools/bin/../lib/gcc/arm-none-eabi/14.3.1/../../../../arm-none-eabi/lib/thumb/v7e-m+fp/hard\libc_nano.a(libc_a-impure.o)
                0x20000044                _impure_ptr
 .data._impure_data
                0x20000048       0x4c C:/ST/STM32CubeIDE_1.18.0/STM32CubeIDE/plugins/com.st.stm32cube.ide.mcu.externaltools.gnu-tools-for-stm32.14.3.rel1.win32_1.0.100.202602081740/tools/bin/../lib/gcc/arm-none-eabi/14.3.1/../../../../arm-none-eabi/lib/thumb/v7e-m+fp/hard\libc_nano.a(libc_a-impure.o)
                0x20000048                _impure_data
 *(.RamFunc)
 *(.RamFunc*)
                0x20000094                        . = ALIGN (0x4)
                0x20000094                        _edata = .

.igot.plt       0x20000094        0x0 load address 0x0803c87c
 .igot.plt      0x20000094        0x0 C:/ST/STM32CubeIDE_1.18.0/STM32CubeIDE/plugins/com.st.stm32cube.ide.mcu.externaltools.gnu-tools-for-stm32.14.3.rel1.win32_1.0.100.202602081740/tools/bin/../lib/gcc/arm-none-eabi/14.3.1/thumb/v7e-m+fp/hard/crtbegin.o

.bss            0x20000094     0x5ac0 load address 0x0803c87c
                0x20000094                        _sbss = .
                0x20000094                        __bss_start__ = _sbss
 *(.bss)
 .bss           0x20000094       0x1c C:/ST/STM32CubeIDE_1.18.0/STM32CubeIDE/plugins/com.st.stm32cube.ide.mcu.externaltools.gnu-tools-for-stm32.14.3.rel1.win32_1.0.100.202602081740/tools/bin/../lib/gcc/arm-none-eabi/14.3.1/thumb/v7e-m+fp/hard/crtbegin.o
 *(.bss*)
 .bss.fftOutput.0
                0x200000b0      0x400 ./Core/Src/main.o
 .bss.fftInput.1
                0x200004b0      0x400 ./Core/Src/main.o
 .bss.i2cMutexHandle
                0x200008b0        0x4 ./Core/Src/main.o
                0x200008b0                i2cMutexHandle
 .bss.printMutexHandle
                0x200008b4        0x4 ./Core/Src/main.o
                0x200008b4                printMutexHandle
 .bss.imuQueueHandle
                0x200008b8        0x4 ./Core/Src/main.o
                0x200008b8                imuQueueHandle
 .bss.TelemetryTaskHandle
                0x200008bc        0x4 ./Core/Src/main.o
                0x200008bc                TelemetryTaskHandle
 .bss.DSPTaskHandle
                0x200008c0        0x4 ./Core/Src/main.o
                0x200008c0                DSPTaskHandle
 .bss.SensorTaskHandle
                0x200008c4        0x4 ./Core/Src/main.o
                0x200008c4                SensorTaskHandle
 .bss.defaultTaskHandle
                0x200008c8        0x4 ./Core/Src/main.o
                0x200008c8                defaultTaskHandle
 .bss.hpcd_USB_OTG_FS
                0x200008cc      0x4e0 ./Core/Src/main.o
                0x200008cc                hpcd_USB_OTG_FS
 .bss.huart6    0x20000dac       0x88 ./Core/Src/main.o
                0x20000dac                huart6
 .bss.huart3    0x20000e34       0x88 ./Core/Src/main.o
                0x20000e34                huart3
 .bss.huart2    0x20000ebc       0x88 ./Core/Src/main.o
                0x20000ebc                huart2
 .bss.hi2c1     0x20000f44       0x54 ./Core/Src/main.o
                0x20000f44                hi2c1
 .bss.g_dsp_param_version
                0x20000f98        0x4 ./Core/Src/main.o
                0x20000f98                g_dsp_param_version
 .bss.g_telemetry
                0x20000f9c       0x20 ./Core/Src/main.o
                0x20000f9c                g_telemetry
 .bss.htim6     0x20000fbc       0x4c ./Core/Src/stm32f7xx_hal_timebase_tim.o
                0x20000fbc                htim6
 .bss.__sbrk_heap_end
                0x20001008        0x4 ./Core/Src/sysmem.o
 .bss.uwTick    0x2000100c        0x4 ./Drivers/STM32F7xx_HAL_Driver/Src/stm32f7xx_hal.o
                0x2000100c                uwTick
 .bss.pFlash    0x20001010       0x1c ./Drivers/STM32F7xx_HAL_Driver/Src/stm32f7xx_hal_flash.o
                0x20001010                pFlash
 .bss.Timer_Stack
                0x2000102c      0x400 ./Middlewares/Third_Party/FreeRTOS/Source/CMSIS_RTOS_V2/cmsis_os2.o
 .bss.Timer_TCB
                0x2000142c       0xa8 ./Middlewares/Third_Party/FreeRTOS/Source/CMSIS_RTOS_V2/cmsis_os2.o
 .bss.Idle_Stack
                0x200014d4      0x200 ./Middlewares/Third_Party/FreeRTOS/Source/CMSIS_RTOS_V2/cmsis_os2.o
 .bss.Idle_TCB  0x200016d4       0xa8 ./Middlewares/Third_Party/FreeRTOS/Source/CMSIS_RTOS_V2/cmsis_os2.o
 .bss.KernelState
                0x2000177c        0x4 ./Middlewares/Third_Party/FreeRTOS/Source/CMSIS_RTOS_V2/cmsis_os2.o
 .bss.xQueueRegistry
                0x20001780       0x40 ./Middlewares/Third_Party/FreeRTOS/Source/queue.o
                0x20001780                xQueueRegistry
 .bss.uxSchedulerSuspended
                0x200017c0        0x4 ./Middlewares/Third_Party/FreeRTOS/Source/tasks.o
 .bss.xNextTaskUnblockTime
                0x200017c4        0x4 ./Middlewares/Third_Party/FreeRTOS/Source/tasks.o
 .bss.uxTaskNumber
                0x200017c8        0x4 ./Middlewares/Third_Party/FreeRTOS/Source/tasks.o
 .bss.xNumOfOverflows
                0x200017cc        0x4 ./Middlewares/Third_Party/FreeRTOS/Source/tasks.o
 .bss.xYieldPending
                0x200017d0        0x4 ./Middlewares/Third_Party/FreeRTOS/Source/tasks.o
 .bss.uxPendedTicks
                0x200017d4        0x4 ./Middlewares/Third_Party/FreeRTOS/Source/tasks.o
 .bss.xSchedulerRunning
                0x200017d8        0x4 ./Middlewares/Third_Party/FreeRTOS/Source/tasks.o
 .bss.uxTopReadyPriority
                0x200017dc        0x4 ./Middlewares/Third_Party/FreeRTOS/Source/tasks.o
 .bss.xTickCount
                0x200017e0        0x4 ./Middlewares/Third_Party/FreeRTOS/Source/tasks.o
 .bss.uxCurrentNumberOfTasks
                0x200017e4        0x4 ./Middlewares/Third_Party/FreeRTOS/Source/tasks.o
 .bss.xSuspendedTaskList
                0x200017e8       0x14 ./Middlewares/Third_Party/FreeRTOS/Source/tasks.o
 .bss.uxDeletedTasksWaitingCleanUp
                0x200017fc        0x4 ./Middlewares/Third_Party/FreeRTOS/Source/tasks.o
 .bss.xTasksWaitingTermination
                0x20001800       0x14 ./Middlewares/Third_Party/FreeRTOS/Source/tasks.o
 .bss.xPendingReadyList
                0x20001814       0x14 ./Middlewares/Third_Party/FreeRTOS/Source/tasks.o
 .bss.pxOverflowDelayedTaskList
                0x20001828        0x4 ./Middlewares/Third_Party/FreeRTOS/Source/tasks.o
 .bss.pxDelayedTaskList
                0x2000182c        0x4 ./Middlewares/Third_Party/FreeRTOS/Source/tasks.o
 .bss.xDelayedTaskList2
                0x20001830       0x14 ./Middlewares/Third_Party/FreeRTOS/Source/tasks.o
 .bss.xDelayedTaskList1
                0x20001844       0x14 ./Middlewares/Third_Party/FreeRTOS/Source/tasks.o
 .bss.pxReadyTasksLists
                0x20001858      0x460 ./Middlewares/Third_Party/FreeRTOS/Source/tasks.o
 .bss.pxCurrentTCB
                0x20001cb8        0x4 ./Middlewares/Third_Party/FreeRTOS/Source/tasks.o
                0x20001cb8                pxCurrentTCB
 .bss.xStaticTimerQueue.0
                0x20001cbc       0x50 ./Middlewares/Third_Party/FreeRTOS/Source/timers.o
 .bss.ucStaticTimerQueueStorage.1
                0x20001d0c       0xa0 ./Middlewares/Third_Party/FreeRTOS/Source/timers.o
 .bss.xLastTime.2
                0x20001dac        0x4 ./Middlewares/Third_Party/FreeRTOS/Source/timers.o
 .bss.xTimerTaskHandle
                0x20001db0        0x4 ./Middlewares/Third_Party/FreeRTOS/Source/timers.o
 .bss.xTimerQueue
                0x20001db4        0x4 ./Middlewares/Third_Party/FreeRTOS/Source/timers.o
 .bss.pxOverflowTimerList
                0x20001db8        0x4 ./Middlewares/Third_Party/FreeRTOS/Source/timers.o
 .bss.pxCurrentTimerList