../Core/Src/main.c:801:6:StartDefaultTask	8	static
../Core/Src/main.c:155:6:safe_printf	16	static,ignoring_inline_asm
../Core/Src/main.c:823:6:StartSensorTask	120	static
../Core/Src/main.c:909:6:StartDSPTask	96	static
../Core/Src/main.c:1006:6:StartTelemetryTask	288	static,ignoring_inline_asm
../Core/Src/main.c:181:5:__io_putchar	16	static
../Core/Src/main.c:1089:6:HAL_TIM_PeriodElapsedCallback	0	static
../Core/Src/main.c:1103:6:Error_Handler	8	static
../Core/Src/main.c:660:13:MX_USART3_UART_Init	8	static
../Core/Src/main.c:502:6:SystemClock_Config	88	static
../Core/Src/main.c:192:5:main	112	static,ignoring_inline_asm
../Core/Src/main.c:1125:6:vApplicationStackOverflowHook	8	static
../Core/Src/main.c:1137:6:vApplicationMallocFailedHook	8	static
../Core/Src/main.c:1151:6:HardFault_Handler_C	8	static
../Core/Src/main.c:1163:29:HardFault_Handler	0	static,ignoring_inline_asm
